ARM GAS  C:\Users\sr1\AppData\Local\Temp\ccREjplP.s 			page 1


   1              		.cpu cortex-m4
   2              		.arch armv7e-m
   3              		.fpu fpv4-sp-d16
   4              		.eabi_attribute 27, 1
   5              		.eabi_attribute 28, 1
   6              		.eabi_attribute 20, 1
   7              		.eabi_attribute 21, 1
   8              		.eabi_attribute 23, 3
   9              		.eabi_attribute 24, 1
  10              		.eabi_attribute 25, 1
  11              		.eabi_attribute 26, 1
  12              		.eabi_attribute 30, 1
  13              		.eabi_attribute 34, 1
  14              		.eabi_attribute 18, 4
  15              		.file	"adc.c"
  16              		.text
  17              	.Ltext0:
  18              		.cfi_sections	.debug_frame
  19              		.file 1 "Core/Src/adc.c"
  20              		.section	.text.MX_ADC2_Init,"ax",%progbits
  21              		.align	1
  22              		.global	MX_ADC2_Init
  23              		.syntax unified
  24              		.thumb
  25              		.thumb_func
  27              	MX_ADC2_Init:
  28              	.LFB329:
   1:Core/Src/adc.c **** /* USER CODE BEGIN Header */
   2:Core/Src/adc.c **** /**
   3:Core/Src/adc.c ****   ******************************************************************************
   4:Core/Src/adc.c ****   * @file    adc.c
   5:Core/Src/adc.c ****   * @brief   This file provides code for the configuration
   6:Core/Src/adc.c ****   *          of the ADC instances.
   7:Core/Src/adc.c ****   ******************************************************************************
   8:Core/Src/adc.c ****   * @attention
   9:Core/Src/adc.c ****   *
  10:Core/Src/adc.c ****   * Copyright (c) 2025 STMicroelectronics.
  11:Core/Src/adc.c ****   * All rights reserved.
  12:Core/Src/adc.c ****   *
  13:Core/Src/adc.c ****   * This software is licensed under terms that can be found in the LICENSE file
  14:Core/Src/adc.c ****   * in the root directory of this software component.
  15:Core/Src/adc.c ****   * If no LICENSE file comes with this software, it is provided AS-IS.
  16:Core/Src/adc.c ****   *
  17:Core/Src/adc.c ****   ******************************************************************************
  18:Core/Src/adc.c ****   */
  19:Core/Src/adc.c **** /* USER CODE END Header */
  20:Core/Src/adc.c **** /* Includes ------------------------------------------------------------------*/
  21:Core/Src/adc.c **** #include "adc.h"
  22:Core/Src/adc.c **** 
  23:Core/Src/adc.c **** /* USER CODE BEGIN 0 */
  24:Core/Src/adc.c **** 
  25:Core/Src/adc.c **** /* USER CODE END 0 */
  26:Core/Src/adc.c **** 
  27:Core/Src/adc.c **** ADC_HandleTypeDef hadc2;
  28:Core/Src/adc.c **** 
  29:Core/Src/adc.c **** /* ADC2 init function */
  30:Core/Src/adc.c **** void MX_ADC2_Init(void)
ARM GAS  C:\Users\sr1\AppData\Local\Temp\ccREjplP.s 			page 2


  31:Core/Src/adc.c **** {
  29              		.loc 1 31 1 view -0
  30              		.cfi_startproc
  31              		@ args = 0, pretend = 0, frame = 64
  32              		@ frame_needed = 0, uses_anonymous_args = 0
  33 0000 00B5     		push	{lr}
  34              	.LCFI0:
  35              		.cfi_def_cfa_offset 4
  36              		.cfi_offset 14, -4
  37 0002 91B0     		sub	sp, sp, #68
  38              	.LCFI1:
  39              		.cfi_def_cfa_offset 72
  32:Core/Src/adc.c **** 
  33:Core/Src/adc.c ****   /* USER CODE BEGIN ADC2_Init 0 */
  34:Core/Src/adc.c **** 
  35:Core/Src/adc.c ****   /* USER CODE END ADC2_Init 0 */
  36:Core/Src/adc.c **** 
  37:Core/Src/adc.c ****   ADC_InjectionConfTypeDef sConfigInjected = {0};
  40              		.loc 1 37 3 view .LVU1
  41              		.loc 1 37 28 is_stmt 0 view .LVU2
  42 0004 3C22     		movs	r2, #60
  43 0006 0021     		movs	r1, #0
  44 0008 01A8     		add	r0, sp, #4
  45 000a FFF7FEFF 		bl	memset
  46              	.LVL0:
  38:Core/Src/adc.c **** 
  39:Core/Src/adc.c ****   /* USER CODE BEGIN ADC2_Init 1 */
  40:Core/Src/adc.c **** 
  41:Core/Src/adc.c ****   /* USER CODE END ADC2_Init 1 */
  42:Core/Src/adc.c **** 
  43:Core/Src/adc.c ****   /** Common config
  44:Core/Src/adc.c ****   */
  45:Core/Src/adc.c ****   hadc2.Instance = ADC2;
  47              		.loc 1 45 3 is_stmt 1 view .LVU3
  48              		.loc 1 45 18 is_stmt 0 view .LVU4
  49 000e 2648     		ldr	r0, .L9
  50 0010 264B     		ldr	r3, .L9+4
  51 0012 0360     		str	r3, [r0]
  46:Core/Src/adc.c ****   hadc2.Init.ClockPrescaler = ADC_CLOCK_SYNC_PCLK_DIV4;
  52              		.loc 1 46 3 is_stmt 1 view .LVU5
  53              		.loc 1 46 29 is_stmt 0 view .LVU6
  54 0014 4FF44033 		mov	r3, #196608
  55 0018 4360     		str	r3, [r0, #4]
  47:Core/Src/adc.c ****   hadc2.Init.Resolution = ADC_RESOLUTION_12B;
  56              		.loc 1 47 3 is_stmt 1 view .LVU7
  57              		.loc 1 47 25 is_stmt 0 view .LVU8
  58 001a 0023     		movs	r3, #0
  59 001c 8360     		str	r3, [r0, #8]
  48:Core/Src/adc.c ****   hadc2.Init.DataAlign = ADC_DATAALIGN_RIGHT;
  60              		.loc 1 48 3 is_stmt 1 view .LVU9
  61              		.loc 1 48 24 is_stmt 0 view .LVU10
  62 001e C360     		str	r3, [r0, #12]
  49:Core/Src/adc.c ****   hadc2.Init.GainCompensation = 0;
  63              		.loc 1 49 3 is_stmt 1 view .LVU11
  64              		.loc 1 49 31 is_stmt 0 view .LVU12
  65 0020 0361     		str	r3, [r0, #16]
  50:Core/Src/adc.c ****   hadc2.Init.ScanConvMode = ADC_SCAN_ENABLE;
ARM GAS  C:\Users\sr1\AppData\Local\Temp\ccREjplP.s 			page 3


  66              		.loc 1 50 3 is_stmt 1 view .LVU13
  67              		.loc 1 50 27 is_stmt 0 view .LVU14
  68 0022 0122     		movs	r2, #1
  69 0024 4261     		str	r2, [r0, #20]
  51:Core/Src/adc.c ****   hadc2.Init.EOCSelection = ADC_EOC_SINGLE_CONV;
  70              		.loc 1 51 3 is_stmt 1 view .LVU15
  71              		.loc 1 51 27 is_stmt 0 view .LVU16
  72 0026 0421     		movs	r1, #4
  73 0028 8161     		str	r1, [r0, #24]
  52:Core/Src/adc.c ****   hadc2.Init.LowPowerAutoWait = DISABLE;
  74              		.loc 1 52 3 is_stmt 1 view .LVU17
  75              		.loc 1 52 31 is_stmt 0 view .LVU18
  76 002a 0377     		strb	r3, [r0, #28]
  53:Core/Src/adc.c ****   hadc2.Init.ContinuousConvMode = DISABLE;
  77              		.loc 1 53 3 is_stmt 1 view .LVU19
  78              		.loc 1 53 33 is_stmt 0 view .LVU20
  79 002c 4377     		strb	r3, [r0, #29]
  54:Core/Src/adc.c ****   hadc2.Init.NbrOfConversion = 1;
  80              		.loc 1 54 3 is_stmt 1 view .LVU21
  81              		.loc 1 54 30 is_stmt 0 view .LVU22
  82 002e 0262     		str	r2, [r0, #32]
  55:Core/Src/adc.c ****   hadc2.Init.DiscontinuousConvMode = DISABLE;
  83              		.loc 1 55 3 is_stmt 1 view .LVU23
  84              		.loc 1 55 36 is_stmt 0 view .LVU24
  85 0030 80F82430 		strb	r3, [r0, #36]
  56:Core/Src/adc.c ****   hadc2.Init.DMAContinuousRequests = DISABLE;
  86              		.loc 1 56 3 is_stmt 1 view .LVU25
  87              		.loc 1 56 36 is_stmt 0 view .LVU26
  88 0034 80F83830 		strb	r3, [r0, #56]
  57:Core/Src/adc.c ****   hadc2.Init.Overrun = ADC_OVR_DATA_PRESERVED;
  89              		.loc 1 57 3 is_stmt 1 view .LVU27
  90              		.loc 1 57 22 is_stmt 0 view .LVU28
  91 0038 C363     		str	r3, [r0, #60]
  58:Core/Src/adc.c ****   hadc2.Init.OversamplingMode = DISABLE;
  92              		.loc 1 58 3 is_stmt 1 view .LVU29
  93              		.loc 1 58 31 is_stmt 0 view .LVU30
  94 003a 80F84030 		strb	r3, [r0, #64]
  59:Core/Src/adc.c ****   if (HAL_ADC_Init(&hadc2) != HAL_OK)
  95              		.loc 1 59 3 is_stmt 1 view .LVU31
  96              		.loc 1 59 7 is_stmt 0 view .LVU32
  97 003e FFF7FEFF 		bl	HAL_ADC_Init
  98              	.LVL1:
  99              		.loc 1 59 6 view .LVU33
 100 0042 40BB     		cbnz	r0, .L6
 101              	.L2:
  60:Core/Src/adc.c ****   {
  61:Core/Src/adc.c ****     Error_Handler();
  62:Core/Src/adc.c ****   }
  63:Core/Src/adc.c **** 
  64:Core/Src/adc.c ****   /** Configure Injected Channel
  65:Core/Src/adc.c ****   */
  66:Core/Src/adc.c ****   sConfigInjected.InjectedChannel = ADC_CHANNEL_1;
 102              		.loc 1 66 3 is_stmt 1 view .LVU34
 103              		.loc 1 66 35 is_stmt 0 view .LVU35
 104 0044 1A4B     		ldr	r3, .L9+8
 105 0046 0193     		str	r3, [sp, #4]
  67:Core/Src/adc.c ****   sConfigInjected.InjectedRank = ADC_INJECTED_RANK_1;
ARM GAS  C:\Users\sr1\AppData\Local\Temp\ccREjplP.s 			page 4


 106              		.loc 1 67 3 is_stmt 1 view .LVU36
 107              		.loc 1 67 32 is_stmt 0 view .LVU37
 108 0048 0923     		movs	r3, #9
 109 004a 0293     		str	r3, [sp, #8]
  68:Core/Src/adc.c ****   sConfigInjected.InjectedSamplingTime = ADC_SAMPLETIME_12CYCLES_5;
 110              		.loc 1 68 3 is_stmt 1 view .LVU38
 111              		.loc 1 68 40 is_stmt 0 view .LVU39
 112 004c 0222     		movs	r2, #2
 113 004e 0392     		str	r2, [sp, #12]
  69:Core/Src/adc.c ****   sConfigInjected.InjectedSingleDiff = ADC_SINGLE_ENDED;
 114              		.loc 1 69 3 is_stmt 1 view .LVU40
 115              		.loc 1 69 38 is_stmt 0 view .LVU41
 116 0050 7F23     		movs	r3, #127
 117 0052 0493     		str	r3, [sp, #16]
  70:Core/Src/adc.c ****   sConfigInjected.InjectedOffsetNumber = ADC_OFFSET_NONE;
 118              		.loc 1 70 3 is_stmt 1 view .LVU42
 119              		.loc 1 70 40 is_stmt 0 view .LVU43
 120 0054 0423     		movs	r3, #4
 121 0056 0593     		str	r3, [sp, #20]
  71:Core/Src/adc.c ****   sConfigInjected.InjectedOffset = 0;
 122              		.loc 1 71 3 is_stmt 1 view .LVU44
 123              		.loc 1 71 34 is_stmt 0 view .LVU45
 124 0058 0023     		movs	r3, #0
 125 005a 0693     		str	r3, [sp, #24]
  72:Core/Src/adc.c ****   sConfigInjected.InjectedNbrOfConversion = 2;
 126              		.loc 1 72 3 is_stmt 1 view .LVU46
 127              		.loc 1 72 43 is_stmt 0 view .LVU47
 128 005c 0992     		str	r2, [sp, #36]
  73:Core/Src/adc.c ****   sConfigInjected.InjectedDiscontinuousConvMode = DISABLE;
 129              		.loc 1 73 3 is_stmt 1 view .LVU48
 130              		.loc 1 73 49 is_stmt 0 view .LVU49
 131 005e 8DF82830 		strb	r3, [sp, #40]
  74:Core/Src/adc.c ****   sConfigInjected.AutoInjectedConv = DISABLE;
 132              		.loc 1 74 3 is_stmt 1 view .LVU50
 133              		.loc 1 74 36 is_stmt 0 view .LVU51
 134 0062 8DF82930 		strb	r3, [sp, #41]
  75:Core/Src/adc.c ****   sConfigInjected.QueueInjectedContext = DISABLE;
 135              		.loc 1 75 3 is_stmt 1 view .LVU52
 136              		.loc 1 75 40 is_stmt 0 view .LVU53
 137 0066 8DF82A30 		strb	r3, [sp, #42]
  76:Core/Src/adc.c ****   sConfigInjected.ExternalTrigInjecConv = ADC_INJECTED_SOFTWARE_START;
 138              		.loc 1 76 3 is_stmt 1 view .LVU54
 139              		.loc 1 76 41 is_stmt 0 view .LVU55
 140 006a 0B93     		str	r3, [sp, #44]
  77:Core/Src/adc.c ****   sConfigInjected.ExternalTrigInjecConvEdge = ADC_EXTERNALTRIGINJECCONV_EDGE_NONE;
 141              		.loc 1 77 3 is_stmt 1 view .LVU56
 142              		.loc 1 77 45 is_stmt 0 view .LVU57
 143 006c 0C93     		str	r3, [sp, #48]
  78:Core/Src/adc.c ****   sConfigInjected.InjecOversamplingMode = DISABLE;
 144              		.loc 1 78 3 is_stmt 1 view .LVU58
 145              		.loc 1 78 41 is_stmt 0 view .LVU59
 146 006e 8DF83430 		strb	r3, [sp, #52]
  79:Core/Src/adc.c ****   if (HAL_ADCEx_InjectedConfigChannel(&hadc2, &sConfigInjected) != HAL_OK)
 147              		.loc 1 79 3 is_stmt 1 view .LVU60
 148              		.loc 1 79 7 is_stmt 0 view .LVU61
 149 0072 01A9     		add	r1, sp, #4
 150 0074 0C48     		ldr	r0, .L9
ARM GAS  C:\Users\sr1\AppData\Local\Temp\ccREjplP.s 			page 5


 151 0076 FFF7FEFF 		bl	HAL_ADCEx_InjectedConfigChannel
 152              	.LVL2:
 153              		.loc 1 79 6 view .LVU62
 154 007a 78B9     		cbnz	r0, .L7
 155              	.L3:
  80:Core/Src/adc.c ****   {
  81:Core/Src/adc.c ****     Error_Handler();
  82:Core/Src/adc.c ****   }
  83:Core/Src/adc.c **** 
  84:Core/Src/adc.c ****   /** Configure Injected Channel
  85:Core/Src/adc.c ****   */
  86:Core/Src/adc.c ****   sConfigInjected.InjectedChannel = ADC_CHANNEL_11;
 156              		.loc 1 86 3 is_stmt 1 view .LVU63
 157              		.loc 1 86 35 is_stmt 0 view .LVU64
 158 007c 0D4B     		ldr	r3, .L9+12
 159 007e 0193     		str	r3, [sp, #4]
  87:Core/Src/adc.c ****   sConfigInjected.InjectedRank = ADC_INJECTED_RANK_2;
 160              		.loc 1 87 3 is_stmt 1 view .LVU65
 161              		.loc 1 87 32 is_stmt 0 view .LVU66
 162 0080 40F20F13 		movw	r3, #271
 163 0084 0293     		str	r3, [sp, #8]
  88:Core/Src/adc.c ****   if (HAL_ADCEx_InjectedConfigChannel(&hadc2, &sConfigInjected) != HAL_OK)
 164              		.loc 1 88 3 is_stmt 1 view .LVU67
 165              		.loc 1 88 7 is_stmt 0 view .LVU68
 166 0086 01A9     		add	r1, sp, #4
 167 0088 0748     		ldr	r0, .L9
 168 008a FFF7FEFF 		bl	HAL_ADCEx_InjectedConfigChannel
 169              	.LVL3:
 170              		.loc 1 88 6 view .LVU69
 171 008e 40B9     		cbnz	r0, .L8
 172              	.L1:
  89:Core/Src/adc.c ****   {
  90:Core/Src/adc.c ****     Error_Handler();
  91:Core/Src/adc.c ****   }
  92:Core/Src/adc.c ****   /* USER CODE BEGIN ADC2_Init 2 */
  93:Core/Src/adc.c **** 
  94:Core/Src/adc.c ****   /* USER CODE END ADC2_Init 2 */
  95:Core/Src/adc.c **** 
  96:Core/Src/adc.c **** }
 173              		.loc 1 96 1 view .LVU70
 174 0090 11B0     		add	sp, sp, #68
 175              	.LCFI2:
 176              		.cfi_remember_state
 177              		.cfi_def_cfa_offset 4
 178              		@ sp needed
 179 0092 5DF804FB 		ldr	pc, [sp], #4
 180              	.L6:
 181              	.LCFI3:
 182              		.cfi_restore_state
  61:Core/Src/adc.c ****   }
 183              		.loc 1 61 5 is_stmt 1 view .LVU71
 184 0096 FFF7FEFF 		bl	Error_Handler
 185              	.LVL4:
 186 009a D3E7     		b	.L2
 187              	.L7:
  81:Core/Src/adc.c ****   }
 188              		.loc 1 81 5 view .LVU72
ARM GAS  C:\Users\sr1\AppData\Local\Temp\ccREjplP.s 			page 6


 189 009c FFF7FEFF 		bl	Error_Handler
 190              	.LVL5:
 191 00a0 ECE7     		b	.L3
 192              	.L8:
  90:Core/Src/adc.c ****   }
 193              		.loc 1 90 5 view .LVU73
 194 00a2 FFF7FEFF 		bl	Error_Handler
 195              	.LVL6:
 196              		.loc 1 96 1 is_stmt 0 view .LVU74
 197 00a6 F3E7     		b	.L1
 198              	.L10:
 199              		.align	2
 200              	.L9:
 201 00a8 00000000 		.word	hadc2
 202 00ac 00010050 		.word	1342177536
 203 00b0 02003004 		.word	70254594
 204 00b4 0008302E 		.word	774899712
 205              		.cfi_endproc
 206              	.LFE329:
 208              		.section	.text.HAL_ADC_MspInit,"ax",%progbits
 209              		.align	1
 210              		.global	HAL_ADC_MspInit
 211              		.syntax unified
 212              		.thumb
 213              		.thumb_func
 215              	HAL_ADC_MspInit:
 216              	.LVL7:
 217              	.LFB330:
  97:Core/Src/adc.c **** 
  98:Core/Src/adc.c **** void HAL_ADC_MspInit(ADC_HandleTypeDef* adcHandle)
  99:Core/Src/adc.c **** {
 218              		.loc 1 99 1 is_stmt 1 view -0
 219              		.cfi_startproc
 220              		@ args = 0, pretend = 0, frame = 120
 221              		@ frame_needed = 0, uses_anonymous_args = 0
 222              		.loc 1 99 1 is_stmt 0 view .LVU76
 223 0000 30B5     		push	{r4, r5, lr}
 224              	.LCFI4:
 225              		.cfi_def_cfa_offset 12
 226              		.cfi_offset 4, -12
 227              		.cfi_offset 5, -8
 228              		.cfi_offset 14, -4
 229 0002 9FB0     		sub	sp, sp, #124
 230              	.LCFI5:
 231              		.cfi_def_cfa_offset 136
 232 0004 0446     		mov	r4, r0
 100:Core/Src/adc.c **** 
 101:Core/Src/adc.c ****   GPIO_InitTypeDef GPIO_InitStruct = {0};
 233              		.loc 1 101 3 is_stmt 1 view .LVU77
 234              		.loc 1 101 20 is_stmt 0 view .LVU78
 235 0006 0021     		movs	r1, #0
 236 0008 1991     		str	r1, [sp, #100]
 237 000a 1A91     		str	r1, [sp, #104]
 238 000c 1B91     		str	r1, [sp, #108]
 239 000e 1C91     		str	r1, [sp, #112]
 240 0010 1D91     		str	r1, [sp, #116]
 102:Core/Src/adc.c ****   RCC_PeriphCLKInitTypeDef PeriphClkInit = {0};
ARM GAS  C:\Users\sr1\AppData\Local\Temp\ccREjplP.s 			page 7


 241              		.loc 1 102 3 is_stmt 1 view .LVU79
 242              		.loc 1 102 28 is_stmt 0 view .LVU80
 243 0012 5422     		movs	r2, #84
 244 0014 04A8     		add	r0, sp, #16
 245              	.LVL8:
 246              		.loc 1 102 28 view .LVU81
 247 0016 FFF7FEFF 		bl	memset
 248              	.LVL9:
 103:Core/Src/adc.c ****   if(adcHandle->Instance==ADC2)
 249              		.loc 1 103 3 is_stmt 1 view .LVU82
 250              		.loc 1 103 15 is_stmt 0 view .LVU83
 251 001a 2268     		ldr	r2, [r4]
 252              		.loc 1 103 5 view .LVU84
 253 001c 214B     		ldr	r3, .L17
 254 001e 9A42     		cmp	r2, r3
 255 0020 01D0     		beq	.L15
 256              	.LVL10:
 257              	.L11:
 104:Core/Src/adc.c ****   {
 105:Core/Src/adc.c ****   /* USER CODE BEGIN ADC2_MspInit 0 */
 106:Core/Src/adc.c **** 
 107:Core/Src/adc.c ****   /* USER CODE END ADC2_MspInit 0 */
 108:Core/Src/adc.c **** 
 109:Core/Src/adc.c ****   /** Initializes the peripherals clocks
 110:Core/Src/adc.c ****   */
 111:Core/Src/adc.c ****     PeriphClkInit.PeriphClockSelection = RCC_PERIPHCLK_ADC12;
 112:Core/Src/adc.c ****     PeriphClkInit.Adc12ClockSelection = RCC_ADC12CLKSOURCE_SYSCLK;
 113:Core/Src/adc.c ****     if (HAL_RCCEx_PeriphCLKConfig(&PeriphClkInit) != HAL_OK)
 114:Core/Src/adc.c ****     {
 115:Core/Src/adc.c ****       Error_Handler();
 116:Core/Src/adc.c ****     }
 117:Core/Src/adc.c **** 
 118:Core/Src/adc.c ****     /* ADC2 clock enable */
 119:Core/Src/adc.c ****     __HAL_RCC_ADC12_CLK_ENABLE();
 120:Core/Src/adc.c **** 
 121:Core/Src/adc.c ****     __HAL_RCC_GPIOA_CLK_ENABLE();
 122:Core/Src/adc.c ****     __HAL_RCC_GPIOC_CLK_ENABLE();
 123:Core/Src/adc.c ****     /**ADC2 GPIO Configuration
 124:Core/Src/adc.c ****     PA0     ------> ADC2_IN1
 125:Core/Src/adc.c ****     PC5     ------> ADC2_IN11
 126:Core/Src/adc.c ****     */
 127:Core/Src/adc.c ****     GPIO_InitStruct.Pin = AI_T_Pin;
 128:Core/Src/adc.c ****     GPIO_InitStruct.Mode = GPIO_MODE_ANALOG;
 129:Core/Src/adc.c ****     GPIO_InitStruct.Pull = GPIO_NOPULL;
 130:Core/Src/adc.c ****     HAL_GPIO_Init(AI_T_GPIO_Port, &GPIO_InitStruct);
 131:Core/Src/adc.c **** 
 132:Core/Src/adc.c ****     GPIO_InitStruct.Pin = AI_R_Pin;
 133:Core/Src/adc.c ****     GPIO_InitStruct.Mode = GPIO_MODE_ANALOG;
 134:Core/Src/adc.c ****     GPIO_InitStruct.Pull = GPIO_NOPULL;
 135:Core/Src/adc.c ****     HAL_GPIO_Init(AI_R_GPIO_Port, &GPIO_InitStruct);
 136:Core/Src/adc.c **** 
 137:Core/Src/adc.c ****   /* USER CODE BEGIN ADC2_MspInit 1 */
 138:Core/Src/adc.c **** 
 139:Core/Src/adc.c ****   /* USER CODE END ADC2_MspInit 1 */
 140:Core/Src/adc.c ****   }
 141:Core/Src/adc.c **** }
 258              		.loc 1 141 1 view .LVU85
ARM GAS  C:\Users\sr1\AppData\Local\Temp\ccREjplP.s 			page 8


 259 0022 1FB0     		add	sp, sp, #124
 260              	.LCFI6:
 261              		.cfi_remember_state
 262              		.cfi_def_cfa_offset 12
 263              		@ sp needed
 264 0024 30BD     		pop	{r4, r5, pc}
 265              	.LVL11:
 266              	.L15:
 267              	.LCFI7:
 268              		.cfi_restore_state
 111:Core/Src/adc.c ****     PeriphClkInit.Adc12ClockSelection = RCC_ADC12CLKSOURCE_SYSCLK;
 269              		.loc 1 111 5 is_stmt 1 view .LVU86
 111:Core/Src/adc.c ****     PeriphClkInit.Adc12ClockSelection = RCC_ADC12CLKSOURCE_SYSCLK;
 270              		.loc 1 111 40 is_stmt 0 view .LVU87
 271 0026 4FF40043 		mov	r3, #32768
 272 002a 0493     		str	r3, [sp, #16]
 112:Core/Src/adc.c ****     if (HAL_RCCEx_PeriphCLKConfig(&PeriphClkInit) != HAL_OK)
 273              		.loc 1 112 5 is_stmt 1 view .LVU88
 112:Core/Src/adc.c ****     if (HAL_RCCEx_PeriphCLKConfig(&PeriphClkInit) != HAL_OK)
 274              		.loc 1 112 39 is_stmt 0 view .LVU89
 275 002c 4FF00053 		mov	r3, #536870912
 276 0030 1593     		str	r3, [sp, #84]
 113:Core/Src/adc.c ****     {
 277              		.loc 1 113 5 is_stmt 1 view .LVU90
 113:Core/Src/adc.c ****     {
 278              		.loc 1 113 9 is_stmt 0 view .LVU91
 279 0032 04A8     		add	r0, sp, #16
 280 0034 FFF7FEFF 		bl	HAL_RCCEx_PeriphCLKConfig
 281              	.LVL12:
 113:Core/Src/adc.c ****     {
 282              		.loc 1 113 8 view .LVU92
 283 0038 0028     		cmp	r0, #0
 284 003a 2FD1     		bne	.L16
 285              	.L13:
 119:Core/Src/adc.c **** 
 286              		.loc 1 119 5 is_stmt 1 view .LVU93
 287              	.LBB2:
 119:Core/Src/adc.c **** 
 288              		.loc 1 119 5 view .LVU94
 119:Core/Src/adc.c **** 
 289              		.loc 1 119 5 view .LVU95
 290 003c 1A4B     		ldr	r3, .L17+4
 291 003e DA6C     		ldr	r2, [r3, #76]
 292 0040 42F40052 		orr	r2, r2, #8192
 293 0044 DA64     		str	r2, [r3, #76]
 119:Core/Src/adc.c **** 
 294              		.loc 1 119 5 view .LVU96
 295 0046 DA6C     		ldr	r2, [r3, #76]
 296 0048 02F40052 		and	r2, r2, #8192
 297 004c 0192     		str	r2, [sp, #4]
 119:Core/Src/adc.c **** 
 298              		.loc 1 119 5 view .LVU97
 299 004e 019A     		ldr	r2, [sp, #4]
 300              	.LBE2:
 119:Core/Src/adc.c **** 
 301              		.loc 1 119 5 view .LVU98
 121:Core/Src/adc.c ****     __HAL_RCC_GPIOC_CLK_ENABLE();
ARM GAS  C:\Users\sr1\AppData\Local\Temp\ccREjplP.s 			page 9


 302              		.loc 1 121 5 view .LVU99
 303              	.LBB3:
 121:Core/Src/adc.c ****     __HAL_RCC_GPIOC_CLK_ENABLE();
 304              		.loc 1 121 5 view .LVU100
 121:Core/Src/adc.c ****     __HAL_RCC_GPIOC_CLK_ENABLE();
 305              		.loc 1 121 5 view .LVU101
 306 0050 DA6C     		ldr	r2, [r3, #76]
 307 0052 42F00102 		orr	r2, r2, #1
 308 0056 DA64     		str	r2, [r3, #76]
 121:Core/Src/adc.c ****     __HAL_RCC_GPIOC_CLK_ENABLE();
 309              		.loc 1 121 5 view .LVU102
 310 0058 DA6C     		ldr	r2, [r3, #76]
 311 005a 02F00102 		and	r2, r2, #1
 312 005e 0292     		str	r2, [sp, #8]
 121:Core/Src/adc.c ****     __HAL_RCC_GPIOC_CLK_ENABLE();
 313              		.loc 1 121 5 view .LVU103
 314 0060 029A     		ldr	r2, [sp, #8]
 315              	.LBE3:
 121:Core/Src/adc.c ****     __HAL_RCC_GPIOC_CLK_ENABLE();
 316              		.loc 1 121 5 view .LVU104
 122:Core/Src/adc.c ****     /**ADC2 GPIO Configuration
 317              		.loc 1 122 5 view .LVU105
 318              	.LBB4:
 122:Core/Src/adc.c ****     /**ADC2 GPIO Configuration
 319              		.loc 1 122 5 view .LVU106
 122:Core/Src/adc.c ****     /**ADC2 GPIO Configuration
 320              		.loc 1 122 5 view .LVU107
 321 0062 DA6C     		ldr	r2, [r3, #76]
 322 0064 42F00402 		orr	r2, r2, #4
 323 0068 DA64     		str	r2, [r3, #76]
 122:Core/Src/adc.c ****     /**ADC2 GPIO Configuration
 324              		.loc 1 122 5 view .LVU108
 325 006a DB6C     		ldr	r3, [r3, #76]
 326 006c 03F00403 		and	r3, r3, #4
 327 0070 0393     		str	r3, [sp, #12]
 122:Core/Src/adc.c ****     /**ADC2 GPIO Configuration
 328              		.loc 1 122 5 view .LVU109
 329 0072 039B     		ldr	r3, [sp, #12]
 330              	.LBE4:
 122:Core/Src/adc.c ****     /**ADC2 GPIO Configuration
 331              		.loc 1 122 5 view .LVU110
 127:Core/Src/adc.c ****     GPIO_InitStruct.Mode = GPIO_MODE_ANALOG;
 332              		.loc 1 127 5 view .LVU111
 127:Core/Src/adc.c ****     GPIO_InitStruct.Mode = GPIO_MODE_ANALOG;
 333              		.loc 1 127 25 is_stmt 0 view .LVU112
 334 0074 0123     		movs	r3, #1
 335 0076 1993     		str	r3, [sp, #100]
 128:Core/Src/adc.c ****     GPIO_InitStruct.Pull = GPIO_NOPULL;
 336              		.loc 1 128 5 is_stmt 1 view .LVU113
 128:Core/Src/adc.c ****     GPIO_InitStruct.Pull = GPIO_NOPULL;
 337              		.loc 1 128 26 is_stmt 0 view .LVU114
 338 0078 0325     		movs	r5, #3
 339 007a 1A95     		str	r5, [sp, #104]
 129:Core/Src/adc.c ****     HAL_GPIO_Init(AI_T_GPIO_Port, &GPIO_InitStruct);
 340              		.loc 1 129 5 is_stmt 1 view .LVU115
 129:Core/Src/adc.c ****     HAL_GPIO_Init(AI_T_GPIO_Port, &GPIO_InitStruct);
 341              		.loc 1 129 26 is_stmt 0 view .LVU116
ARM GAS  C:\Users\sr1\AppData\Local\Temp\ccREjplP.s 			page 10


 342 007c 0024     		movs	r4, #0
 343              	.LVL13:
 129:Core/Src/adc.c ****     HAL_GPIO_Init(AI_T_GPIO_Port, &GPIO_InitStruct);
 344              		.loc 1 129 26 view .LVU117
 345 007e 1B94     		str	r4, [sp, #108]
 130:Core/Src/adc.c **** 
 346              		.loc 1 130 5 is_stmt 1 view .LVU118
 347 0080 19A9     		add	r1, sp, #100
 348 0082 4FF09040 		mov	r0, #1207959552
 349 0086 FFF7FEFF 		bl	HAL_GPIO_Init
 350              	.LVL14:
 132:Core/Src/adc.c ****     GPIO_InitStruct.Mode = GPIO_MODE_ANALOG;
 351              		.loc 1 132 5 view .LVU119
 132:Core/Src/adc.c ****     GPIO_InitStruct.Mode = GPIO_MODE_ANALOG;
 352              		.loc 1 132 25 is_stmt 0 view .LVU120
 353 008a 2023     		movs	r3, #32
 354 008c 1993     		str	r3, [sp, #100]
 133:Core/Src/adc.c ****     GPIO_InitStruct.Pull = GPIO_NOPULL;
 355              		.loc 1 133 5 is_stmt 1 view .LVU121
 133:Core/Src/adc.c ****     GPIO_InitStruct.Pull = GPIO_NOPULL;
 356              		.loc 1 133 26 is_stmt 0 view .LVU122
 357 008e 1A95     		str	r5, [sp, #104]
 134:Core/Src/adc.c ****     HAL_GPIO_Init(AI_R_GPIO_Port, &GPIO_InitStruct);
 358              		.loc 1 134 5 is_stmt 1 view .LVU123
 134:Core/Src/adc.c ****     HAL_GPIO_Init(AI_R_GPIO_Port, &GPIO_InitStruct);
 359              		.loc 1 134 26 is_stmt 0 view .LVU124
 360 0090 1B94     		str	r4, [sp, #108]
 135:Core/Src/adc.c **** 
 361              		.loc 1 135 5 is_stmt 1 view .LVU125
 362 0092 19A9     		add	r1, sp, #100
 363 0094 0548     		ldr	r0, .L17+8
 364 0096 FFF7FEFF 		bl	HAL_GPIO_Init
 365              	.LVL15:
 366              		.loc 1 141 1 is_stmt 0 view .LVU126
 367 009a C2E7     		b	.L11
 368              	.LVL16:
 369              	.L16:
 115:Core/Src/adc.c ****     }
 370              		.loc 1 115 7 is_stmt 1 view .LVU127
 371 009c FFF7FEFF 		bl	Error_Handler
 372              	.LVL17:
 373 00a0 CCE7     		b	.L13
 374              	.L18:
 375 00a2 00BF     		.align	2
 376              	.L17:
 377 00a4 00010050 		.word	1342177536
 378 00a8 00100240 		.word	1073876992
 379 00ac 00080048 		.word	1207961600
 380              		.cfi_endproc
 381              	.LFE330:
 383              		.section	.text.HAL_ADC_MspDeInit,"ax",%progbits
 384              		.align	1
 385              		.global	HAL_ADC_MspDeInit
 386              		.syntax unified
 387              		.thumb
 388              		.thumb_func
 390              	HAL_ADC_MspDeInit:
ARM GAS  C:\Users\sr1\AppData\Local\Temp\ccREjplP.s 			page 11


 391              	.LVL18:
 392              	.LFB331:
 142:Core/Src/adc.c **** 
 143:Core/Src/adc.c **** void HAL_ADC_MspDeInit(ADC_HandleTypeDef* adcHandle)
 144:Core/Src/adc.c **** {
 393              		.loc 1 144 1 view -0
 394              		.cfi_startproc
 395              		@ args = 0, pretend = 0, frame = 0
 396              		@ frame_needed = 0, uses_anonymous_args = 0
 397              		.loc 1 144 1 is_stmt 0 view .LVU129
 398 0000 08B5     		push	{r3, lr}
 399              	.LCFI8:
 400              		.cfi_def_cfa_offset 8
 401              		.cfi_offset 3, -8
 402              		.cfi_offset 14, -4
 145:Core/Src/adc.c **** 
 146:Core/Src/adc.c ****   if(adcHandle->Instance==ADC2)
 403              		.loc 1 146 3 is_stmt 1 view .LVU130
 404              		.loc 1 146 15 is_stmt 0 view .LVU131
 405 0002 0268     		ldr	r2, [r0]
 406              		.loc 1 146 5 view .LVU132
 407 0004 094B     		ldr	r3, .L23
 408 0006 9A42     		cmp	r2, r3
 409 0008 00D0     		beq	.L22
 410              	.LVL19:
 411              	.L19:
 147:Core/Src/adc.c ****   {
 148:Core/Src/adc.c ****   /* USER CODE BEGIN ADC2_MspDeInit 0 */
 149:Core/Src/adc.c **** 
 150:Core/Src/adc.c ****   /* USER CODE END ADC2_MspDeInit 0 */
 151:Core/Src/adc.c ****     /* Peripheral clock disable */
 152:Core/Src/adc.c ****     __HAL_RCC_ADC12_CLK_DISABLE();
 153:Core/Src/adc.c **** 
 154:Core/Src/adc.c ****     /**ADC2 GPIO Configuration
 155:Core/Src/adc.c ****     PA0     ------> ADC2_IN1
 156:Core/Src/adc.c ****     PC5     ------> ADC2_IN11
 157:Core/Src/adc.c ****     */
 158:Core/Src/adc.c ****     HAL_GPIO_DeInit(AI_T_GPIO_Port, AI_T_Pin);
 159:Core/Src/adc.c **** 
 160:Core/Src/adc.c ****     HAL_GPIO_DeInit(AI_R_GPIO_Port, AI_R_Pin);
 161:Core/Src/adc.c **** 
 162:Core/Src/adc.c ****   /* USER CODE BEGIN ADC2_MspDeInit 1 */
 163:Core/Src/adc.c **** 
 164:Core/Src/adc.c ****   /* USER CODE END ADC2_MspDeInit 1 */
 165:Core/Src/adc.c ****   }
 166:Core/Src/adc.c **** }
 412              		.loc 1 166 1 view .LVU133
 413 000a 08BD     		pop	{r3, pc}
 414              	.LVL20:
 415              	.L22:
 152:Core/Src/adc.c **** 
 416              		.loc 1 152 5 is_stmt 1 view .LVU134
 417 000c 084A     		ldr	r2, .L23+4
 418 000e D36C     		ldr	r3, [r2, #76]
 419 0010 23F40053 		bic	r3, r3, #8192
 420 0014 D364     		str	r3, [r2, #76]
 158:Core/Src/adc.c **** 
ARM GAS  C:\Users\sr1\AppData\Local\Temp\ccREjplP.s 			page 12


 421              		.loc 1 158 5 view .LVU135
 422 0016 0121     		movs	r1, #1
 423 0018 4FF09040 		mov	r0, #1207959552
 424              	.LVL21:
 158:Core/Src/adc.c **** 
 425              		.loc 1 158 5 is_stmt 0 view .LVU136
 426 001c FFF7FEFF 		bl	HAL_GPIO_DeInit
 427              	.LVL22:
 160:Core/Src/adc.c **** 
 428              		.loc 1 160 5 is_stmt 1 view .LVU137
 429 0020 2021     		movs	r1, #32
 430 0022 0448     		ldr	r0, .L23+8
 431 0024 FFF7FEFF 		bl	HAL_GPIO_DeInit
 432              	.LVL23:
 433              		.loc 1 166 1 is_stmt 0 view .LVU138
 434 0028 EFE7     		b	.L19
 435              	.L24:
 436 002a 00BF     		.align	2
 437              	.L23:
 438 002c 00010050 		.word	1342177536
 439 0030 00100240 		.word	1073876992
 440 0034 00080048 		.word	1207961600
 441              		.cfi_endproc
 442              	.LFE331:
 444              		.global	hadc2
 445              		.section	.bss.hadc2,"aw",%nobits
 446              		.align	2
 449              	hadc2:
 450 0000 00000000 		.space	108
 450      00000000 
 450      00000000 
 450      00000000 
 450      00000000 
 451              		.text
 452              	.Letext0:
 453              		.file 2 "c:\\program files\\vscodestmtools\\arm-none-eabi-gcc\\12.2.1-1.2.1\\.content\\arm-none-ea
 454              		.file 3 "c:\\program files\\vscodestmtools\\arm-none-eabi-gcc\\12.2.1-1.2.1\\.content\\arm-none-ea
 455              		.file 4 "Drivers/CMSIS/Device/ST/STM32G4xx/Include/stm32g474xx.h"
 456              		.file 5 "Drivers/CMSIS/Device/ST/STM32G4xx/Include/stm32g4xx.h"
 457              		.file 6 "Drivers/STM32G4xx_HAL_Driver/Inc/stm32g4xx_hal_def.h"
 458              		.file 7 "Drivers/STM32G4xx_HAL_Driver/Inc/stm32g4xx_hal_rcc_ex.h"
 459              		.file 8 "Drivers/STM32G4xx_HAL_Driver/Inc/stm32g4xx_hal_gpio.h"
 460              		.file 9 "Drivers/STM32G4xx_HAL_Driver/Inc/stm32g4xx_hal_dma.h"
 461              		.file 10 "Drivers/STM32G4xx_HAL_Driver/Inc/stm32g4xx_hal_adc.h"
 462              		.file 11 "Drivers/STM32G4xx_HAL_Driver/Inc/stm32g4xx_hal_adc_ex.h"
 463              		.file 12 "Core/Inc/adc.h"
 464              		.file 13 "Core/Inc/main.h"
 465              		.file 14 "<built-in>"
ARM GAS  C:\Users\sr1\AppData\Local\Temp\ccREjplP.s 			page 13


DEFINED SYMBOLS
                            *ABS*:0000000000000000 adc.c
C:\Users\sr1\AppData\Local\Temp\ccREjplP.s:21     .text.MX_ADC2_Init:0000000000000000 $t
C:\Users\sr1\AppData\Local\Temp\ccREjplP.s:27     .text.MX_ADC2_Init:0000000000000000 MX_ADC2_Init
C:\Users\sr1\AppData\Local\Temp\ccREjplP.s:201    .text.MX_ADC2_Init:00000000000000a8 $d
C:\Users\sr1\AppData\Local\Temp\ccREjplP.s:449    .bss.hadc2:0000000000000000 hadc2
C:\Users\sr1\AppData\Local\Temp\ccREjplP.s:209    .text.HAL_ADC_MspInit:0000000000000000 $t
C:\Users\sr1\AppData\Local\Temp\ccREjplP.s:215    .text.HAL_ADC_MspInit:0000000000000000 HAL_ADC_MspInit
C:\Users\sr1\AppData\Local\Temp\ccREjplP.s:377    .text.HAL_ADC_MspInit:00000000000000a4 $d
C:\Users\sr1\AppData\Local\Temp\ccREjplP.s:384    .text.HAL_ADC_MspDeInit:0000000000000000 $t
C:\Users\sr1\AppData\Local\Temp\ccREjplP.s:390    .text.HAL_ADC_MspDeInit:0000000000000000 HAL_ADC_MspDeInit
C:\Users\sr1\AppData\Local\Temp\ccREjplP.s:438    .text.HAL_ADC_MspDeInit:000000000000002c $d
C:\Users\sr1\AppData\Local\Temp\ccREjplP.s:446    .bss.hadc2:0000000000000000 $d

UNDEFINED SYMBOLS
memset
HAL_ADC_Init
HAL_ADCEx_InjectedConfigChannel
Error_Handler
HAL_RCCEx_PeriphCLKConfig
HAL_GPIO_Init
HAL_GPIO_DeInit
