ARM GAS  C:\Users\sr1\AppData\Local\Temp\ccoQG56m.s 			page 1


   1              		.cpu cortex-m4
   2              		.arch armv7e-m
   3              		.fpu fpv4-sp-d16
   4              		.eabi_attribute 27, 1
   5              		.eabi_attribute 28, 1
   6              		.eabi_attribute 20, 1
   7              		.eabi_attribute 21, 1
   8              		.eabi_attribute 23, 3
   9              		.eabi_attribute 24, 1
  10              		.eabi_attribute 25, 1
  11              		.eabi_attribute 26, 1
  12              		.eabi_attribute 30, 1
  13              		.eabi_attribute 34, 1
  14              		.eabi_attribute 18, 4
  15              		.file	"App.c"
  16              		.text
  17              	.Ltext0:
  18              		.cfi_sections	.debug_frame
  19              		.file 1 "App/App.c"
  20              		.section	.text.app_adc_filter_init,"ax",%progbits
  21              		.align	1
  22              		.global	app_adc_filter_init
  23              		.syntax unified
  24              		.thumb
  25              		.thumb_func
  27              	app_adc_filter_init:
  28              	.LFB331:
   1:App/App.c     **** #include "App.h"
   2:App/App.c     **** #include "BSP.h"
   3:App/App.c     **** #include "ProtocolMbRtuSlaveCtrl.h"
   4:App/App.c     **** 
   5:App/App.c     **** App_struct App;
   6:App/App.c     **** 
   7:App/App.c     **** void app_main(void)
   8:App/App.c     **** {
   9:App/App.c     ****   bsp_init();
  10:App/App.c     ****   app_init();
  11:App/App.c     **** 
  12:App/App.c     ****   while (1) // основной цикл
  13:App/App.c     ****   {
  14:App/App.c     ****   asm ("nop");
  15:App/App.c     ****   }
  16:App/App.c     **** }
  17:App/App.c     **** 
  18:App/App.c     **** void app_init()
  19:App/App.c     **** {
  20:App/App.c     ****   protocolMbRtuSlaveCtrl_init(1);
  21:App/App.c     ****   app_adc_filter_init();
  22:App/App.c     ****   return;
  23:App/App.c     **** }
  24:App/App.c     **** 
  25:App/App.c     **** void app_adc_filter_init()
  26:App/App.c     **** {
  29              		.loc 1 26 1 view -0
  30              		.cfi_startproc
  31              		@ args = 0, pretend = 0, frame = 0
  32              		@ frame_needed = 0, uses_anonymous_args = 0
ARM GAS  C:\Users\sr1\AppData\Local\Temp\ccoQG56m.s 			page 2


  33              		@ link register save eliminated.
  27:App/App.c     **** // -------------------------- ADC_ADS1251 -------------------------- //
  28:App/App.c     ****     App.adc_filter[ADC_ADS1251].value = 0.0f;
  34              		.loc 1 28 5 view .LVU1
  35              		.loc 1 28 39 is_stmt 0 view .LVU2
  36 0000 1C4B     		ldr	r3, .L6
  37 0002 0022     		movs	r2, #0
  38 0004 1A61     		str	r2, [r3, #16]	@ float
  29:App/App.c     ****     App.adc_filter[ADC_ADS1251].value_last = 0.0f;
  39              		.loc 1 29 5 is_stmt 1 view .LVU3
  40              		.loc 1 29 44 is_stmt 0 view .LVU4
  41 0006 5A61     		str	r2, [r3, #20]	@ float
  30:App/App.c     ****     App.adc_filter[ADC_ADS1251].valueRaw = 0.0f;
  42              		.loc 1 30 5 is_stmt 1 view .LVU5
  43              		.loc 1 30 42 is_stmt 0 view .LVU6
  44 0008 9A61     		str	r2, [r3, #24]	@ float
  31:App/App.c     ****     for (uint8_t j = 0; j < PROGRAM_ADC_MAX_FILTER_ORDER; j++)
  45              		.loc 1 31 5 is_stmt 1 view .LVU7
  46              	.LBB2:
  47              		.loc 1 31 10 view .LVU8
  48              	.LVL0:
  49              		.loc 1 31 18 is_stmt 0 view .LVU9
  50 000a 0023     		movs	r3, #0
  51              		.loc 1 31 5 view .LVU10
  52 000c 07E0     		b	.L2
  53              	.LVL1:
  54              	.L3:
  32:App/App.c     ****     {
  33:App/App.c     ****       App.adc_filter[ADC_ADS1251].buf[j] = 0.0f;
  55              		.loc 1 33 7 is_stmt 1 discriminator 3 view .LVU11
  56              		.loc 1 33 42 is_stmt 0 discriminator 3 view .LVU12
  57 000e 991D     		adds	r1, r3, #6
  58 0010 184A     		ldr	r2, .L6
  59 0012 02EB8102 		add	r2, r2, r1, lsl #2
  60 0016 0021     		movs	r1, #0
  61 0018 5160     		str	r1, [r2, #4]	@ float
  31:App/App.c     ****     for (uint8_t j = 0; j < PROGRAM_ADC_MAX_FILTER_ORDER; j++)
  62              		.loc 1 31 60 is_stmt 1 discriminator 3 view .LVU13
  63 001a 0133     		adds	r3, r3, #1
  64              	.LVL2:
  31:App/App.c     ****     for (uint8_t j = 0; j < PROGRAM_ADC_MAX_FILTER_ORDER; j++)
  65              		.loc 1 31 60 is_stmt 0 discriminator 3 view .LVU14
  66 001c DBB2     		uxtb	r3, r3
  67              	.LVL3:
  68              	.L2:
  31:App/App.c     ****     for (uint8_t j = 0; j < PROGRAM_ADC_MAX_FILTER_ORDER; j++)
  69              		.loc 1 31 27 is_stmt 1 discriminator 1 view .LVU15
  70 001e 172B     		cmp	r3, #23
  71 0020 F5D9     		bls	.L3
  72              	.LBE2:
  34:App/App.c     ****     }
  35:App/App.c     ****     App.adc_filter[ADC_ADS1251].bufIdx = 0;
  73              		.loc 1 35 5 view .LVU16
  74              		.loc 1 35 40 is_stmt 0 view .LVU17
  75 0022 144A     		ldr	r2, .L6
  76 0024 0023     		movs	r3, #0
  77              	.LVL4:
ARM GAS  C:\Users\sr1\AppData\Local\Temp\ccoQG56m.s 			page 3


  78              		.loc 1 35 40 view .LVU18
  79 0026 82F87C30 		strb	r3, [r2, #124]
  36:App/App.c     ****     App.adc_filter[ADC_ADS1251].filter_N = 100;
  80              		.loc 1 36 5 is_stmt 1 view .LVU19
  81              		.loc 1 36 42 is_stmt 0 view .LVU20
  82 002a 6421     		movs	r1, #100
  83 002c 82F87D10 		strb	r1, [r2, #125]
  37:App/App.c     ****     App.adc_filter[ADC_ADS1251].order = 24;
  84              		.loc 1 37 5 is_stmt 1 view .LVU21
  85              		.loc 1 37 39 is_stmt 0 view .LVU22
  86 0030 1821     		movs	r1, #24
  87 0032 82F87E10 		strb	r1, [r2, #126]
  38:App/App.c     **** // ------------------------ ADC_ADS1251 END ------------------------ //
  39:App/App.c     **** 
  40:App/App.c     **** // -------------------------- ADC_CPU -------------------------- //
  41:App/App.c     ****     App.adc_filter[ADC_CPU].value = 0.0f;
  88              		.loc 1 41 5 is_stmt 1 view .LVU23
  89              		.loc 1 41 35 is_stmt 0 view .LVU24
  90 0036 0021     		movs	r1, #0
  91 0038 C2F88010 		str	r1, [r2, #128]	@ float
  42:App/App.c     ****     App.adc_filter[ADC_CPU].value_last = 0.0f;
  92              		.loc 1 42 5 is_stmt 1 view .LVU25
  93              		.loc 1 42 40 is_stmt 0 view .LVU26
  94 003c C2F88410 		str	r1, [r2, #132]	@ float
  43:App/App.c     ****     App.adc_filter[ADC_CPU].valueRaw = 0.0f;
  95              		.loc 1 43 5 is_stmt 1 view .LVU27
  96              		.loc 1 43 38 is_stmt 0 view .LVU28
  97 0040 C2F88810 		str	r1, [r2, #136]	@ float
  44:App/App.c     ****     for (uint8_t j = 0; j < PROGRAM_ADC_MAX_FILTER_ORDER; j++)
  98              		.loc 1 44 5 is_stmt 1 view .LVU29
  99              	.LBB3:
 100              		.loc 1 44 10 view .LVU30
 101              	.LVL5:
 102              		.loc 1 44 5 is_stmt 0 view .LVU31
 103 0044 08E0     		b	.L4
 104              	.LVL6:
 105              	.L5:
  45:App/App.c     ****     {
  46:App/App.c     ****       App.adc_filter[ADC_CPU].buf[j] = 0.0f;
 106              		.loc 1 46 7 is_stmt 1 discriminator 3 view .LVU32
 107              		.loc 1 46 38 is_stmt 0 discriminator 3 view .LVU33
 108 0046 03F12201 		add	r1, r3, #34
 109 004a 0A4A     		ldr	r2, .L6
 110 004c 02EB8102 		add	r2, r2, r1, lsl #2
 111 0050 0021     		movs	r1, #0
 112 0052 5160     		str	r1, [r2, #4]	@ float
  44:App/App.c     ****     for (uint8_t j = 0; j < PROGRAM_ADC_MAX_FILTER_ORDER; j++)
 113              		.loc 1 44 60 is_stmt 1 discriminator 3 view .LVU34
 114 0054 0133     		adds	r3, r3, #1
 115              	.LVL7:
  44:App/App.c     ****     for (uint8_t j = 0; j < PROGRAM_ADC_MAX_FILTER_ORDER; j++)
 116              		.loc 1 44 60 is_stmt 0 discriminator 3 view .LVU35
 117 0056 DBB2     		uxtb	r3, r3
 118              	.LVL8:
 119              	.L4:
  44:App/App.c     ****     for (uint8_t j = 0; j < PROGRAM_ADC_MAX_FILTER_ORDER; j++)
 120              		.loc 1 44 27 is_stmt 1 discriminator 1 view .LVU36
ARM GAS  C:\Users\sr1\AppData\Local\Temp\ccoQG56m.s 			page 4


 121 0058 172B     		cmp	r3, #23
 122 005a F4D9     		bls	.L5
 123              	.LBE3:
  47:App/App.c     ****     }
  48:App/App.c     ****     App.adc_filter[ADC_CPU].bufIdx = 0;
 124              		.loc 1 48 5 view .LVU37
 125              		.loc 1 48 36 is_stmt 0 view .LVU38
 126 005c 054B     		ldr	r3, .L6
 127              	.LVL9:
 128              		.loc 1 48 36 view .LVU39
 129 005e 0022     		movs	r2, #0
 130 0060 83F8EC20 		strb	r2, [r3, #236]
  49:App/App.c     ****     App.adc_filter[ADC_CPU].filter_N = 250;
 131              		.loc 1 49 5 is_stmt 1 view .LVU40
 132              		.loc 1 49 38 is_stmt 0 view .LVU41
 133 0064 FA22     		movs	r2, #250
 134 0066 83F8ED20 		strb	r2, [r3, #237]
  50:App/App.c     ****     App.adc_filter[ADC_CPU].order = 24;
 135              		.loc 1 50 5 is_stmt 1 view .LVU42
 136              		.loc 1 50 35 is_stmt 0 view .LVU43
 137 006a 1822     		movs	r2, #24
 138 006c 83F8EE20 		strb	r2, [r3, #238]
  51:App/App.c     **** // ------------------------ ADC_CPU END ------------------------ //
  52:App/App.c     **** 
  53:App/App.c     **** }
 139              		.loc 1 53 1 view .LVU44
 140 0070 7047     		bx	lr
 141              	.L7:
 142 0072 00BF     		.align	2
 143              	.L6:
 144 0074 00000000 		.word	App
 145              		.cfi_endproc
 146              	.LFE331:
 148              		.section	.text.app_init,"ax",%progbits
 149              		.align	1
 150              		.global	app_init
 151              		.syntax unified
 152              		.thumb
 153              		.thumb_func
 155              	app_init:
 156              	.LFB330:
  19:App/App.c     ****   protocolMbRtuSlaveCtrl_init(1);
 157              		.loc 1 19 1 is_stmt 1 view -0
 158              		.cfi_startproc
 159              		@ args = 0, pretend = 0, frame = 0
 160              		@ frame_needed = 0, uses_anonymous_args = 0
 161 0000 08B5     		push	{r3, lr}
 162              	.LCFI0:
 163              		.cfi_def_cfa_offset 8
 164              		.cfi_offset 3, -8
 165              		.cfi_offset 14, -4
  20:App/App.c     ****   app_adc_filter_init();
 166              		.loc 1 20 3 view .LVU46
 167 0002 0120     		movs	r0, #1
 168 0004 FFF7FEFF 		bl	protocolMbRtuSlaveCtrl_init
 169              	.LVL10:
  21:App/App.c     ****   return;
ARM GAS  C:\Users\sr1\AppData\Local\Temp\ccoQG56m.s 			page 5


 170              		.loc 1 21 3 view .LVU47
 171 0008 FFF7FEFF 		bl	app_adc_filter_init
 172              	.LVL11:
  22:App/App.c     **** }
 173              		.loc 1 22 3 view .LVU48
  23:App/App.c     **** 
 174              		.loc 1 23 1 is_stmt 0 view .LVU49
 175 000c 08BD     		pop	{r3, pc}
 176              		.cfi_endproc
 177              	.LFE330:
 179              		.section	.text.app_main,"ax",%progbits
 180              		.align	1
 181              		.global	app_main
 182              		.syntax unified
 183              		.thumb
 184              		.thumb_func
 186              	app_main:
 187              	.LFB329:
   8:App/App.c     ****   bsp_init();
 188              		.loc 1 8 1 is_stmt 1 view -0
 189              		.cfi_startproc
 190              		@ Volatile: function does not return.
 191              		@ args = 0, pretend = 0, frame = 0
 192              		@ frame_needed = 0, uses_anonymous_args = 0
 193 0000 08B5     		push	{r3, lr}
 194              	.LCFI1:
 195              		.cfi_def_cfa_offset 8
 196              		.cfi_offset 3, -8
 197              		.cfi_offset 14, -4
   9:App/App.c     ****   app_init();
 198              		.loc 1 9 3 view .LVU51
 199 0002 FFF7FEFF 		bl	bsp_init
 200              	.LVL12:
  10:App/App.c     **** 
 201              		.loc 1 10 3 view .LVU52
 202 0006 FFF7FEFF 		bl	app_init
 203              	.LVL13:
 204              	.L11:
  12:App/App.c     ****   {
 205              		.loc 1 12 3 discriminator 1 view .LVU53
  14:App/App.c     ****   }
 206              		.loc 1 14 3 discriminator 1 view .LVU54
 207              		.syntax unified
 208              	@ 14 "App/App.c" 1
 209 000a 00BF     		nop
 210              	@ 0 "" 2
  12:App/App.c     ****   {
 211              		.loc 1 12 9 discriminator 1 view .LVU55
 212              		.thumb
 213              		.syntax unified
 214 000c FDE7     		b	.L11
 215              		.cfi_endproc
 216              	.LFE329:
 218              		.section	.text.app_update_reg,"ax",%progbits
 219              		.align	1
 220              		.global	app_update_reg
 221              		.syntax unified
ARM GAS  C:\Users\sr1\AppData\Local\Temp\ccoQG56m.s 			page 6


 222              		.thumb
 223              		.thumb_func
 225              	app_update_reg:
 226              	.LFB333:
  54:App/App.c     **** 
  55:App/App.c     **** void bsp_tim7_1ms_callback()
  56:App/App.c     **** {
  57:App/App.c     ****   static uint8_t i = 0;
  58:App/App.c     ****   static uint16_t j = 0;
  59:App/App.c     **** 
  60:App/App.c     **** 
  61:App/App.c     ****   if (i++ >= 10)
  62:App/App.c     ****   {
  63:App/App.c     ****     app_update_reg();
  64:App/App.c     ****     protocolMbRtuSlaveCtrl_update_tables();
  65:App/App.c     ****     i = 0;
  66:App/App.c     ****   }
  67:App/App.c     **** 
  68:App/App.c     ****   if (j++ >= 500)
  69:App/App.c     ****   {
  70:App/App.c     ****     //APP_LED_TOGGLE(APP_LED_3);
  71:App/App.c     ****     j = 0;
  72:App/App.c     ****   }
  73:App/App.c     ****   return;
  74:App/App.c     **** }
  75:App/App.c     **** 
  76:App/App.c     **** void app_update_reg()
  77:App/App.c     **** {
 227              		.loc 1 77 1 view -0
 228              		.cfi_startproc
 229              		@ args = 0, pretend = 0, frame = 0
 230              		@ frame_needed = 0, uses_anonymous_args = 0
 231 0000 08B5     		push	{r3, lr}
 232              	.LCFI2:
 233              		.cfi_def_cfa_offset 8
 234              		.cfi_offset 3, -8
 235              		.cfi_offset 14, -4
  78:App/App.c     ****   //LED1
  79:App/App.c     ****   if (HAL_GPIO_ReadPin(APP_LED_1) == GPIO_PIN_SET)
 236              		.loc 1 79 3 view .LVU57
 237              		.loc 1 79 7 is_stmt 0 view .LVU58
 238 0002 0221     		movs	r1, #2
 239 0004 5248     		ldr	r0, .L39
 240 0006 FFF7FEFF 		bl	HAL_GPIO_ReadPin
 241              	.LVL14:
 242              		.loc 1 79 6 view .LVU59
 243 000a 0128     		cmp	r0, #1
 244 000c 70D0     		beq	.L31
  80:App/App.c     ****   {
  81:App/App.c     ****     APP_SET_BIT(App.Mdb_data_AO.state_led_rele, LED_1);
  82:App/App.c     ****   }
  83:App/App.c     ****   else
  84:App/App.c     ****   {
  85:App/App.c     ****     APP_RESET_BIT(App.Mdb_data_AO.state_led_rele, LED_1);
 245              		.loc 1 85 5 is_stmt 1 view .LVU60
 246 000e 514A     		ldr	r2, .L39+4
 247 0010 1388     		ldrh	r3, [r2]
ARM GAS  C:\Users\sr1\AppData\Local\Temp\ccoQG56m.s 			page 7


 248 0012 23F00103 		bic	r3, r3, #1
 249 0016 1380     		strh	r3, [r2]	@ movhi
 250              	.L15:
  86:App/App.c     ****   }
  87:App/App.c     **** 
  88:App/App.c     ****   //LED2
  89:App/App.c     ****   if (HAL_GPIO_ReadPin(APP_LED_2) == GPIO_PIN_SET)
 251              		.loc 1 89 3 view .LVU61
 252              		.loc 1 89 7 is_stmt 0 view .LVU62
 253 0018 0421     		movs	r1, #4
 254 001a 4D48     		ldr	r0, .L39
 255 001c FFF7FEFF 		bl	HAL_GPIO_ReadPin
 256              	.LVL15:
 257              		.loc 1 89 6 view .LVU63
 258 0020 0128     		cmp	r0, #1
 259 0022 6BD0     		beq	.L32
  90:App/App.c     ****   {
  91:App/App.c     ****     APP_SET_BIT(App.Mdb_data_AO.state_led_rele, LED_2);
  92:App/App.c     ****   }
  93:App/App.c     ****   else
  94:App/App.c     ****   {
  95:App/App.c     ****     APP_RESET_BIT(App.Mdb_data_AO.state_led_rele, LED_2);
 260              		.loc 1 95 5 is_stmt 1 view .LVU64
 261 0024 4B4A     		ldr	r2, .L39+4
 262 0026 1388     		ldrh	r3, [r2]
 263 0028 23F00203 		bic	r3, r3, #2
 264 002c 1380     		strh	r3, [r2]	@ movhi
 265              	.L17:
  96:App/App.c     ****   }
  97:App/App.c     **** 
  98:App/App.c     ****   //LED3
  99:App/App.c     ****   if (HAL_GPIO_ReadPin(APP_LED_3) == GPIO_PIN_SET)
 266              		.loc 1 99 3 view .LVU65
 267              		.loc 1 99 7 is_stmt 0 view .LVU66
 268 002e 4FF48061 		mov	r1, #1024
 269 0032 4FF09040 		mov	r0, #1207959552
 270 0036 FFF7FEFF 		bl	HAL_GPIO_ReadPin
 271              	.LVL16:
 272              		.loc 1 99 6 view .LVU67
 273 003a 0128     		cmp	r0, #1
 274 003c 64D0     		beq	.L33
 100:App/App.c     ****   {
 101:App/App.c     ****     APP_SET_BIT(App.Mdb_data_AO.state_led_rele, LED_3);
 102:App/App.c     ****   }
 103:App/App.c     ****   else
 104:App/App.c     ****   {
 105:App/App.c     ****     APP_RESET_BIT(App.Mdb_data_AO.state_led_rele, LED_3);
 275              		.loc 1 105 5 is_stmt 1 view .LVU68
 276 003e 454A     		ldr	r2, .L39+4
 277 0040 1388     		ldrh	r3, [r2]
 278 0042 23F00403 		bic	r3, r3, #4
 279 0046 1380     		strh	r3, [r2]	@ movhi
 280              	.L19:
 106:App/App.c     ****   }
 107:App/App.c     **** 
 108:App/App.c     ****   //LED4
 109:App/App.c     ****   if (HAL_GPIO_ReadPin(APP_LED_4) == GPIO_PIN_SET)
ARM GAS  C:\Users\sr1\AppData\Local\Temp\ccoQG56m.s 			page 8


 281              		.loc 1 109 3 view .LVU69
 282              		.loc 1 109 7 is_stmt 0 view .LVU70
 283 0048 4FF40061 		mov	r1, #2048
 284 004c 4FF09040 		mov	r0, #1207959552
 285 0050 FFF7FEFF 		bl	HAL_GPIO_ReadPin
 286              	.LVL17:
 287              		.loc 1 109 6 view .LVU71
 288 0054 0128     		cmp	r0, #1
 289 0056 5DD0     		beq	.L34
 110:App/App.c     ****   {
 111:App/App.c     ****     APP_SET_BIT(App.Mdb_data_AO.state_led_rele, LED_4);
 112:App/App.c     ****   }
 113:App/App.c     ****   else
 114:App/App.c     ****   {
 115:App/App.c     ****     APP_RESET_BIT(App.Mdb_data_AO.state_led_rele, LED_4);
 290              		.loc 1 115 5 is_stmt 1 view .LVU72
 291 0058 3E4A     		ldr	r2, .L39+4
 292 005a 1388     		ldrh	r3, [r2]
 293 005c 23F00803 		bic	r3, r3, #8
 294 0060 1380     		strh	r3, [r2]	@ movhi
 295              	.L21:
 116:App/App.c     ****   }
 117:App/App.c     **** 
 118:App/App.c     ****   //REL1
 119:App/App.c     ****   if (HAL_GPIO_ReadPin(APP_REL_1) == GPIO_PIN_SET)
 296              		.loc 1 119 3 view .LVU73
 297              		.loc 1 119 7 is_stmt 0 view .LVU74
 298 0062 0821     		movs	r1, #8
 299 0064 4FF09040 		mov	r0, #1207959552
 300 0068 FFF7FEFF 		bl	HAL_GPIO_ReadPin
 301              	.LVL18:
 302              		.loc 1 119 6 view .LVU75
 303 006c 0128     		cmp	r0, #1
 304 006e 57D0     		beq	.L35
 120:App/App.c     ****   {
 121:App/App.c     ****     APP_SET_BIT(App.Mdb_data_AO.state_led_rele, REL_1);
 122:App/App.c     ****   }
 123:App/App.c     ****   else
 124:App/App.c     ****   {
 125:App/App.c     ****     APP_RESET_BIT(App.Mdb_data_AO.state_led_rele, REL_1);
 305              		.loc 1 125 5 is_stmt 1 view .LVU76
 306 0070 384A     		ldr	r2, .L39+4
 307 0072 1388     		ldrh	r3, [r2]
 308 0074 23F01003 		bic	r3, r3, #16
 309 0078 1380     		strh	r3, [r2]	@ movhi
 310              	.L23:
 126:App/App.c     ****   }
 127:App/App.c     **** 
 128:App/App.c     ****   //REL2
 129:App/App.c     ****   if (HAL_GPIO_ReadPin(APP_REL_2) == GPIO_PIN_SET)
 311              		.loc 1 129 3 view .LVU77
 312              		.loc 1 129 7 is_stmt 0 view .LVU78
 313 007a 1021     		movs	r1, #16
 314 007c 4FF09040 		mov	r0, #1207959552
 315 0080 FFF7FEFF 		bl	HAL_GPIO_ReadPin
 316              	.LVL19:
 317              		.loc 1 129 6 view .LVU79
ARM GAS  C:\Users\sr1\AppData\Local\Temp\ccoQG56m.s 			page 9


 318 0084 0128     		cmp	r0, #1
 319 0086 51D0     		beq	.L36
 130:App/App.c     ****   {
 131:App/App.c     ****     APP_SET_BIT(App.Mdb_data_AO.state_led_rele, REL_2);
 132:App/App.c     ****   }
 133:App/App.c     ****   else
 134:App/App.c     ****   {
 135:App/App.c     ****     APP_RESET_BIT(App.Mdb_data_AO.state_led_rele, REL_2);
 320              		.loc 1 135 5 is_stmt 1 view .LVU80
 321 0088 324A     		ldr	r2, .L39+4
 322 008a 1388     		ldrh	r3, [r2]
 323 008c 23F02003 		bic	r3, r3, #32
 324 0090 1380     		strh	r3, [r2]	@ movhi
 325              	.L25:
 136:App/App.c     ****   }
 137:App/App.c     **** 
 138:App/App.c     ****   //REL3
 139:App/App.c     ****   if (HAL_GPIO_ReadPin(APP_REL_3) == GPIO_PIN_SET)
 326              		.loc 1 139 3 view .LVU81
 327              		.loc 1 139 7 is_stmt 0 view .LVU82
 328 0092 2021     		movs	r1, #32
 329 0094 4FF09040 		mov	r0, #1207959552
 330 0098 FFF7FEFF 		bl	HAL_GPIO_ReadPin
 331              	.LVL20:
 332              		.loc 1 139 6 view .LVU83
 333 009c 0128     		cmp	r0, #1
 334 009e 4BD0     		beq	.L37
 140:App/App.c     ****   {
 141:App/App.c     ****     APP_SET_BIT(App.Mdb_data_AO.state_led_rele, REL_3);
 142:App/App.c     ****   }
 143:App/App.c     ****   else
 144:App/App.c     ****   {
 145:App/App.c     ****     APP_RESET_BIT(App.Mdb_data_AO.state_led_rele, REL_3);
 335              		.loc 1 145 5 is_stmt 1 view .LVU84
 336 00a0 2C4A     		ldr	r2, .L39+4
 337 00a2 1388     		ldrh	r3, [r2]
 338 00a4 23F04003 		bic	r3, r3, #64
 339 00a8 1380     		strh	r3, [r2]	@ movhi
 340              	.L27:
 146:App/App.c     ****   }
 147:App/App.c     **** 
 148:App/App.c     ****   //REL4
 149:App/App.c     ****   if (HAL_GPIO_ReadPin(APP_REL_4) == GPIO_PIN_SET)
 341              		.loc 1 149 3 view .LVU85
 342              		.loc 1 149 7 is_stmt 0 view .LVU86
 343 00aa 4021     		movs	r1, #64
 344 00ac 4FF09040 		mov	r0, #1207959552
 345 00b0 FFF7FEFF 		bl	HAL_GPIO_ReadPin
 346              	.LVL21:
 347              		.loc 1 149 6 view .LVU87
 348 00b4 0128     		cmp	r0, #1
 349 00b6 45D0     		beq	.L38
 150:App/App.c     ****   {
 151:App/App.c     ****     APP_SET_BIT(App.Mdb_data_AO.state_led_rele, REL_4);
 152:App/App.c     ****   }
 153:App/App.c     ****   else
 154:App/App.c     ****   {
ARM GAS  C:\Users\sr1\AppData\Local\Temp\ccoQG56m.s 			page 10


 155:App/App.c     ****     APP_RESET_BIT(App.Mdb_data_AO.state_led_rele, REL_4);
 350              		.loc 1 155 5 is_stmt 1 view .LVU88
 351 00b8 264A     		ldr	r2, .L39+4
 352 00ba 1388     		ldrh	r3, [r2]
 353 00bc 23F08003 		bic	r3, r3, #128
 354 00c0 1380     		strh	r3, [r2]	@ movhi
 355              	.L29:
 156:App/App.c     ****   }
 157:App/App.c     ****   
 158:App/App.c     ****   App.Mdb_data_AO.spi_buf_0[0] = SPI_DATA_RX[0];
 356              		.loc 1 158 3 view .LVU89
 357              		.loc 1 158 45 is_stmt 0 view .LVU90
 358 00c2 254A     		ldr	r2, .L39+8
 359 00c4 1178     		ldrb	r1, [r2]	@ zero_extendqisi2
 360              		.loc 1 158 32 view .LVU91
 361 00c6 234B     		ldr	r3, .L39+4
 362 00c8 9980     		strh	r1, [r3, #4]	@ movhi
 159:App/App.c     ****   App.Mdb_data_AO.spi_buf_0[1] = SPI_DATA_RX[1];
 363              		.loc 1 159 3 is_stmt 1 view .LVU92
 364              		.loc 1 159 45 is_stmt 0 view .LVU93
 365 00ca 5178     		ldrb	r1, [r2, #1]	@ zero_extendqisi2
 366              		.loc 1 159 32 view .LVU94
 367 00cc D980     		strh	r1, [r3, #6]	@ movhi
 160:App/App.c     ****   App.Mdb_data_AO.spi_buf_0[2] = SPI_DATA_RX[2];
 368              		.loc 1 160 3 is_stmt 1 view .LVU95
 369              		.loc 1 160 45 is_stmt 0 view .LVU96
 370 00ce 9278     		ldrb	r2, [r2, #2]	@ zero_extendqisi2
 371              		.loc 1 160 32 view .LVU97
 372 00d0 1A81     		strh	r2, [r3, #8]	@ movhi
 161:App/App.c     ****   App.Mdb_data_AO.ADC_data     = App.adc_filter[ADC_ADS1251].value;
 373              		.loc 1 161 3 is_stmt 1 view .LVU98
 374              		.loc 1 161 61 is_stmt 0 view .LVU99
 375 00d2 D3ED047A 		vldr.32	s15, [r3, #16]
 376              		.loc 1 161 32 view .LVU100
 377 00d6 FCEEE77A 		vcvt.u32.f32	s15, s15
 378 00da 17EE902A 		vmov	r2, s15	@ int
 379 00de 5A81     		strh	r2, [r3, #10]	@ movhi
 162:App/App.c     ****   App.Mdb_data_AO.ADC_CPU_data = App.adc_filter[ADC_CPU].value;
 380              		.loc 1 162 3 is_stmt 1 view .LVU101
 381              		.loc 1 162 57 is_stmt 0 view .LVU102
 382 00e0 D3ED207A 		vldr.32	s15, [r3, #128]
 383              		.loc 1 162 32 view .LVU103
 384 00e4 FCEEE77A 		vcvt.u32.f32	s15, s15
 385 00e8 17EE902A 		vmov	r2, s15	@ int
 386 00ec 9A81     		strh	r2, [r3, #12]	@ movhi
 163:App/App.c     ****   return;
 387              		.loc 1 163 3 is_stmt 1 view .LVU104
 164:App/App.c     **** }
 388              		.loc 1 164 1 is_stmt 0 view .LVU105
 389 00ee 08BD     		pop	{r3, pc}
 390              	.L31:
  81:App/App.c     ****   }
 391              		.loc 1 81 5 is_stmt 1 view .LVU106
 392 00f0 184A     		ldr	r2, .L39+4
 393 00f2 1388     		ldrh	r3, [r2]
 394 00f4 43F00103 		orr	r3, r3, #1
 395 00f8 1380     		strh	r3, [r2]	@ movhi
ARM GAS  C:\Users\sr1\AppData\Local\Temp\ccoQG56m.s 			page 11


 396 00fa 8DE7     		b	.L15
 397              	.L32:
  91:App/App.c     ****   }
 398              		.loc 1 91 5 view .LVU107
 399 00fc 154A     		ldr	r2, .L39+4
 400 00fe 1388     		ldrh	r3, [r2]
 401 0100 43F00203 		orr	r3, r3, #2
 402 0104 1380     		strh	r3, [r2]	@ movhi
 403 0106 92E7     		b	.L17
 404              	.L33:
 101:App/App.c     ****   }
 405              		.loc 1 101 5 view .LVU108
 406 0108 124A     		ldr	r2, .L39+4
 407 010a 1388     		ldrh	r3, [r2]
 408 010c 43F00403 		orr	r3, r3, #4
 409 0110 1380     		strh	r3, [r2]	@ movhi
 410 0112 99E7     		b	.L19
 411              	.L34:
 111:App/App.c     ****   }
 412              		.loc 1 111 5 view .LVU109
 413 0114 0F4A     		ldr	r2, .L39+4
 414 0116 1388     		ldrh	r3, [r2]
 415 0118 43F00803 		orr	r3, r3, #8
 416 011c 1380     		strh	r3, [r2]	@ movhi
 417 011e A0E7     		b	.L21
 418              	.L35:
 121:App/App.c     ****   }
 419              		.loc 1 121 5 view .LVU110
 420 0120 0C4A     		ldr	r2, .L39+4
 421 0122 1388     		ldrh	r3, [r2]
 422 0124 43F01003 		orr	r3, r3, #16
 423 0128 1380     		strh	r3, [r2]	@ movhi
 424 012a A6E7     		b	.L23
 425              	.L36:
 131:App/App.c     ****   }
 426              		.loc 1 131 5 view .LVU111
 427 012c 094A     		ldr	r2, .L39+4
 428 012e 1388     		ldrh	r3, [r2]
 429 0130 43F02003 		orr	r3, r3, #32
 430 0134 1380     		strh	r3, [r2]	@ movhi
 431 0136 ACE7     		b	.L25
 432              	.L37:
 141:App/App.c     ****   }
 433              		.loc 1 141 5 view .LVU112
 434 0138 064A     		ldr	r2, .L39+4
 435 013a 1388     		ldrh	r3, [r2]
 436 013c 43F04003 		orr	r3, r3, #64
 437 0140 1380     		strh	r3, [r2]	@ movhi
 438 0142 B2E7     		b	.L27
 439              	.L38:
 151:App/App.c     ****   }
 440              		.loc 1 151 5 view .LVU113
 441 0144 034A     		ldr	r2, .L39+4
 442 0146 1388     		ldrh	r3, [r2]
 443 0148 43F08003 		orr	r3, r3, #128
 444 014c 1380     		strh	r3, [r2]	@ movhi
 445 014e B8E7     		b	.L29
ARM GAS  C:\Users\sr1\AppData\Local\Temp\ccoQG56m.s 			page 12


 446              	.L40:
 447              		.align	2
 448              	.L39:
 449 0150 00080048 		.word	1207961600
 450 0154 00000000 		.word	App
 451 0158 00000000 		.word	SPI_DATA_RX
 452              		.cfi_endproc
 453              	.LFE333:
 455              		.section	.text.bsp_tim7_1ms_callback,"ax",%progbits
 456              		.align	1
 457              		.global	bsp_tim7_1ms_callback
 458              		.syntax unified
 459              		.thumb
 460              		.thumb_func
 462              	bsp_tim7_1ms_callback:
 463              	.LFB332:
  56:App/App.c     ****   static uint8_t i = 0;
 464              		.loc 1 56 1 view -0
 465              		.cfi_startproc
 466              		@ args = 0, pretend = 0, frame = 0
 467              		@ frame_needed = 0, uses_anonymous_args = 0
 468 0000 08B5     		push	{r3, lr}
 469              	.LCFI3:
 470              		.cfi_def_cfa_offset 8
 471              		.cfi_offset 3, -8
 472              		.cfi_offset 14, -4
  57:App/App.c     ****   static uint16_t j = 0;
 473              		.loc 1 57 3 view .LVU115
  58:App/App.c     **** 
 474              		.loc 1 58 3 view .LVU116
  61:App/App.c     ****   {
 475              		.loc 1 61 3 view .LVU117
  61:App/App.c     ****   {
 476              		.loc 1 61 8 is_stmt 0 view .LVU118
 477 0002 0C4A     		ldr	r2, .L46
 478 0004 1378     		ldrb	r3, [r2]	@ zero_extendqisi2
 479 0006 591C     		adds	r1, r3, #1
 480 0008 1170     		strb	r1, [r2]
  61:App/App.c     ****   {
 481              		.loc 1 61 6 view .LVU119
 482 000a 092B     		cmp	r3, #9
 483 000c 0AD8     		bhi	.L45
 484              	.L42:
  68:App/App.c     ****   {
 485              		.loc 1 68 3 is_stmt 1 view .LVU120
  68:App/App.c     ****   {
 486              		.loc 1 68 8 is_stmt 0 view .LVU121
 487 000e 0A4A     		ldr	r2, .L46+4
 488 0010 1388     		ldrh	r3, [r2]
 489 0012 591C     		adds	r1, r3, #1
 490 0014 1180     		strh	r1, [r2]	@ movhi
  68:App/App.c     ****   {
 491              		.loc 1 68 6 view .LVU122
 492 0016 B3F5FA7F 		cmp	r3, #500
 493 001a 02D3     		bcc	.L41
  71:App/App.c     ****   }
 494              		.loc 1 71 5 is_stmt 1 view .LVU123
ARM GAS  C:\Users\sr1\AppData\Local\Temp\ccoQG56m.s 			page 13


  71:App/App.c     ****   }
 495              		.loc 1 71 7 is_stmt 0 view .LVU124
 496 001c 1346     		mov	r3, r2
 497 001e 0022     		movs	r2, #0
 498 0020 1A80     		strh	r2, [r3]	@ movhi
  73:App/App.c     **** }
 499              		.loc 1 73 3 is_stmt 1 view .LVU125
 500              	.L41:
  74:App/App.c     **** 
 501              		.loc 1 74 1 is_stmt 0 view .LVU126
 502 0022 08BD     		pop	{r3, pc}
 503              	.L45:
  63:App/App.c     ****     protocolMbRtuSlaveCtrl_update_tables();
 504              		.loc 1 63 5 is_stmt 1 view .LVU127
 505 0024 FFF7FEFF 		bl	app_update_reg
 506              	.LVL22:
  64:App/App.c     ****     i = 0;
 507              		.loc 1 64 5 view .LVU128
 508 0028 FFF7FEFF 		bl	protocolMbRtuSlaveCtrl_update_tables
 509              	.LVL23:
  65:App/App.c     ****   }
 510              		.loc 1 65 5 view .LVU129
  65:App/App.c     ****   }
 511              		.loc 1 65 7 is_stmt 0 view .LVU130
 512 002c 014B     		ldr	r3, .L46
 513 002e 0022     		movs	r2, #0
 514 0030 1A70     		strb	r2, [r3]
 515 0032 ECE7     		b	.L42
 516              	.L47:
 517              		.align	2
 518              	.L46:
 519 0034 00000000 		.word	i.1
 520 0038 00000000 		.word	j.0
 521              		.cfi_endproc
 522              	.LFE332:
 524              		.section	.text.app_adc_data_filter,"ax",%progbits
 525              		.align	1
 526              		.global	app_adc_data_filter
 527              		.syntax unified
 528              		.thumb
 529              		.thumb_func
 531              	app_adc_data_filter:
 532              	.LVL24:
 533              	.LFB335:
 165:App/App.c     **** 
 166:App/App.c     **** void bsp_ADC_data_ready()
 167:App/App.c     **** {
 168:App/App.c     ****   APP_LED_TOGGLE(APP_LED_3);
 169:App/App.c     ****   app_adc_data_filter((HAL_ADCEx_InjectedGetValue(&hadc2, ADC_INJECTED_RANK_2)/16), ADC_CPU);
 170:App/App.c     ****   app_adc_data_filter(bsp_get_data_spi(), ADC_ADS1251);
 171:App/App.c     **** }
 172:App/App.c     **** 
 173:App/App.c     **** #define ADC_ADS1251_MAX_VAL 8388607.0f
 174:App/App.c     **** #define ADC_ADS1251_REF_VOLT  3.3f
 175:App/App.c     **** #define ADC_CPU_MAX_VAL 4096.0f
 176:App/App.c     **** #define ADC_CPU_REF_VOLT  3.3f
 177:App/App.c     **** void app_adc_data_filter(uint32_t ADC_Buf_raw, ADC_enum adc)
ARM GAS  C:\Users\sr1\AppData\Local\Temp\ccoQG56m.s 			page 14


 178:App/App.c     **** {
 534              		.loc 1 178 1 is_stmt 1 view -0
 535              		.cfi_startproc
 536              		@ args = 0, pretend = 0, frame = 8
 537              		@ frame_needed = 0, uses_anonymous_args = 0
 538              		@ link register save eliminated.
 539              		.loc 1 178 1 is_stmt 0 view .LVU132
 540 0000 10B4     		push	{r4}
 541              	.LCFI4:
 542              		.cfi_def_cfa_offset 4
 543              		.cfi_offset 4, -4
 544 0002 83B0     		sub	sp, sp, #12
 545              	.LCFI5:
 546              		.cfi_def_cfa_offset 16
 547 0004 0190     		str	r0, [sp, #4]
 179:App/App.c     ****   float value = 0.0f;
 548              		.loc 1 179 3 is_stmt 1 view .LVU133
 549              	.LVL25:
 180:App/App.c     ****   float valueLast = 0.0f;
 550              		.loc 1 180 3 view .LVU134
 181:App/App.c     ****   float kFilter = 0.0f;
 551              		.loc 1 181 3 view .LVU135
 182:App/App.c     ****   float data = 0.0f;
 552              		.loc 1 182 3 view .LVU136
 183:App/App.c     ****   float sum = 0.0f;
 553              		.loc 1 183 3 view .LVU137
 184:App/App.c     ****   if (adc == ADC_ADS1251)
 554              		.loc 1 184 3 view .LVU138
 555              		.loc 1 184 6 is_stmt 0 view .LVU139
 556 0006 0846     		mov	r0, r1
 557              	.LVL26:
 558              		.loc 1 184 6 view .LVU140
 559 0008 59BB     		cbnz	r1, .L49
 185:App/App.c     ****   {
 186:App/App.c     ****     data = ((float)ADC_Buf_raw / ADC_ADS1251_MAX_VAL * ADC_ADS1251_REF_VOLT * 1000.0f);
 560              		.loc 1 186 5 is_stmt 1 view .LVU141
 561              		.loc 1 186 13 is_stmt 0 view .LVU142
 562 000a DDED017A 		vldr.32	s15, [sp, #4]	@ int
 563 000e F8EE676A 		vcvt.f32.u32	s13, s15
 564              		.loc 1 186 32 view .LVU143
 565 0012 9FED417A 		vldr.32	s14, .L58
 566 0016 C6EE877A 		vdiv.f32	s15, s13, s14
 567              		.loc 1 186 54 view .LVU144
 568 001a 9FED407A 		vldr.32	s14, .L58+4
 569 001e 67EE877A 		vmul.f32	s15, s15, s14
 570              		.loc 1 186 10 view .LVU145
 571 0022 9FED3F7A 		vldr.32	s14, .L58+8
 572 0026 67EE877A 		vmul.f32	s15, s15, s14
 573              	.LVL27:
 574              	.L50:
 187:App/App.c     ****   }
 188:App/App.c     ****   else if (adc == ADC_CPU)
 189:App/App.c     ****   {
 190:App/App.c     ****     data = ((float)ADC_Buf_raw / ADC_CPU_MAX_VAL * ADC_CPU_REF_VOLT * 1000.0f);
 191:App/App.c     ****   }
 192:App/App.c     **** 
 193:App/App.c     ****   App.adc_filter[adc].buf[App.adc_filter[adc].bufIdx++] = data;
ARM GAS  C:\Users\sr1\AppData\Local\Temp\ccoQG56m.s 			page 15


 575              		.loc 1 193 3 is_stmt 1 view .LVU146
 576              		.loc 1 193 46 is_stmt 0 view .LVU147
 577 002a 3E4C     		ldr	r4, .L58+12
 578 002c C0EBC002 		rsb	r2, r0, r0, lsl #3
 579 0030 04EB0212 		add	r2, r4, r2, lsl #4
 580 0034 92F87C30 		ldrb	r3, [r2, #124]	@ zero_extendqisi2
 581              		.loc 1 193 53 view .LVU148
 582 0038 591C     		adds	r1, r3, #1
 583              	.LVL28:
 584              		.loc 1 193 53 view .LVU149
 585 003a C9B2     		uxtb	r1, r1
 586 003c 82F87C10 		strb	r1, [r2, #124]
 587              		.loc 1 193 57 view .LVU150
 588 0040 C0EBC00C 		rsb	ip, r0, r0, lsl #3
 589 0044 03EB8C03 		add	r3, r3, ip, lsl #2
 590 0048 0633     		adds	r3, r3, #6
 591 004a 04EB8304 		add	r4, r4, r3, lsl #2
 592 004e C4ED017A 		vstr.32	s15, [r4, #4]
 194:App/App.c     **** 
 195:App/App.c     ****   if (App.adc_filter[adc].bufIdx == App.adc_filter[adc].order) 
 593              		.loc 1 195 3 is_stmt 1 view .LVU151
 594              		.loc 1 195 56 is_stmt 0 view .LVU152
 595 0052 92F87EC0 		ldrb	ip, [r2, #126]	@ zero_extendqisi2
 596              		.loc 1 195 6 view .LVU153
 597 0056 6145     		cmp	r1, ip
 598 0058 19D0     		beq	.L56
 599              	.L51:
 196:App/App.c     ****   {
 197:App/App.c     ****     App.adc_filter[adc].bufIdx = 0;
 198:App/App.c     ****   }
 199:App/App.c     **** 
 200:App/App.c     ****   for(uint8_t idx = 0; idx < App.adc_filter[adc].order; idx++)
 600              		.loc 1 200 3 is_stmt 1 view .LVU154
 601              	.LBB4:
 602              		.loc 1 200 7 view .LVU155
 603              	.LVL29:
 604              		.loc 1 200 15 is_stmt 0 view .LVU156
 605 005a 0023     		movs	r3, #0
 606              	.LBE4:
 183:App/App.c     ****   if (adc == ADC_ADS1251)
 607              		.loc 1 183 9 view .LVU157
 608 005c DFED327A 		vldr.32	s15, .L58+16
 609              	.LVL30:
 610              	.LBB5:
 611              		.loc 1 200 3 view .LVU158
 612 0060 2CE0     		b	.L52
 613              	.LVL31:
 614              	.L49:
 615              		.loc 1 200 3 view .LVU159
 616              	.LBE5:
 188:App/App.c     ****   {
 617              		.loc 1 188 8 is_stmt 1 view .LVU160
 188:App/App.c     ****   {
 618              		.loc 1 188 11 is_stmt 0 view .LVU161
 619 0062 0129     		cmp	r1, #1
 620 0064 02D0     		beq	.L57
 182:App/App.c     ****   float sum = 0.0f;
ARM GAS  C:\Users\sr1\AppData\Local\Temp\ccoQG56m.s 			page 16


 621              		.loc 1 182 9 view .LVU162
 622 0066 DFED307A 		vldr.32	s15, .L58+16
 623 006a DEE7     		b	.L50
 624              	.L57:
 190:App/App.c     ****   }
 625              		.loc 1 190 5 is_stmt 1 view .LVU163
 190:App/App.c     ****   }
 626              		.loc 1 190 13 is_stmt 0 view .LVU164
 627 006c DDED017A 		vldr.32	s15, [sp, #4]	@ int
 628 0070 F8EE677A 		vcvt.f32.u32	s15, s15
 190:App/App.c     ****   }
 629              		.loc 1 190 32 view .LVU165
 630 0074 9FED2D7A 		vldr.32	s14, .L58+20
 631 0078 67EE877A 		vmul.f32	s15, s15, s14
 190:App/App.c     ****   }
 632              		.loc 1 190 50 view .LVU166
 633 007c 9FED277A 		vldr.32	s14, .L58+4
 634 0080 67EE877A 		vmul.f32	s15, s15, s14
 190:App/App.c     ****   }
 635              		.loc 1 190 10 view .LVU167
 636 0084 9FED267A 		vldr.32	s14, .L58+8
 637 0088 67EE877A 		vmul.f32	s15, s15, s14
 638              	.LVL32:
 190:App/App.c     ****   }
 639              		.loc 1 190 10 view .LVU168
 640 008c CDE7     		b	.L50
 641              	.LVL33:
 642              	.L56:
 197:App/App.c     ****   }
 643              		.loc 1 197 5 is_stmt 1 view .LVU169
 197:App/App.c     ****   }
 644              		.loc 1 197 32 is_stmt 0 view .LVU170
 645 008e C0EBC002 		rsb	r2, r0, r0, lsl #3
 646 0092 244B     		ldr	r3, .L58+12
 647 0094 03EB0213 		add	r3, r3, r2, lsl #4
 648 0098 0022     		movs	r2, #0
 649 009a 83F87C20 		strb	r2, [r3, #124]
 650 009e DCE7     		b	.L51
 651              	.LVL34:
 652              	.L53:
 653              	.LBB6:
 201:App/App.c     ****   {
 202:App/App.c     ****     sum += App.adc_filter[adc].buf[idx];
 654              		.loc 1 202 5 is_stmt 1 discriminator 3 view .LVU171
 655              		.loc 1 202 35 is_stmt 0 discriminator 3 view .LVU172
 656 00a0 C0EBC002 		rsb	r2, r0, r0, lsl #3
 657 00a4 03EB8202 		add	r2, r3, r2, lsl #2
 658 00a8 0632     		adds	r2, r2, #6
 659 00aa 1E49     		ldr	r1, .L58+12
 660 00ac 01EB8202 		add	r2, r1, r2, lsl #2
 661 00b0 92ED017A 		vldr.32	s14, [r2, #4]
 662              		.loc 1 202 9 discriminator 3 view .LVU173
 663 00b4 77EE877A 		vadd.f32	s15, s15, s14
 664              	.LVL35:
 200:App/App.c     ****   {
 665              		.loc 1 200 60 is_stmt 1 discriminator 3 view .LVU174
 666 00b8 0133     		adds	r3, r3, #1
ARM GAS  C:\Users\sr1\AppData\Local\Temp\ccoQG56m.s 			page 17


 667              	.LVL36:
 200:App/App.c     ****   {
 668              		.loc 1 200 60 is_stmt 0 discriminator 3 view .LVU175
 669 00ba DBB2     		uxtb	r3, r3
 670              	.LVL37:
 671              	.L52:
 200:App/App.c     ****   {
 672              		.loc 1 200 28 is_stmt 1 discriminator 1 view .LVU176
 673 00bc 9C45     		cmp	ip, r3
 674 00be EFD8     		bhi	.L53
 675              	.LBE6:
 203:App/App.c     ****   }
 204:App/App.c     **** 
 205:App/App.c     ****   App.adc_filter[adc].valueRaw = sum / App.adc_filter[adc].order;
 676              		.loc 1 205 3 view .LVU177
 677              		.loc 1 205 38 is_stmt 0 view .LVU178
 678 00c0 07EE10CA 		vmov	s14, ip	@ int
 679 00c4 B8EEC77A 		vcvt.f32.s32	s14, s14
 680 00c8 C7EE876A 		vdiv.f32	s13, s15, s14
 681              		.loc 1 205 32 view .LVU179
 682 00cc 154A     		ldr	r2, .L58+12
 683 00ce C0EBC003 		rsb	r3, r0, r0, lsl #3
 684              	.LVL38:
 685              		.loc 1 205 32 view .LVU180
 686 00d2 02EB0313 		add	r3, r2, r3, lsl #4
 687 00d6 C3ED066A 		vstr.32	s13, [r3, #24]
 206:App/App.c     ****   
 207:App/App.c     ****   //--------------------//
 208:App/App.c     ****   value = App.adc_filter[adc].valueRaw;
 688              		.loc 1 208 3 is_stmt 1 view .LVU181
 689              	.LVL39:
 209:App/App.c     ****   valueLast = App.adc_filter[adc].value_last;
 690              		.loc 1 209 3 view .LVU182
 691              		.loc 1 209 13 is_stmt 0 view .LVU183
 692 00da 93ED057A 		vldr.32	s14, [r3, #20]
 693              	.LVL40:
 210:App/App.c     ****   kFilter = 2.0f / ((float)App.adc_filter[adc].filter_N + 1.0f);
 694              		.loc 1 210 3 is_stmt 1 view .LVU184
 695              		.loc 1 210 47 is_stmt 0 view .LVU185
 696 00de 93F87D10 		ldrb	r1, [r3, #125]	@ zero_extendqisi2
 697 00e2 07EE901A 		vmov	s15, r1	@ int
 698              	.LVL41:
 699              		.loc 1 210 21 view .LVU186
 700 00e6 F8EE677A 		vcvt.f32.u32	s15, s15
 701              		.loc 1 210 57 view .LVU187
 702 00ea B7EE006A 		vmov.f32	s12, #1.0e+0
 703 00ee 77EE867A 		vadd.f32	s15, s15, s12
 704              		.loc 1 210 11 view .LVU188
 705 00f2 F0EE005A 		vmov.f32	s11, #2.0e+0
 706 00f6 85EEA76A 		vdiv.f32	s12, s11, s15
 707              	.LVL42:
 211:App/App.c     ****   value = valueLast + kFilter*(value - valueLast);
 708              		.loc 1 211 3 is_stmt 1 view .LVU189
 709              		.loc 1 211 38 is_stmt 0 view .LVU190
 710 00fa 76EEC77A 		vsub.f32	s15, s13, s14
 711              		.loc 1 211 30 view .LVU191
 712 00fe 67EE867A 		vmul.f32	s15, s15, s12
ARM GAS  C:\Users\sr1\AppData\Local\Temp\ccoQG56m.s 			page 18


 713              		.loc 1 211 9 view .LVU192
 714 0102 77EE877A 		vadd.f32	s15, s15, s14
 715              	.LVL43:
 212:App/App.c     ****   App.adc_filter[adc].value = value;
 716              		.loc 1 212 3 is_stmt 1 view .LVU193
 717              		.loc 1 212 29 is_stmt 0 view .LVU194
 718 0106 C3ED047A 		vstr.32	s15, [r3, #16]
 213:App/App.c     ****   App.adc_filter[adc].value_last = value;
 719              		.loc 1 213 3 is_stmt 1 view .LVU195
 720              		.loc 1 213 34 is_stmt 0 view .LVU196
 721 010a C3ED057A 		vstr.32	s15, [r3, #20]
 214:App/App.c     **** }
 722              		.loc 1 214 1 view .LVU197
 723 010e 03B0     		add	sp, sp, #12
 724              	.LCFI6:
 725              		.cfi_def_cfa_offset 4
 726              		@ sp needed
 727 0110 5DF8044B 		ldr	r4, [sp], #4
 728              	.LCFI7:
 729              		.cfi_restore 4
 730              		.cfi_def_cfa_offset 0
 731              	.LVL44:
 732              		.loc 1 214 1 view .LVU198
 733 0114 7047     		bx	lr
 734              	.L59:
 735 0116 00BF     		.align	2
 736              	.L58:
 737 0118 FEFFFF4A 		.word	1258291198
 738 011c 33335340 		.word	1079194419
 739 0120 00007A44 		.word	1148846080
 740 0124 00000000 		.word	App
 741 0128 00000000 		.word	0
 742 012c 00008039 		.word	964689920
 743              		.cfi_endproc
 744              	.LFE335:
 746              		.section	.text.bsp_ADC_data_ready,"ax",%progbits
 747              		.align	1
 748              		.global	bsp_ADC_data_ready
 749              		.syntax unified
 750              		.thumb
 751              		.thumb_func
 753              	bsp_ADC_data_ready:
 754              	.LFB334:
 167:App/App.c     ****   APP_LED_TOGGLE(APP_LED_3);
 755              		.loc 1 167 1 is_stmt 1 view -0
 756              		.cfi_startproc
 757              		@ args = 0, pretend = 0, frame = 0
 758              		@ frame_needed = 0, uses_anonymous_args = 0
 759 0000 08B5     		push	{r3, lr}
 760              	.LCFI8:
 761              		.cfi_def_cfa_offset 8
 762              		.cfi_offset 3, -8
 763              		.cfi_offset 14, -4
 168:App/App.c     ****   app_adc_data_filter((HAL_ADCEx_InjectedGetValue(&hadc2, ADC_INJECTED_RANK_2)/16), ADC_CPU);
 764              		.loc 1 168 3 view .LVU200
 765 0002 4FF48061 		mov	r1, #1024
 766 0006 4FF09040 		mov	r0, #1207959552
ARM GAS  C:\Users\sr1\AppData\Local\Temp\ccoQG56m.s 			page 19


 767 000a FFF7FEFF 		bl	HAL_GPIO_TogglePin
 768              	.LVL45:
 169:App/App.c     ****   app_adc_data_filter(bsp_get_data_spi(), ADC_ADS1251);
 769              		.loc 1 169 3 view .LVU201
 169:App/App.c     ****   app_adc_data_filter(bsp_get_data_spi(), ADC_ADS1251);
 770              		.loc 1 169 24 is_stmt 0 view .LVU202
 771 000e 40F20F11 		movw	r1, #271
 772 0012 0648     		ldr	r0, .L62
 773 0014 FFF7FEFF 		bl	HAL_ADCEx_InjectedGetValue
 774              	.LVL46:
 169:App/App.c     ****   app_adc_data_filter(bsp_get_data_spi(), ADC_ADS1251);
 775              		.loc 1 169 3 view .LVU203
 776 0018 0121     		movs	r1, #1
 777 001a 0009     		lsrs	r0, r0, #4
 778 001c FFF7FEFF 		bl	app_adc_data_filter
 779              	.LVL47:
 170:App/App.c     **** }
 780              		.loc 1 170 3 is_stmt 1 view .LVU204
 781 0020 FFF7FEFF 		bl	bsp_get_data_spi
 782              	.LVL48:
 783 0024 0021     		movs	r1, #0
 784 0026 FFF7FEFF 		bl	app_adc_data_filter
 785              	.LVL49:
 171:App/App.c     **** 
 786              		.loc 1 171 1 is_stmt 0 view .LVU205
 787 002a 08BD     		pop	{r3, pc}
 788              	.L63:
 789              		.align	2
 790              	.L62:
 791 002c 00000000 		.word	hadc2
 792              		.cfi_endproc
 793              	.LFE334:
 795              		.section	.text.app_control_led_rele,"ax",%progbits
 796              		.align	1
 797              		.global	app_control_led_rele
 798              		.syntax unified
 799              		.thumb
 800              		.thumb_func
 802              	app_control_led_rele:
 803              	.LVL50:
 804              	.LFB336:
 215:App/App.c     **** 
 216:App/App.c     **** void app_control_led_rele(uint16_t control_led_rele)
 217:App/App.c     **** {
 805              		.loc 1 217 1 is_stmt 1 view -0
 806              		.cfi_startproc
 807              		@ args = 0, pretend = 0, frame = 0
 808              		@ frame_needed = 0, uses_anonymous_args = 0
 809              		.loc 1 217 1 is_stmt 0 view .LVU207
 810 0000 08B5     		push	{r3, lr}
 811              	.LCFI9:
 812              		.cfi_def_cfa_offset 8
 813              		.cfi_offset 3, -8
 814              		.cfi_offset 14, -4
 218:App/App.c     ****     // LED1
 219:App/App.c     ****     if(APP_GET_BIT(App.Mdb_data_AO.control_led_rele, LED_1))
 815              		.loc 1 219 5 is_stmt 1 view .LVU208
ARM GAS  C:\Users\sr1\AppData\Local\Temp\ccoQG56m.s 			page 20


 816              		.loc 1 219 8 is_stmt 0 view .LVU209
 817 0002 484B     		ldr	r3, .L82
 818 0004 5B88     		ldrh	r3, [r3, #2]
 819              		.loc 1 219 7 view .LVU210
 820 0006 13F0010F 		tst	r3, #1
 821 000a 53D0     		beq	.L65
 220:App/App.c     ****     {
 221:App/App.c     ****       APP_LED_ON(APP_LED_1);
 822              		.loc 1 221 7 is_stmt 1 view .LVU211
 823 000c 0122     		movs	r2, #1
 824 000e 0221     		movs	r1, #2
 825 0010 4548     		ldr	r0, .L82+4
 826              	.LVL51:
 827              		.loc 1 221 7 is_stmt 0 view .LVU212
 828 0012 FFF7FEFF 		bl	HAL_GPIO_WritePin
 829              	.LVL52:
 830              	.L66:
 222:App/App.c     ****     }
 223:App/App.c     ****     else
 224:App/App.c     ****     {
 225:App/App.c     ****       APP_LED_OFF(APP_LED_1);
 226:App/App.c     ****     }
 227:App/App.c     **** 
 228:App/App.c     ****     // LED2
 229:App/App.c     ****     if(APP_GET_BIT(App.Mdb_data_AO.control_led_rele, LED_2))
 831              		.loc 1 229 5 is_stmt 1 view .LVU213
 832              		.loc 1 229 8 is_stmt 0 view .LVU214
 833 0016 434B     		ldr	r3, .L82
 834 0018 5B88     		ldrh	r3, [r3, #2]
 835              		.loc 1 229 7 view .LVU215
 836 001a 13F0020F 		tst	r3, #2
 837 001e 4FD0     		beq	.L67
 230:App/App.c     ****     {
 231:App/App.c     ****       APP_LED_ON(APP_LED_2);
 838              		.loc 1 231 7 is_stmt 1 view .LVU216
 839 0020 0122     		movs	r2, #1
 840 0022 0421     		movs	r1, #4
 841 0024 4048     		ldr	r0, .L82+4
 842 0026 FFF7FEFF 		bl	HAL_GPIO_WritePin
 843              	.LVL53:
 844              	.L68:
 232:App/App.c     ****     }
 233:App/App.c     ****     else
 234:App/App.c     ****     {
 235:App/App.c     ****       APP_LED_OFF(APP_LED_2);
 236:App/App.c     ****     }
 237:App/App.c     **** 
 238:App/App.c     ****     // LED3
 239:App/App.c     ****     if(APP_GET_BIT(App.Mdb_data_AO.control_led_rele, LED_3))
 845              		.loc 1 239 5 view .LVU217
 846              		.loc 1 239 8 is_stmt 0 view .LVU218
 847 002a 3E4B     		ldr	r3, .L82
 848 002c 5B88     		ldrh	r3, [r3, #2]
 849              		.loc 1 239 7 view .LVU219
 850 002e 13F0040F 		tst	r3, #4
 851 0032 4BD0     		beq	.L69
 240:App/App.c     ****     {
ARM GAS  C:\Users\sr1\AppData\Local\Temp\ccoQG56m.s 			page 21


 241:App/App.c     ****       APP_LED_ON(APP_LED_3);
 852              		.loc 1 241 7 is_stmt 1 view .LVU220
 853 0034 0122     		movs	r2, #1
 854 0036 4FF48061 		mov	r1, #1024
 855 003a 4FF09040 		mov	r0, #1207959552
 856 003e FFF7FEFF 		bl	HAL_GPIO_WritePin
 857              	.LVL54:
 858              	.L70:
 242:App/App.c     ****     }
 243:App/App.c     ****     else
 244:App/App.c     ****     {
 245:App/App.c     ****       APP_LED_OFF(APP_LED_3);
 246:App/App.c     ****     }
 247:App/App.c     **** 
 248:App/App.c     ****     // LED4
 249:App/App.c     ****     if(APP_GET_BIT(App.Mdb_data_AO.control_led_rele, LED_4))
 859              		.loc 1 249 5 view .LVU221
 860              		.loc 1 249 8 is_stmt 0 view .LVU222
 861 0042 384B     		ldr	r3, .L82
 862 0044 5B88     		ldrh	r3, [r3, #2]
 863              		.loc 1 249 7 view .LVU223
 864 0046 13F0080F 		tst	r3, #8
 865 004a 47D0     		beq	.L71
 250:App/App.c     ****     {
 251:App/App.c     ****       APP_LED_ON(APP_LED_4);
 866              		.loc 1 251 7 is_stmt 1 view .LVU224
 867 004c 0122     		movs	r2, #1
 868 004e 4FF40061 		mov	r1, #2048
 869 0052 4FF09040 		mov	r0, #1207959552
 870 0056 FFF7FEFF 		bl	HAL_GPIO_WritePin
 871              	.LVL55:
 872              	.L72:
 252:App/App.c     ****     }
 253:App/App.c     ****     else
 254:App/App.c     ****     {
 255:App/App.c     ****       APP_LED_OFF(APP_LED_4);
 256:App/App.c     ****     }
 257:App/App.c     **** 
 258:App/App.c     ****     // REL_1
 259:App/App.c     ****     if(APP_GET_BIT(App.Mdb_data_AO.control_led_rele, REL_1))
 873              		.loc 1 259 5 view .LVU225
 874              		.loc 1 259 8 is_stmt 0 view .LVU226
 875 005a 324B     		ldr	r3, .L82
 876 005c 5B88     		ldrh	r3, [r3, #2]
 877              		.loc 1 259 7 view .LVU227
 878 005e 13F0100F 		tst	r3, #16
 879 0062 43D0     		beq	.L73
 260:App/App.c     ****     {
 261:App/App.c     ****       APP_REL_ON(APP_REL_1);
 880              		.loc 1 261 7 is_stmt 1 view .LVU228
 881 0064 0122     		movs	r2, #1
 882 0066 0821     		movs	r1, #8
 883 0068 4FF09040 		mov	r0, #1207959552
 884 006c FFF7FEFF 		bl	HAL_GPIO_WritePin
 885              	.LVL56:
 886              	.L74:
 262:App/App.c     ****     }
ARM GAS  C:\Users\sr1\AppData\Local\Temp\ccoQG56m.s 			page 22


 263:App/App.c     ****     else
 264:App/App.c     ****     {
 265:App/App.c     ****       APP_REL_OFF(APP_REL_1);
 266:App/App.c     ****     }
 267:App/App.c     **** 
 268:App/App.c     ****     // REL_2
 269:App/App.c     ****     if(APP_GET_BIT(App.Mdb_data_AO.control_led_rele, REL_2))
 887              		.loc 1 269 5 view .LVU229
 888              		.loc 1 269 8 is_stmt 0 view .LVU230
 889 0070 2C4B     		ldr	r3, .L82
 890 0072 5B88     		ldrh	r3, [r3, #2]
 891              		.loc 1 269 7 view .LVU231
 892 0074 13F0200F 		tst	r3, #32
 893 0078 3FD0     		beq	.L75
 270:App/App.c     ****     {
 271:App/App.c     ****       APP_REL_ON(APP_REL_2);
 894              		.loc 1 271 7 is_stmt 1 view .LVU232
 895 007a 0122     		movs	r2, #1
 896 007c 1021     		movs	r1, #16
 897 007e 4FF09040 		mov	r0, #1207959552
 898 0082 FFF7FEFF 		bl	HAL_GPIO_WritePin
 899              	.LVL57:
 900              	.L76:
 272:App/App.c     ****     }
 273:App/App.c     ****     else
 274:App/App.c     ****     {
 275:App/App.c     ****       APP_REL_OFF(APP_REL_2);
 276:App/App.c     ****     }
 277:App/App.c     **** 
 278:App/App.c     ****     // REL_3
 279:App/App.c     ****     if(APP_GET_BIT(App.Mdb_data_AO.control_led_rele, REL_3))
 901              		.loc 1 279 5 view .LVU233
 902              		.loc 1 279 8 is_stmt 0 view .LVU234
 903 0086 274B     		ldr	r3, .L82
 904 0088 5B88     		ldrh	r3, [r3, #2]
 905              		.loc 1 279 7 view .LVU235
 906 008a 13F0400F 		tst	r3, #64
 907 008e 3BD0     		beq	.L77
 280:App/App.c     ****     {
 281:App/App.c     ****       APP_REL_ON(APP_REL_3);
 908              		.loc 1 281 7 is_stmt 1 view .LVU236
 909 0090 0122     		movs	r2, #1
 910 0092 2021     		movs	r1, #32
 911 0094 4FF09040 		mov	r0, #1207959552
 912 0098 FFF7FEFF 		bl	HAL_GPIO_WritePin
 913              	.LVL58:
 914              	.L78:
 282:App/App.c     ****     }
 283:App/App.c     ****     else
 284:App/App.c     ****     {
 285:App/App.c     ****       APP_REL_OFF(APP_REL_3);
 286:App/App.c     ****     }
 287:App/App.c     **** 
 288:App/App.c     ****     // REL_4
 289:App/App.c     ****     if(APP_GET_BIT(App.Mdb_data_AO.control_led_rele, REL_3))
 915              		.loc 1 289 5 view .LVU237
 916              		.loc 1 289 8 is_stmt 0 view .LVU238
ARM GAS  C:\Users\sr1\AppData\Local\Temp\ccoQG56m.s 			page 23


 917 009c 214B     		ldr	r3, .L82
 918 009e 5B88     		ldrh	r3, [r3, #2]
 919              		.loc 1 289 7 view .LVU239
 920 00a0 13F0400F 		tst	r3, #64
 921 00a4 37D0     		beq	.L79
 290:App/App.c     ****     {
 291:App/App.c     ****       APP_REL_ON(APP_REL_4);
 922              		.loc 1 291 7 is_stmt 1 view .LVU240
 923 00a6 0122     		movs	r2, #1
 924 00a8 4021     		movs	r1, #64
 925 00aa 4FF09040 		mov	r0, #1207959552
 926 00ae FFF7FEFF 		bl	HAL_GPIO_WritePin
 927              	.LVL59:
 928              	.L64:
 292:App/App.c     ****     }
 293:App/App.c     ****     else
 294:App/App.c     ****     {
 295:App/App.c     ****       APP_REL_OFF(APP_REL_4);
 296:App/App.c     ****     }
 297:App/App.c     **** }
 929              		.loc 1 297 1 is_stmt 0 view .LVU241
 930 00b2 08BD     		pop	{r3, pc}
 931              	.LVL60:
 932              	.L65:
 225:App/App.c     ****     }
 933              		.loc 1 225 7 is_stmt 1 view .LVU242
 934 00b4 0022     		movs	r2, #0
 935 00b6 0221     		movs	r1, #2
 936 00b8 1B48     		ldr	r0, .L82+4
 937              	.LVL61:
 225:App/App.c     ****     }
 938              		.loc 1 225 7 is_stmt 0 view .LVU243
 939 00ba FFF7FEFF 		bl	HAL_GPIO_WritePin
 940              	.LVL62:
 941 00be AAE7     		b	.L66
 942              	.L67:
 235:App/App.c     ****     }
 943              		.loc 1 235 7 is_stmt 1 view .LVU244
 944 00c0 0022     		movs	r2, #0
 945 00c2 0421     		movs	r1, #4
 946 00c4 1848     		ldr	r0, .L82+4
 947 00c6 FFF7FEFF 		bl	HAL_GPIO_WritePin
 948              	.LVL63:
 949 00ca AEE7     		b	.L68
 950              	.L69:
 245:App/App.c     ****     }
 951              		.loc 1 245 7 view .LVU245
 952 00cc 0022     		movs	r2, #0
 953 00ce 4FF48061 		mov	r1, #1024
 954 00d2 4FF09040 		mov	r0, #1207959552
 955 00d6 FFF7FEFF 		bl	HAL_GPIO_WritePin
 956              	.LVL64:
 957 00da B2E7     		b	.L70
 958              	.L71:
 255:App/App.c     ****     }
 959              		.loc 1 255 7 view .LVU246
 960 00dc 0022     		movs	r2, #0
ARM GAS  C:\Users\sr1\AppData\Local\Temp\ccoQG56m.s 			page 24


 961 00de 4FF40061 		mov	r1, #2048
 962 00e2 4FF09040 		mov	r0, #1207959552
 963 00e6 FFF7FEFF 		bl	HAL_GPIO_WritePin
 964              	.LVL65:
 965 00ea B6E7     		b	.L72
 966              	.L73:
 265:App/App.c     ****     }
 967              		.loc 1 265 7 view .LVU247
 968 00ec 0022     		movs	r2, #0
 969 00ee 0821     		movs	r1, #8
 970 00f0 4FF09040 		mov	r0, #1207959552
 971 00f4 FFF7FEFF 		bl	HAL_GPIO_WritePin
 972              	.LVL66:
 973 00f8 BAE7     		b	.L74
 974              	.L75:
 275:App/App.c     ****     }
 975              		.loc 1 275 7 view .LVU248
 976 00fa 0022     		movs	r2, #0
 977 00fc 1021     		movs	r1, #16
 978 00fe 4FF09040 		mov	r0, #1207959552
 979 0102 FFF7FEFF 		bl	HAL_GPIO_WritePin
 980              	.LVL67:
 981 0106 BEE7     		b	.L76
 982              	.L77:
 285:App/App.c     ****     }
 983              		.loc 1 285 7 view .LVU249
 984 0108 0022     		movs	r2, #0
 985 010a 2021     		movs	r1, #32
 986 010c 4FF09040 		mov	r0, #1207959552
 987 0110 FFF7FEFF 		bl	HAL_GPIO_WritePin
 988              	.LVL68:
 989 0114 C2E7     		b	.L78
 990              	.L79:
 295:App/App.c     ****     }
 991              		.loc 1 295 7 view .LVU250
 992 0116 0022     		movs	r2, #0
 993 0118 4021     		movs	r1, #64
 994 011a 4FF09040 		mov	r0, #1207959552
 995 011e FFF7FEFF 		bl	HAL_GPIO_WritePin
 996              	.LVL69:
 997              		.loc 1 297 1 is_stmt 0 view .LVU251
 998 0122 C6E7     		b	.L64
 999              	.L83:
 1000              		.align	2
 1001              	.L82:
 1002 0124 00000000 		.word	App
 1003 0128 00080048 		.word	1207961600
 1004              		.cfi_endproc
 1005              	.LFE336:
 1007              		.section	.bss.j.0,"aw",%nobits
 1008              		.align	1
 1011              	j.0:
 1012 0000 0000     		.space	2
 1013              		.section	.bss.i.1,"aw",%nobits
 1016              	i.1:
 1017 0000 00       		.space	1
 1018              		.global	App
ARM GAS  C:\Users\sr1\AppData\Local\Temp\ccoQG56m.s 			page 25


 1019              		.section	.bss.App,"aw",%nobits
 1020              		.align	2
 1023              	App:
 1024 0000 00000000 		.space	240
 1024      00000000 
 1024      00000000 
 1024      00000000 
 1024      00000000 
 1025              		.text
 1026              	.Letext0:
 1027              		.file 2 "c:\\program files\\vscodestmtools\\arm-none-eabi-gcc\\12.2.1-1.2.1\\.content\\arm-none-ea
 1028              		.file 3 "c:\\program files\\vscodestmtools\\arm-none-eabi-gcc\\12.2.1-1.2.1\\.content\\arm-none-ea
 1029              		.file 4 "Drivers/CMSIS/Device/ST/STM32G4xx/Include/stm32g474xx.h"
 1030              		.file 5 "Drivers/CMSIS/Device/ST/STM32G4xx/Include/stm32g4xx.h"
 1031              		.file 6 "Drivers/STM32G4xx_HAL_Driver/Inc/stm32g4xx_hal_def.h"
 1032              		.file 7 "Drivers/STM32G4xx_HAL_Driver/Inc/stm32g4xx_hal_gpio.h"
 1033              		.file 8 "Drivers/STM32G4xx_HAL_Driver/Inc/stm32g4xx_hal_dma.h"
 1034              		.file 9 "Drivers/STM32G4xx_HAL_Driver/Inc/stm32g4xx_hal_adc.h"
 1035              		.file 10 "App/App.h"
 1036              		.file 11 "BSP/BSP.h"
 1037              		.file 12 "Core/Inc/adc.h"
 1038              		.file 13 "Drivers/STM32G4xx_HAL_Driver/Inc/stm32g4xx_hal_adc_ex.h"
 1039              		.file 14 "App/ProtocolMbRtuSlaveCtrl.h"
ARM GAS  C:\Users\sr1\AppData\Local\Temp\ccoQG56m.s 			page 26


DEFINED SYMBOLS
                            *ABS*:0000000000000000 App.c
C:\Users\sr1\AppData\Local\Temp\ccoQG56m.s:21     .text.app_adc_filter_init:0000000000000000 $t
C:\Users\sr1\AppData\Local\Temp\ccoQG56m.s:27     .text.app_adc_filter_init:0000000000000000 app_adc_filter_init
C:\Users\sr1\AppData\Local\Temp\ccoQG56m.s:144    .text.app_adc_filter_init:0000000000000074 $d
C:\Users\sr1\AppData\Local\Temp\ccoQG56m.s:1023   .bss.App:0000000000000000 App
C:\Users\sr1\AppData\Local\Temp\ccoQG56m.s:149    .text.app_init:0000000000000000 $t
C:\Users\sr1\AppData\Local\Temp\ccoQG56m.s:155    .text.app_init:0000000000000000 app_init
C:\Users\sr1\AppData\Local\Temp\ccoQG56m.s:180    .text.app_main:0000000000000000 $t
C:\Users\sr1\AppData\Local\Temp\ccoQG56m.s:186    .text.app_main:0000000000000000 app_main
C:\Users\sr1\AppData\Local\Temp\ccoQG56m.s:219    .text.app_update_reg:0000000000000000 $t
C:\Users\sr1\AppData\Local\Temp\ccoQG56m.s:225    .text.app_update_reg:0000000000000000 app_update_reg
C:\Users\sr1\AppData\Local\Temp\ccoQG56m.s:449    .text.app_update_reg:0000000000000150 $d
C:\Users\sr1\AppData\Local\Temp\ccoQG56m.s:456    .text.bsp_tim7_1ms_callback:0000000000000000 $t
C:\Users\sr1\AppData\Local\Temp\ccoQG56m.s:462    .text.bsp_tim7_1ms_callback:0000000000000000 bsp_tim7_1ms_callback
C:\Users\sr1\AppData\Local\Temp\ccoQG56m.s:519    .text.bsp_tim7_1ms_callback:0000000000000034 $d
C:\Users\sr1\AppData\Local\Temp\ccoQG56m.s:1016   .bss.i.1:0000000000000000 i.1
C:\Users\sr1\AppData\Local\Temp\ccoQG56m.s:1011   .bss.j.0:0000000000000000 j.0
C:\Users\sr1\AppData\Local\Temp\ccoQG56m.s:525    .text.app_adc_data_filter:0000000000000000 $t
C:\Users\sr1\AppData\Local\Temp\ccoQG56m.s:531    .text.app_adc_data_filter:0000000000000000 app_adc_data_filter
C:\Users\sr1\AppData\Local\Temp\ccoQG56m.s:737    .text.app_adc_data_filter:0000000000000118 $d
C:\Users\sr1\AppData\Local\Temp\ccoQG56m.s:747    .text.bsp_ADC_data_ready:0000000000000000 $t
C:\Users\sr1\AppData\Local\Temp\ccoQG56m.s:753    .text.bsp_ADC_data_ready:0000000000000000 bsp_ADC_data_ready
C:\Users\sr1\AppData\Local\Temp\ccoQG56m.s:791    .text.bsp_ADC_data_ready:000000000000002c $d
C:\Users\sr1\AppData\Local\Temp\ccoQG56m.s:796    .text.app_control_led_rele:0000000000000000 $t
C:\Users\sr1\AppData\Local\Temp\ccoQG56m.s:802    .text.app_control_led_rele:0000000000000000 app_control_led_rele
C:\Users\sr1\AppData\Local\Temp\ccoQG56m.s:1002   .text.app_control_led_rele:0000000000000124 $d
C:\Users\sr1\AppData\Local\Temp\ccoQG56m.s:1008   .bss.j.0:0000000000000000 $d
C:\Users\sr1\AppData\Local\Temp\ccoQG56m.s:1017   .bss.i.1:0000000000000000 $d
C:\Users\sr1\AppData\Local\Temp\ccoQG56m.s:1020   .bss.App:0000000000000000 $d

UNDEFINED SYMBOLS
protocolMbRtuSlaveCtrl_init
bsp_init
HAL_GPIO_ReadPin
SPI_DATA_RX
protocolMbRtuSlaveCtrl_update_tables
HAL_GPIO_TogglePin
HAL_ADCEx_InjectedGetValue
bsp_get_data_spi
hadc2
HAL_GPIO_WritePin
