Archive member included to satisfy reference by file (symbol)

c:/program files/vs_code/vscodestmtools/arm-none-eabi-gcc/12.2.1-1.2.1/.content/bin/../lib/gcc/arm-none-eabi/12.2.1/../../../../arm-none-eabi/lib/thumb/v7e-m+fp/hard\libc_nano.a(libc_a-atexit.o)
                              c:/program files/vs_code/vscodestmtools/arm-none-eabi-gcc/12.2.1-1.2.1/.content/bin/../lib/gcc/arm-none-eabi/12.2.1/../../../../arm-none-eabi/lib/thumb/v7e-m+fp/hard/rdimon-crt0.o (atexit)
c:/program files/vs_code/vscodestmtools/arm-none-eabi-gcc/12.2.1-1.2.1/.content/bin/../lib/gcc/arm-none-eabi/12.2.1/../../../../arm-none-eabi/lib/thumb/v7e-m+fp/hard\libc_nano.a(libc_a-exit.o)
                              c:/program files/vs_code/vscodestmtools/arm-none-eabi-gcc/12.2.1-1.2.1/.content/bin/../lib/gcc/arm-none-eabi/12.2.1/../../../../arm-none-eabi/lib/thumb/v7e-m+fp/hard/rdimon-crt0.o (exit)
c:/program files/vs_code/vscodestmtools/arm-none-eabi-gcc/12.2.1-1.2.1/.content/bin/../lib/gcc/arm-none-eabi/12.2.1/../../../../arm-none-eabi/lib/thumb/v7e-m+fp/hard\libc_nano.a(libc_a-findfp.o)
                              c:/program files/vs_code/vscodestmtools/arm-none-eabi-gcc/12.2.1-1.2.1/.content/bin/../lib/gcc/arm-none-eabi/12.2.1/../../../../arm-none-eabi/lib/thumb/v7e-m+fp/hard\libc_nano.a(libc_a-exit.o) (__stdio_exit_handler)
c:/program files/vs_code/vscodestmtools/arm-none-eabi-gcc/12.2.1-1.2.1/.content/bin/../lib/gcc/arm-none-eabi/12.2.1/../../../../arm-none-eabi/lib/thumb/v7e-m+fp/hard\libc_nano.a(libc_a-fwalk.o)
                              c:/program files/vs_code/vscodestmtools/arm-none-eabi-gcc/12.2.1-1.2.1/.content/bin/../lib/gcc/arm-none-eabi/12.2.1/../../../../arm-none-eabi/lib/thumb/v7e-m+fp/hard\libc_nano.a(libc_a-findfp.o) (_fwalk_sglue)
c:/program files/vs_code/vscodestmtools/arm-none-eabi-gcc/12.2.1-1.2.1/.content/bin/../lib/gcc/arm-none-eabi/12.2.1/../../../../arm-none-eabi/lib/thumb/v7e-m+fp/hard\libc_nano.a(libc_a-stdio.o)
                              c:/program files/vs_code/vscodestmtools/arm-none-eabi-gcc/12.2.1-1.2.1/.content/bin/../lib/gcc/arm-none-eabi/12.2.1/../../../../arm-none-eabi/lib/thumb/v7e-m+fp/hard\libc_nano.a(libc_a-findfp.o) (__sread)
c:/program files/vs_code/vscodestmtools/arm-none-eabi-gcc/12.2.1-1.2.1/.content/bin/../lib/gcc/arm-none-eabi/12.2.1/../../../../arm-none-eabi/lib/thumb/v7e-m+fp/hard\libc_nano.a(libc_a-memset.o)
                              c:/program files/vs_code/vscodestmtools/arm-none-eabi-gcc/12.2.1-1.2.1/.content/bin/../lib/gcc/arm-none-eabi/12.2.1/../../../../arm-none-eabi/lib/thumb/v7e-m+fp/hard/rdimon-crt0.o (memset)
c:/program files/vs_code/vscodestmtools/arm-none-eabi-gcc/12.2.1-1.2.1/.content/bin/../lib/gcc/arm-none-eabi/12.2.1/../../../../arm-none-eabi/lib/thumb/v7e-m+fp/hard\libc_nano.a(libc_a-closer.o)
                              c:/program files/vs_code/vscodestmtools/arm-none-eabi-gcc/12.2.1-1.2.1/.content/bin/../lib/gcc/arm-none-eabi/12.2.1/../../../../arm-none-eabi/lib/thumb/v7e-m+fp/hard\libc_nano.a(libc_a-stdio.o) (_close_r)
c:/program files/vs_code/vscodestmtools/arm-none-eabi-gcc/12.2.1-1.2.1/.content/bin/../lib/gcc/arm-none-eabi/12.2.1/../../../../arm-none-eabi/lib/thumb/v7e-m+fp/hard\libc_nano.a(libc_a-reent.o)
                              c:/program files/vs_code/vscodestmtools/arm-none-eabi-gcc/12.2.1-1.2.1/.content/bin/../lib/gcc/arm-none-eabi/12.2.1/../../../../arm-none-eabi/lib/thumb/v7e-m+fp/hard\libc_nano.a(libc_a-closer.o) (errno)
c:/program files/vs_code/vscodestmtools/arm-none-eabi-gcc/12.2.1-1.2.1/.content/bin/../lib/gcc/arm-none-eabi/12.2.1/../../../../arm-none-eabi/lib/thumb/v7e-m+fp/hard\libc_nano.a(libc_a-impure.o)
                              c:/program files/vs_code/vscodestmtools/arm-none-eabi-gcc/12.2.1-1.2.1/.content/bin/../lib/gcc/arm-none-eabi/12.2.1/../../../../arm-none-eabi/lib/thumb/v7e-m+fp/hard\libc_nano.a(libc_a-reent.o) (_impure_ptr)
c:/program files/vs_code/vscodestmtools/arm-none-eabi-gcc/12.2.1-1.2.1/.content/bin/../lib/gcc/arm-none-eabi/12.2.1/../../../../arm-none-eabi/lib/thumb/v7e-m+fp/hard\libc_nano.a(libc_a-lseekr.o)
                              c:/program files/vs_code/vscodestmtools/arm-none-eabi-gcc/12.2.1-1.2.1/.content/bin/../lib/gcc/arm-none-eabi/12.2.1/../../../../arm-none-eabi/lib/thumb/v7e-m+fp/hard\libc_nano.a(libc_a-stdio.o) (_lseek_r)
c:/program files/vs_code/vscodestmtools/arm-none-eabi-gcc/12.2.1-1.2.1/.content/bin/../lib/gcc/arm-none-eabi/12.2.1/../../../../arm-none-eabi/lib/thumb/v7e-m+fp/hard\libc_nano.a(libc_a-readr.o)
                              c:/program files/vs_code/vscodestmtools/arm-none-eabi-gcc/12.2.1-1.2.1/.content/bin/../lib/gcc/arm-none-eabi/12.2.1/../../../../arm-none-eabi/lib/thumb/v7e-m+fp/hard\libc_nano.a(libc_a-stdio.o) (_read_r)
c:/program files/vs_code/vscodestmtools/arm-none-eabi-gcc/12.2.1-1.2.1/.content/bin/../lib/gcc/arm-none-eabi/12.2.1/../../../../arm-none-eabi/lib/thumb/v7e-m+fp/hard\libc_nano.a(libc_a-writer.o)
[...]
Memory Configuration

Name             Origin             Length             Attributes
RAM              0x0000000020000000 0x0000000000020000 xrw
FLASH            0x0000000008000000 0x0000000000080000 xr
*default*        0x0000000000000000 0xffffffffffffffff

Linker script and memory map

LOAD c:/program files/vs_code/vscodestmtools/arm-none-eabi-gcc/12.2.1-1.2.1/.content/bin/../lib/gcc/arm-none-eabi/12.2.1/thumb/v7e-m+fp/hard/crti.o
LOAD c:/program files/vs_code/vscodestmtools/arm-none-eabi-gcc/12.2.1-1.2.1/.content/bin/../lib/gcc/arm-none-eabi/12.2.1/thumb/v7e-m+fp/hard/crtbegin.o
LOAD c:/program files/vs_code/vscodestmtools/arm-none-eabi-gcc/12.2.1-1.2.1/.content/bin/../lib/gcc/arm-none-eabi/12.2.1/../../../../arm-none-eabi/lib/thumb/v7e-m+fp/hard/rdimon-crt0.o
LOAD build/startup_stm32g474xx.o
LOAD build/main.o
LOAD build/gpio.o
LOAD build/adc.o
LOAD build/comp.o
LOAD build/dac.o
LOAD build/fdcan.o
LOAD build/tim.o
LOAD build/stm32g4xx_it.o
LOAD build/stm32g4xx_hal_msp.o
LOAD build/stm32g4xx_hal_adc.o
LOAD build/stm32g4xx_hal_adc_ex.o
LOAD build/stm32g4xx_ll_adc.o
LOAD build/stm32g4xx_hal.o
LOAD build/stm32g4xx_hal_rcc.o
LOAD build/stm32g4xx_hal_rcc_ex.o
LOAD build/stm32g4xx_hal_flash.o
LOAD build/stm32g4xx_hal_flash_ex.o
LOAD build/stm32g4xx_hal_flash_ramfunc.o
LOAD build/stm32g4xx_hal_gpio.o
LOAD build/stm32g4xx_hal_exti.o
LOAD build/stm32g4xx_hal_dma.o
LOAD build/stm32g4xx_hal_dma_ex.o
LOAD build/stm32g4xx_hal_pwr.o
LOAD build/stm32g4xx_hal_pwr_ex.o
LOAD build/stm32g4xx_hal_cortex.o
LOAD build/stm32g4xx_hal_comp.o
LOAD build/stm32g4xx_hal_dac.o
LOAD build/stm32g4xx_hal_dac_ex.o
LOAD build/stm32g4xx_hal_fdcan.o
LOAD build/stm32g4xx_hal_tim.o
LOAD build/stm32g4xx_hal_tim_ex.o
LOAD build/system_stm32g4xx.o
START GROUP
LOAD c:/program files/vs_code/vscodestmtools/arm-none-eabi-gcc/12.2.1-1.2.1/.content/bin/../lib/gcc/arm-none-eabi/12.2.1/thumb/v7e-m+fp/hard\libgcc.a
LOAD c:/program files/vs_code/vscodestmtools/arm-none-eabi-gcc/12.2.1-1.2.1/.content/bin/../lib/gcc/arm-none-eabi/12.2.1/../../../../arm-none-eabi/lib/thumb/v7e-m+fp/hard\libc_nano.a
END GROUP
START GROUP
LOAD c:/program files/vs_code/vscodestmtools/arm-none-eabi-gcc/12.2.1-1.2.1/.content/bin/../lib/gcc/arm-none-eabi/12.2.1/thumb/v7e-m+fp/hard\libgcc.a
LOAD c:/program files/vs_code/vscodestmtools/arm-none-eabi-gcc/12.2.1-1.2.1/.content/bin/../lib/gcc/arm-none-eabi/12.2.1/../../../../arm-none-eabi/lib/thumb/v7e-m+fp/hard\libc_nano.a
LOAD c:/program files/vs_code/vscodestmtools/arm-none-eabi-gcc/12.2.1-1.2.1/.content/bin/../lib/gcc/arm-none-eabi/12.2.1/../../../../arm-none-eabi/lib/thumb/v7e-m+fp/hard\librdimon_nano.a
END GROUP
START GROUP
LOAD c:/program files/vs_code/vscodestmtools/arm-none-eabi-gcc/12.2.1-1.2.1/.content/bin/../lib/gcc/arm-none-eabi/12.2.1/thumb/v7e-m+fp/hard\libgcc.a
LOAD c:/program files/vs_code/vscodestmtools/arm-none-eabi-gcc/12.2.1-1.2.1/.content/bin/../lib/gcc/arm-none-eabi/12.2.1/../../../../arm-none-eabi/lib/thumb/v7e-m+fp/hard\libc_nano.a
LOAD c:/program files/vs_code/vscodestmtools/arm-none-eabi-gcc/12.2.1-1.2.1/.content/bin/../lib/gcc/arm-none-eabi/12.2.1/../../../../arm-none-eabi/lib/thumb/v7e-m+fp/hard\librdimon_nano.a
END GROUP
LOAD c:/program files/vs_code/vscodestmtools/arm-none-eabi-gcc/12.2.1-1.2.1/.content/bin/../lib/gcc/arm-none-eabi/12.2.1/thumb/v7e-m+fp/hard/crtend.o
LOAD c:/program files/vs_code/vscodestmtools/arm-none-eabi-gcc/12.2.1-1.2.1/.content/bin/../lib/gcc/arm-none-eabi/12.2.1/thumb/v7e-m+fp/hard/crtn.o
                0x0000000020020000                _estack = (ORIGIN (RAM) + LENGTH (RAM))
                0x0000000000002000                _Min_Heap_Size = 0x2000
                0x0000000000004000                _Min_Stack_Size = 0x4000

.isr_vector     0x0000000008000000      0x1d8
                0x0000000008000000                . = ALIGN (0x4)
 *(.isr_vector)
 .isr_vector    0x0000000008000000      0x1d8 build/startup_stm32g474xx.o
                0x0000000008000000                g_pfnVectors
                0x00000000080001d8                . = ALIGN (0x4)

.text           0x00000000080001d8     0x3644
                0x00000000080001d8                . = ALIGN (0x4)
 *(.text)
 *(.text*)
 .text.__do_global_dtors_aux
                0x00000000080001d8       0x24 c:/program files/vs_code/vscodestmtools/arm-none-eabi-gcc/12.2.1-1.2.1/.content/bin/../lib/gcc/arm-none-eabi/12.2.1/thumb/v7e-m+fp/hard/crtbegin.o
 .text.frame_dummy
                0x00000000080001fc       0x1c c:/program files/vs_code/vscodestmtools/arm-none-eabi-gcc/12.2.1-1.2.1/.content/bin/../lib/gcc/arm-none-eabi/12.2.1/thumb/v7e-m+fp/hard/crtbegin.o
 .text.Reset_Handler
                0x0000000008000218       0x50 build/startup_stm32g474xx.o
                0x0000000008000218                Reset_Handler
 .text.Default_Handler
                0x0000000008000268        0x2 build/startup_stm32g474xx.o
                0x0000000008000268                RTC_Alarm_IRQHandler
                0x0000000008000268                EXTI2_IRQHandler
                0x0000000008000268                TIM8_TRG_COM_IRQHandler
                0x0000000008000268                TIM8_CC_IRQHandler
                0x0000000008000268                HRTIM1_Master_IRQHandler
                0x0000000008000268                SPI4_IRQHandler
                0x0000000008000268                FDCAN3_IT0_IRQHandler
                0x0000000008000268                HRTIM1_FLT_IRQHandler
                0x0000000008000268                HRTIM1_TIMF_IRQHandler
                0x0000000008000268                USB_HP_IRQHandler
                0x0000000008000268                CORDIC_IRQHandler
                0x0000000008000268                HRTIM1_TIMD_IRQHandler
                0x0000000008000268                DMA2_Channel8_IRQHandler
                0x0000000008000268                EXTI3_IRQHandler
                0x0000000008000268                I2C3_ER_IRQHandler
                0x0000000008000268                EXTI0_IRQHandler
                0x0000000008000268                I2C2_EV_IRQHandler
                0x0000000008000268                FPU_IRQHandler
                0x0000000008000268                FDCAN1_IT1_IRQHandler
                0x0000000008000268                TIM1_UP_TIM16_IRQHandler
                0x0000000008000268                ADC1_2_IRQHandler
                0x0000000008000268                HRTIM1_TIME_IRQHandler
                0x0000000008000268                SPI1_IRQHandler
                0x0000000008000268                TIM6_DAC_IRQHandler
                0x0000000008000268                HRTIM1_TIMC_IRQHandler
                0x0000000008000268                TIM8_UP_IRQHandler
                0x0000000008000268                DMA2_Channel2_IRQHandler
                0x0000000008000268                DMA1_Channel4_IRQHandler
                0x0000000008000268                TIM20_TRG_COM_IRQHandler
                0x0000000008000268                USART3_IRQHandler
                0x0000000008000268                DMA1_Channel7_IRQHandler
                0x0000000008000268                UART5_IRQHandler
                0x0000000008000268                ADC3_IRQHandler
                0x0000000008000268                TIM4_IRQHandler
                0x0000000008000268                DMA2_Channel1_IRQHandler
                0x0000000008000268                QUADSPI_IRQHandler
                0x0000000008000268                I2C1_EV_IRQHandler
                0x0000000008000268                DMA1_Channel6_IRQHandler
                0x0000000008000268                UART4_IRQHandler
                0x0000000008000268                DMA2_Channel4_IRQHandler
                0x0000000008000268                TIM3_IRQHandler
                0x0000000008000268                RCC_IRQHandler
                0x0000000008000268                TIM20_UP_IRQHandler
                0x0000000008000268                DMA1_Channel1_IRQHandler
                0x0000000008000268                Default_Handler
                0x0000000008000268                DMA2_Channel7_IRQHandler
                0x0000000008000268                RTC_TAMP_LSECSS_IRQHandler
                0x0000000008000268                FMAC_IRQHandler
                0x0000000008000268                EXTI15_10_IRQHandler
                0x0000000008000268                DMA1_Channel8_IRQHandler
                0x0000000008000268                HRTIM1_TIMA_IRQHandler
                0x0000000008000268                TIM7_DAC_IRQHandler
                0x0000000008000268                FDCAN3_IT1_IRQHandler
                0x0000000008000268                TIM5_IRQHandler
                0x0000000008000268                UCPD1_IRQHandler
                0x0000000008000268                I2C3_EV_IRQHandler
                0x0000000008000268                EXTI9_5_IRQHandler
                0x0000000008000268                RTC_WKUP_IRQHandler
                0x0000000008000268                PVD_PVM_IRQHandler
                0x0000000008000268                SPI2_IRQHandler
                0x0000000008000268                ADC5_IRQHandler
                0x0000000008000268                DMA2_Channel5_IRQHandler
                0x0000000008000268                CRS_IRQHandler
                0x0000000008000268                DMA1_Channel5_IRQHandler
                0x0000000008000268                USB_LP_IRQHandler
                0x0000000008000268                EXTI4_IRQHandler
                0x0000000008000268                RNG_IRQHandler
                0x0000000008000268                HRTIM1_TIMB_IRQHandler
                0x0000000008000268                TIM1_TRG_COM_TIM17_IRQHandler
                0x0000000008000268                FDCAN2_IT1_IRQHandler
                0x0000000008000268                DMA1_Channel3_IRQHandler
                0x0000000008000268                ADC4_IRQHandler
                0x0000000008000268                WWDG_IRQHandler
                0x0000000008000268                I2C4_EV_IRQHandler
                0x0000000008000268                FDCAN2_IT0_IRQHandler
                0x0000000008000268                LPUART1_IRQHandler
                0x0000000008000268                DMA2_Channel6_IRQHandler
                0x0000000008000268                FDCAN1_IT0_IRQHandler
                0x0000000008000268                TIM2_IRQHandler
                0x0000000008000268                COMP7_IRQHandler
                0x0000000008000268                COMP1_2_3_IRQHandler
                0x0000000008000268                EXTI1_IRQHandler
                0x0000000008000268                USART2_IRQHandler
                0x0000000008000268                COMP4_5_6_IRQHandler
                0x0000000008000268                TIM20_BRK_IRQHandler
                0x0000000008000268                I2C2_ER_IRQHandler
                0x0000000008000268                DMA1_Channel2_IRQHandler
                0x0000000008000268                TIM8_BRK_IRQHandler
                0x0000000008000268                FLASH_IRQHandler
                0x0000000008000268                TIM20_CC_IRQHandler
                0x0000000008000268                USART1_IRQHandler
                0x0000000008000268                SPI3_IRQHandler
                0x0000000008000268                I2C1_ER_IRQHandler
                0x0000000008000268                FMC_IRQHandler
                0x0000000008000268                LPTIM1_IRQHandler
                0x0000000008000268                DMAMUX_OVR_IRQHandler
                0x0000000008000268                I2C4_ER_IRQHandler
                0x0000000008000268                USBWakeUp_IRQHandler
                0x0000000008000268                SAI1_IRQHandler
                0x0000000008000268                DMA2_Channel3_IRQHandler
                0x0000000008000268                TIM1_BRK_TIM15_IRQHandler
 *fill*         0x000000000800026a        0x2 
 .text.HAL_TIM_OC_DelayElapsedCallback
                0x000000000800026c       0x34 build/main.o
                0x000000000800026c                HAL_TIM_OC_DelayElapsedCallback
 .text.shift_fim
                0x00000000080002a0       0x74 build/main.o
                0x00000000080002a0                shift_fim
 .text.Error_Handler
                0x0000000008000314        0x4 build/main.o
                0x0000000008000314                Error_Handler
 .text.SystemClock_Config
                0x0000000008000318       0x6e build/main.o
                0x0000000008000318                SystemClock_Config
 *fill*         0x0000000008000386        0x2 
 .text.main     0x0000000008000388       0x90 build/main.o
                0x0000000008000388                main
 .text.MX_GPIO_Init
                0x0000000008000418       0xbc build/gpio.o
                0x0000000008000418                MX_GPIO_Init
 .text.MX_ADC1_Init
                0x00000000080004d4       0xa0 build/adc.o
                0x00000000080004d4                MX_ADC1_Init
 .text.HAL_ADC_MspInit
                0x0000000008000574       0x84 build/adc.o
                0x0000000008000574                HAL_ADC_MspInit
 .text.MX_COMP2_Init
                0x00000000080005f8       0x34 build/comp.o
                0x00000000080005f8                MX_COMP2_Init
 .text.HAL_COMP_MspInit
                0x000000000800062c       0x6c build/comp.o
                0x000000000800062c                HAL_COMP_MspInit
 .text.MX_DAC2_Init
                0x0000000008000698       0x5c build/dac.o
                0x0000000008000698                MX_DAC2_Init
 .text.HAL_DAC_MspInit
                0x00000000080006f4       0x64 build/dac.o
                0x00000000080006f4                HAL_DAC_MspInit
 .text.MX_FDCAN1_Init
                0x0000000008000758       0x48 build/fdcan.o
                0x0000000008000758                MX_FDCAN1_Init
 .text.HAL_FDCAN_MspInit
                0x00000000080007a0       0x90 build/fdcan.o
                0x00000000080007a0                HAL_FDCAN_MspInit
 .text.MX_TIM1_Init
                0x0000000008000830      0x114 build/tim.o
                0x0000000008000830                MX_TIM1_Init
 .text.HAL_TIM_Base_MspInit
                0x0000000008000944       0x40 build/tim.o
                0x0000000008000944                HAL_TIM_Base_MspInit
 .text.NMI_Handler
                0x0000000008000984        0x2 build/stm32g4xx_it.o
                0x0000000008000984                NMI_Handler
 .text.HardFault_Handler
                0x0000000008000986        0x2 build/stm32g4xx_it.o
                0x0000000008000986                HardFault_Handler
 .text.MemManage_Handler
                0x0000000008000988        0x2 build/stm32g4xx_it.o
                0x0000000008000988                MemManage_Handler
 .text.BusFault_Handler
                0x000000000800098a        0x2 build/stm32g4xx_it.o
                0x000000000800098a                BusFault_Handler
 .text.UsageFault_Handler
                0x000000000800098c        0x2 build/stm32g4xx_it.o
                0x000000000800098c                UsageFault_Handler
 .text.SVC_Handler
                0x000000000800098e        0x2 build/stm32g4xx_it.o
                0x000000000800098e                SVC_Handler
 .text.DebugMon_Handler
                0x0000000008000990        0x2 build/stm32g4xx_it.o
                0x0000000008000990                DebugMon_Handler
 .text.PendSV_Handler
                0x0000000008000992        0x2 build/stm32g4xx_it.o
                0x0000000008000992                PendSV_Handler
 .text.SysTick_Handler
                0x0000000008000994        0x8 build/stm32g4xx_it.o
                0x0000000008000994                SysTick_Handler
 .text.TIM1_CC_IRQHandler
                0x000000000800099c       0x10 build/stm32g4xx_it.o
                0x000000000800099c                TIM1_CC_IRQHandler
 .text.HAL_MspInit
                0x00000000080009ac       0x38 build/stm32g4xx_hal_msp.o
                0x00000000080009ac                HAL_MspInit
 .text.LL_ADC_REG_SetSequencerRanks
                0x00000000080009e4       0x30 build/stm32g4xx_hal_adc.o
 .text.LL_ADC_SetChannelSamplingTime
                0x0000000008000a14       0x2c build/stm32g4xx_hal_adc.o
 .text.HAL_ADC_Init
                0x0000000008000a40      0x2a8 build/stm32g4xx_hal_adc.o
                0x0000000008000a40                HAL_ADC_Init
 .text.HAL_ADC_ConfigChannel
                0x0000000008000ce8      0x4b4 build/stm32g4xx_hal_adc.o
                0x0000000008000ce8                HAL_ADC_ConfigChannel
 .text.HAL_ADCEx_MultiModeConfigChannel
                0x000000000800119c      0x1d4 build/stm32g4xx_hal_adc_ex.o
                0x000000000800119c                HAL_ADCEx_MultiModeConfigChannel
 .text.HAL_InitTick
                0x0000000008001370       0x50 build/stm32g4xx_hal.o
                0x0000000008001370                HAL_InitTick
 .text.HAL_Init
                0x00000000080013c0       0x1e build/stm32g4xx_hal.o
                0x00000000080013c0                HAL_Init
 *fill*         0x00000000080013de        0x2 
 .text.HAL_IncTick
                0x00000000080013e0       0x18 build/stm32g4xx_hal.o
                0x00000000080013e0                HAL_IncTick
 .text.HAL_GetTick
                0x00000000080013f8        0xc build/stm32g4xx_hal.o
                0x00000000080013f8                HAL_GetTick
 .text.HAL_Delay
                0x0000000008001404       0x28 build/stm32g4xx_hal.o
                0x0000000008001404                HAL_Delay
 .text.RCC_GetSysClockFreqFromPLLSource
                0x000000000800142c       0x58 build/stm32g4xx_hal_rcc.o
 .text.HAL_RCC_OscConfig
                0x0000000008001484      0x4e8 build/stm32g4xx_hal_rcc.o
                0x0000000008001484                HAL_RCC_OscConfig
 .text.HAL_RCC_GetSysClockFreq
                0x000000000800196c       0x88 build/stm32g4xx_hal_rcc.o
                0x000000000800196c                HAL_RCC_GetSysClockFreq
 .text.HAL_RCC_ClockConfig
                0x00000000080019f4      0x1f8 build/stm32g4xx_hal_rcc.o
                0x00000000080019f4                HAL_RCC_ClockConfig
 .text.HAL_RCC_GetHCLKFreq
                0x0000000008001bec        0xc build/stm32g4xx_hal_rcc.o
                0x0000000008001bec                HAL_RCC_GetHCLKFreq
 .text.HAL_RCCEx_PeriphCLKConfig
                0x0000000008001bf8      0x378 build/stm32g4xx_hal_rcc_ex.o
                0x0000000008001bf8                HAL_RCCEx_PeriphCLKConfig
 .text.HAL_GPIO_Init
                0x0000000008001f70      0x1d4 build/stm32g4xx_hal_gpio.o
                0x0000000008001f70                HAL_GPIO_Init
 .text.HAL_GPIO_ReadPin
                0x0000000008002144        0xe build/stm32g4xx_hal_gpio.o
                0x0000000008002144                HAL_GPIO_ReadPin
 .text.HAL_GPIO_WritePin
                0x0000000008002152        0xa build/stm32g4xx_hal_gpio.o
                0x0000000008002152                HAL_GPIO_WritePin
 .text.HAL_GPIO_TogglePin
                0x000000000800215c       0x12 build/stm32g4xx_hal_gpio.o
                0x000000000800215c                HAL_GPIO_TogglePin
 *fill*         0x000000000800216e        0x2 
 .text.HAL_PWREx_ControlVoltageScaling
                0x0000000008002170      0x10c build/stm32g4xx_hal_pwr_ex.o
                0x0000000008002170                HAL_PWREx_ControlVoltageScaling
 .text.HAL_PWREx_DisableUCPDDeadBattery
                0x000000000800227c       0x10 build/stm32g4xx_hal_pwr_ex.o
                0x000000000800227c                HAL_PWREx_DisableUCPDDeadBattery
 .text.__NVIC_EnableIRQ
                0x000000000800228c       0x1c build/stm32g4xx_hal_cortex.o
 .text.__NVIC_SetPriority
                0x00000000080022a8       0x28 build/stm32g4xx_hal_cortex.o
 .text.NVIC_EncodePriority
                0x00000000080022d0       0x3e build/stm32g4xx_hal_cortex.o
 *fill*         0x000000000800230e        0x2 
 .text.HAL_NVIC_SetPriorityGrouping
                0x0000000008002310       0x24 build/stm32g4xx_hal_cortex.o
                0x0000000008002310                HAL_NVIC_SetPriorityGrouping
 .text.HAL_NVIC_SetPriority
                0x0000000008002334       0x20 build/stm32g4xx_hal_cortex.o
                0x0000000008002334                HAL_NVIC_SetPriority
 .text.HAL_NVIC_EnableIRQ
                0x0000000008002354        0x8 build/stm32g4xx_hal_cortex.o
                0x0000000008002354                HAL_NVIC_EnableIRQ
 .text.HAL_SYSTICK_Config
                0x000000000800235c       0x28 build/stm32g4xx_hal_cortex.o
                0x000000000800235c                HAL_SYSTICK_Config
 .text.HAL_COMP_Init
                0x0000000008002384      0x298 build/stm32g4xx_hal_comp.o
                0x0000000008002384                HAL_COMP_Init
 .text.HAL_DAC_Init
                0x000000000800261c       0x24 build/stm32g4xx_hal_dac.o
                0x000000000800261c                HAL_DAC_Init
 .text.HAL_DAC_ConfigChannel
                0x0000000008002640      0x1ec build/stm32g4xx_hal_dac.o
                0x0000000008002640                HAL_DAC_ConfigChannel
 .text.FDCAN_CalcultateRamBlockAddresses
                0x000000000800282c       0x8c build/stm32g4xx_hal_fdcan.o
 .text.HAL_FDCAN_Init
                0x00000000080028b8      0x1d4 build/stm32g4xx_hal_fdcan.o
                0x00000000080028b8                HAL_FDCAN_Init
 .text.TIM_OC1_SetConfig
                0x0000000008002a8c       0xac build/stm32g4xx_hal_tim.o
 .text.TIM_OC3_SetConfig
                0x0000000008002b38       0x9c build/stm32g4xx_hal_tim.o
 .text.TIM_OC4_SetConfig
                0x0000000008002bd4       0x9c build/stm32g4xx_hal_tim.o
 .text.TIM_OC5_SetConfig
                0x0000000008002c70       0x70 build/stm32g4xx_hal_tim.o
 .text.TIM_OC6_SetConfig
                0x0000000008002ce0       0x74 build/stm32g4xx_hal_tim.o
 .text.TIM_TI1_ConfigInputStage
                0x0000000008002d54       0x26 build/stm32g4xx_hal_tim.o
 .text.TIM_TI2_ConfigInputStage
                0x0000000008002d7a       0x28 build/stm32g4xx_hal_tim.o
 .text.TIM_ITRx_SetConfig
                0x0000000008002da2       0x14 build/stm32g4xx_hal_tim.o
 .text.HAL_TIM_OC_MspInit
                0x0000000008002db6        0x2 build/stm32g4xx_hal_tim.o
                0x0000000008002db6                HAL_TIM_OC_MspInit
 .text.HAL_TIM_PeriodElapsedCallback
                0x0000000008002db8        0x2 build/stm32g4xx_hal_tim.o
                0x0000000008002db8                HAL_TIM_PeriodElapsedCallback
 .text.HAL_TIM_IC_CaptureCallback
                0x0000000008002dba        0x2 build/stm32g4xx_hal_tim.o
                0x0000000008002dba                HAL_TIM_IC_CaptureCallback
 .text.HAL_TIM_PWM_PulseFinishedCallback
                0x0000000008002dbc        0x2 build/stm32g4xx_hal_tim.o
                0x0000000008002dbc                HAL_TIM_PWM_PulseFinishedCallback
 .text.HAL_TIM_TriggerCallback
                0x0000000008002dbe        0x2 build/stm32g4xx_hal_tim.o
                0x0000000008002dbe                HAL_TIM_TriggerCallback
 .text.HAL_TIM_IRQHandler
                0x0000000008002dc0      0x21e build/stm32g4xx_hal_tim.o
                0x0000000008002dc0                HAL_TIM_IRQHandler
 *fill*         0x0000000008002fde        0x2 
 .text.TIM_Base_SetConfig
                0x0000000008002fe0       0xe0 build/stm32g4xx_hal_tim.o
                0x0000000008002fe0                TIM_Base_SetConfig
 .text.HAL_TIM_Base_Init
                0x00000000080030c0       0x60 build/stm32g4xx_hal_tim.o
                0x00000000080030c0                HAL_TIM_Base_Init
 .text.HAL_TIM_OC_Init
                0x0000000008003120       0x60 build/stm32g4xx_hal_tim.o
                0x0000000008003120                HAL_TIM_OC_Init
 .text.TIM_OC2_SetConfig
                0x0000000008003180       0x9c build/stm32g4xx_hal_tim.o
                0x0000000008003180                TIM_OC2_SetConfig
 .text.HAL_TIM_OC_ConfigChannel
                0x000000000800321c       0x7a build/stm32g4xx_hal_tim.o
                0x000000000800321c                HAL_TIM_OC_ConfigChannel
 .text.TIM_ETR_SetConfig
                0x0000000008003296       0x1a build/stm32g4xx_hal_tim.o
                0x0000000008003296                TIM_ETR_SetConfig
 .text.HAL_TIM_ConfigClockSource
                0x00000000080032b0      0x154 build/stm32g4xx_hal_tim.o
                0x00000000080032b0                HAL_TIM_ConfigClockSource
 .text.TIM_CCxChannelCmd
                0x0000000008003404       0x1e build/stm32g4xx_hal_tim.o
                0x0000000008003404                TIM_CCxChannelCmd
 *fill*         0x0000000008003422        0x2 
 .text.HAL_TIM_OC_Start_IT
                0x0000000008003424      0x1e4 build/stm32g4xx_hal_tim.o
                0x0000000008003424                HAL_TIM_OC_Start_IT
 .text.HAL_TIMEx_MasterConfigSynchronization
                0x0000000008003608       0xac build/stm32g4xx_hal_tim_ex.o
                0x0000000008003608                HAL_TIMEx_MasterConfigSynchronization
 .text.HAL_TIMEx_ConfigBreakDeadTime
                0x00000000080036b4       0xd4 build/stm32g4xx_hal_tim_ex.o
                0x00000000080036b4                HAL_TIMEx_ConfigBreakDeadTime
 .text.HAL_TIMEx_CommutCallback
                0x0000000008003788        0x2 build/stm32g4xx_hal_tim_ex.o
                0x0000000008003788                HAL_TIMEx_CommutCallback
 .text.HAL_TIMEx_BreakCallback
                0x000000000800378a        0x2 build/stm32g4xx_hal_tim_ex.o
                0x000000000800378a                HAL_TIMEx_BreakCallback
 .text.HAL_TIMEx_Break2Callback
                0x000000000800378c        0x2 build/stm32g4xx_hal_tim_ex.o
                0x000000000800378c                HAL_TIMEx_Break2Callback
 .text.HAL_TIMEx_EncoderIndexCallback
                0x000000000800378e        0x2 build/stm32g4xx_hal_tim_ex.o
                0x000000000800378e                HAL_TIMEx_EncoderIndexCallback
 .text.HAL_TIMEx_DirectionChangeCallback
                0x0000000008003790        0x2 build/stm32g4xx_hal_tim_ex.o
                0x0000000008003790                HAL_TIMEx_DirectionChangeCallback
 .text.HAL_TIMEx_IndexErrorCallback
                0x0000000008003792        0x2 build/stm32g4xx_hal_tim_ex.o
                0x0000000008003792                HAL_TIMEx_IndexErrorCallback
 .text.HAL_TIMEx_TransitionErrorCallback
                0x0000000008003794        0x2 build/stm32g4xx_hal_tim_ex.o
                0x0000000008003794                HAL_TIMEx_TransitionErrorCallback
 *fill*         0x0000000008003796        0x2 
 .text.SystemInit
                0x0000000008003798       0x14 build/system_stm32g4xx.o
                0x0000000008003798                SystemInit
 .text.memset   0x00000000080037ac       0x10 c:/program files/vs_code/vscodestmtools/arm-none-eabi-gcc/12.2.1-1.2.1/.content/bin/../lib/gcc/arm-none-eabi/12.2.1/../../../../arm-none-eabi/lib/thumb/v7e-m+fp/hard\libc_nano.a(libc_a-memset.o)
                0x00000000080037ac                memset
 .text.__libc_init_array
                0x00000000080037bc       0x48 c:/program files/vs_code/vscodestmtools/arm-none-eabi-gcc/12.2.1-1.2.1/.content/bin/../lib/gcc/arm-none-eabi/12.2.1/../../../../arm-none-eabi/lib/thumb/v7e-m+fp/hard\libc_nano.a(libc_a-init.o)
                0x00000000080037bc                __libc_init_array
 *(.glue_7)
 .glue_7        0x0000000008003804        0x0 linker stubs
 *(.glue_7t)
 .glue_7t       0x0000000008003804        0x0 linker stubs
 *(.eh_frame)
 .eh_frame      0x0000000008003804        0x0 c:/program files/vs_code/vscodestmtools/arm-none-eabi-gcc/12.2.1-1.2.1/.content/bin/../lib/gcc/arm-none-eabi/12.2.1/thumb/v7e-m+fp/hard/crtbegin.o
 *(.init)
 .init          0x0000000008003804        0x4 c:/program files/vs_code/vscodestmtools/arm-none-eabi-gcc/12.2.1-1.2.1/.content/bin/../lib/gcc/arm-none-eabi/12.2.1/thumb/v7e-m+fp/hard/crti.o
                0x0000000008003804                _init
 .init          0x0000000008003808        0x8 c:/program files/vs_code/vscodestmtools/arm-none-eabi-gcc/12.2.1-1.2.1/.content/bin/../lib/gcc/arm-none-eabi/12.2.1/thumb/v7e-m+fp/hard/crtn.o
 *(.fini)
 .fini          0x0000000008003810        0x4 c:/program files/vs_code/vscodestmtools/arm-none-eabi-gcc/12.2.1-1.2.1/.content/bin/../lib/gcc/arm-none-eabi/12.2.1/thumb/v7e-m+fp/hard/crti.o
                0x0000000008003810                _fini
 .fini          0x0000000008003814        0x8 c:/program files/vs_code/vscodestmtools/arm-none-eabi-gcc/12.2.1-1.2.1/.content/bin/../lib/gcc/arm-none-eabi/12.2.1/thumb/v7e-m+fp/hard/crtn.o
                0x000000000800381c                . = ALIGN (0x4)
                0x000000000800381c                _etext = .

.vfp11_veneer   0x000000000800381c        0x0
 .vfp11_veneer  0x000000000800381c        0x0 linker stubs

.v4_bx          0x000000000800381c        0x0
 .v4_bx         0x000000000800381c        0x0 linker stubs

.iplt           0x000000000800381c        0x0
 .iplt          0x000000000800381c        0x0 c:/program files/vs_code/vscodestmtools/arm-none-eabi-gcc/12.2.1-1.2.1/.content/bin/../lib/gcc/arm-none-eabi/12.2.1/thumb/v7e-m+fp/hard/crtbegin.o

.rodata         0x000000000800381c       0x10
                0x000000000800381c                . = ALIGN (0x4)
 *(.rodata)
 *(.rodata*)
 .rodata.AHBPrescTable
                0x000000000800381c       0x10 build/system_stm32g4xx.o
                0x000000000800381c                AHBPrescTable
                0x000000000800382c                . = ALIGN (0x4)

.rel.dyn        0x000000000800382c        0x0
 .rel.iplt      0x000000000800382c        0x0 c:/program files/vs_code/vscodestmtools/arm-none-eabi-gcc/12.2.1-1.2.1/.content/bin/../lib/gcc/arm-none-eabi/12.2.1/thumb/v7e-m+fp/hard/crtbegin.o

.ARM.extab
 *(.ARM.extab* .gnu.linkonce.armextab.*)

.ARM            0x000000000800382c        0x0
                0x000000000800382c                __exidx_start = .
 *(.ARM.exidx*)
                0x000000000800382c                __exidx_end = .

.preinit_array  0x000000000800382c        0x0
                0x000000000800382c                PROVIDE (__preinit_array_start = .)
 *(.preinit_array*)
                0x000000000800382c                PROVIDE (__preinit_array_end = .)

.init_array     0x000000000800382c        0x4
                0x000000000800382c                PROVIDE (__init_array_start = .)
 *(SORT_BY_NAME(.init_array.*))
 *(.init_array*)
 .init_array    0x000000000800382c        0x4 c:/program files/vs_code/vscodestmtools/arm-none-eabi-gcc/12.2.1-1.2.1/.content/bin/../lib/gcc/arm-none-eabi/12.2.1/thumb/v7e-m+fp/hard/crtbegin.o
                0x0000000008003830                PROVIDE (__init_array_end = .)

.fini_array     0x0000000008003830        0x4
                0x0000000008003830                PROVIDE (__fini_array_start = .)
 *(SORT_BY_NAME(.fini_array.*))
 *(.fini_array*)
 .fini_array    0x0000000008003830        0x4 c:/program files/vs_code/vscodestmtools/arm-none-eabi-gcc/12.2.1-1.2.1/.content/bin/../lib/gcc/arm-none-eabi/12.2.1/thumb/v7e-m+fp/hard/crtbegin.o
                0x0000000008003834                PROVIDE (__fini_array_end = .)
                0x0000000008003834                _sidata = LOADADDR (.data)

.data           0x0000000020000000       0x10 load address 0x0000000008003834
                0x0000000020000000                . = ALIGN (0x4)
                0x0000000020000000                _sdata = .
 *(.data)
 *(.data*)
 .data.high_shift
                0x0000000020000000        0x2 build/main.o
                0x0000000020000000                high_shift
 .data.low_shift
                0x0000000020000002        0x2 build/main.o
                0x0000000020000002                low_shift
 .data.uwTickFreq
                0x0000000020000004        0x4 build/stm32g4xx_hal.o
                0x0000000020000004                uwTickFreq
 .data.uwTickPrio
                0x0000000020000008        0x4 build/stm32g4xx_hal.o
                0x0000000020000008                uwTickPrio
 .data.SystemCoreClock
                0x000000002000000c        0x4 build/system_stm32g4xx.o
                0x000000002000000c                SystemCoreClock
                0x0000000020000010                . = ALIGN (0x4)
                0x0000000020000010                _edata = .

.igot.plt       0x0000000020000010        0x0 load address 0x0000000008003844
 .igot.plt      0x0000000020000010        0x0 c:/program files/vs_code/vscodestmtools/arm-none-eabi-gcc/12.2.1-1.2.1/.content/bin/../lib/gcc/arm-none-eabi/12.2.1/thumb/v7e-m+fp/hard/crtbegin.o
                0x0000000020000010                . = ALIGN (0x4)

.bss            0x0000000020000010      0x178 load address 0x0000000008003844
                0x0000000020000010                _sbss = .
                0x0000000020000010                __bss_start__ = _sbss
 *(.bss)
 *(.bss*)
 .bss.completed.1
                0x0000000020000010        0x1 c:/program files/vs_code/vscodestmtools/arm-none-eabi-gcc/12.2.1-1.2.1/.content/bin/../lib/gcc/arm-none-eabi/12.2.1/thumb/v7e-m+fp/hard/crtbegin.o
 *fill*         0x0000000020000011        0x3 
 .bss.object.0  0x0000000020000014       0x18 c:/program files/vs_code/vscodestmtools/arm-none-eabi-gcc/12.2.1-1.2.1/.content/bin/../lib/gcc/arm-none-eabi/12.2.1/thumb/v7e-m+fp/hard/crtbegin.o
 .bss.shift     0x000000002000002c        0x2 build/main.o
                0x000000002000002c                shift
 *fill*         0x000000002000002e        0x2 
 .bss.hadc1     0x0000000020000030       0x6c build/adc.o
                0x0000000020000030                hadc1
 .bss.hcomp2    0x000000002000009c       0x24 build/comp.o
                0x000000002000009c                hcomp2
 .bss.hdac2     0x00000000200000c0       0x14 build/dac.o
                0x00000000200000c0                hdac2
 .bss.hfdcan1   0x00000000200000d4       0x64 build/fdcan.o
                0x00000000200000d4                hfdcan1
 .bss.htim1     0x0000000020000138       0x4c build/tim.o
                0x0000000020000138                htim1
 .bss.uwTick    0x0000000020000184        0x4 build/stm32g4xx_hal.o
                0x0000000020000184                uwTick
 *(COMMON)
                0x0000000020000188                . = ALIGN (0x4)
                0x0000000020000188                _ebss = .
                0x0000000020000188                __bss_end__ = _ebss

._user_heap_stack
                0x0000000020000188     0x6000 load address 0x0000000008003844
                0x0000000020000188                . = ALIGN (0x8)
                0x0000000020000188                PROVIDE (end = .)
                [!provide]                        PROVIDE (_end = .)
                0x0000000020002188                . = (. + _Min_Heap_Size)
 *fill*         0x0000000020000188     0x2000 
                0x0000000020006188                . = (. + _Min_Stack_Size)
 *fill*         0x0000000020002188     0x4000 
                0x0000000020006188                . = ALIGN (0x8)

/DISCARD/
 libc.a(*)
 libm.a(*)
 libgcc.a(*)

.ARM.attributes
                0x0000000000000000       0x30
 *(.ARM.attributes)
 .ARM.attributes
                0x0000000000000000       0x22 c:/program files/vs_code/vscodestmtools/arm-none-eabi-gcc/12.2.1-1.2.1/.content/bin/../lib/gcc/arm-none-eabi/12.2.1/thumb/v7e-m+fp/hard/crti.o
 .ARM.attributes
                0x0000000000000022       0x34 c:/program files/vs_code/vscodestmtools/arm-none-eabi-gcc/12.2.1-1.2.1/.content/bin/../lib/gcc/arm-none-eabi/12.2.1/thumb/v7e-m+fp/hard/crtbegin.o
 .ARM.attributes
                0x0000000000000056       0x21 build/startup_stm32g474xx.o
 .ARM.attributes
                0x0000000000000077       0x34 build/main.o
 .ARM.attributes
                0x00000000000000ab       0x34 build/gpio.o
 .ARM.attributes
                0x00000000000000df       0x34 build/adc.o
 .ARM.attributes
                0x0000000000000113       0x34 build/comp.o
 .ARM.attributes
                0x0000000000000147       0x34 build/dac.o
 .ARM.attributes
                0x000000000000017b       0x34 build/fdcan.o
 .ARM.attributes
                0x00000000000001af       0x34 build/tim.o
 .ARM.attributes
                0x00000000000001e3       0x34 build/stm32g4xx_it.o
 .ARM.attributes
                0x0000000000000217       0x34 build/stm32g4xx_hal_msp.o
 .ARM.attributes
                0x000000000000024b       0x34 build/stm32g4xx_hal_adc.o
 .ARM.attributes
                0x000000000000027f       0x34 build/stm32g4xx_hal_adc_ex.o
 .ARM.attributes
                0x00000000000002b3       0x34 build/stm32g4xx_hal.o
 .ARM.attributes
                0x00000000000002e7       0x34 build/stm32g4xx_hal_rcc.o
 .ARM.attributes
                0x000000000000031b       0x34 build/stm32g4xx_hal_rcc_ex.o
 .ARM.attributes
                0x000000000000034f       0x34 build/stm32g4xx_hal_gpio.o
 .ARM.attributes
                0x0000000000000383       0x34 build/stm32g4xx_hal_pwr_ex.o
 .ARM.attributes
                0x00000000000003b7       0x34 build/stm32g4xx_hal_cortex.o
 .ARM.attributes
                0x00000000000003eb       0x34 build/stm32g4xx_hal_comp.o
 .ARM.attributes
                0x000000000000041f       0x34 build/stm32g4xx_hal_dac.o
 .ARM.attributes
                0x0000000000000453       0x34 build/stm32g4xx_hal_fdcan.o
 .ARM.attributes
                0x0000000000000487       0x34 build/stm32g4xx_hal_tim.o
 .ARM.attributes
                0x00000000000004bb       0x34 build/stm32g4xx_hal_tim_ex.o
 .ARM.attributes
                0x00000000000004ef       0x34 build/system_stm32g4xx.o
 .ARM.attributes
                0x0000000000000523       0x34 c:/program files/vs_code/vscodestmtools/arm-none-eabi-gcc/12.2.1-1.2.1/.content/bin/../lib/gcc/arm-none-eabi/12.2.1/../../../../arm-none-eabi/lib/thumb/v7e-m+fp/hard\libc_nano.a(libc_a-memset.o)
 .ARM.attributes
                0x0000000000000557       0x34 c:/program files/vs_code/vscodestmtools/arm-none-eabi-gcc/12.2.1-1.2.1/.content/bin/../lib/gcc/arm-none-eabi/12.2.1/../../../../arm-none-eabi/lib/thumb/v7e-m+fp/hard\libc_nano.a(libc_a-init.o)
 .ARM.attributes
                0x000000000000058b       0x22 c:/program files/vs_code/vscodestmtools/arm-none-eabi-gcc/12.2.1-1.2.1/.content/bin/../lib/gcc/arm-none-eabi/12.2.1/thumb/v7e-m+fp/hard/crtn.o
OUTPUT(build/test2.elf elf32-littlearm)
LOAD linker stubs
LOAD c:/program files/vs_code/vscodestmtools/arm-none-eabi-gcc/12.2.1-1.2.1/.content/bin/../lib/gcc/arm-none-eabi/12.2.1/../../../../arm-none-eabi/lib/thumb/v7e-m+fp/hard\libc.a
LOAD c:/program files/vs_code/vscodestmtools/arm-none-eabi-gcc/12.2.1-1.2.1/.content/bin/../lib/gcc/arm-none-eabi/12.2.1/../../../../arm-none-eabi/lib/thumb/v7e-m+fp/hard\libm.a
LOAD c:/program files/vs_code/vscodestmtools/arm-none-eabi-gcc/12.2.1-1.2.1/.content/bin/../lib/gcc/arm-none-eabi/12.2.1/thumb/v7e-m+fp/hard\libgcc.a

.comment        0x0000000000000000       0x39
 .comment       0x0000000000000000       0x39 c:/program files/vs_code/vscodestmtools/arm-none-eabi-gcc/12.2.1-1.2.1/.content/bin/../lib/gcc/arm-none-eabi/12.2.1/thumb/v7e-m+fp/hard/crtbegin.o
                                         0x3a (size before relaxing)
 .comment       0x0000000000000039       0x3a build/main.o
 .comment       0x0000000000000039       0x3a build/gpio.o
 .comment       0x0000000000000039       0x3a build/adc.o
 .comment       0x0000000000000039       0x3a build/comp.o
 .comment       0x0000000000000039       0x3a build/dac.o
 .comment       0x0000000000000039       0x3a build/fdcan.o
 .comment       0x0000000000000039       0x3a build/tim.o
 .comment       0x0000000000000039       0x3a build/stm32g4xx_it.o
 .comment       0x0000000000000039       0x3a build/stm32g4xx_hal_msp.o
 .comment       0x0000000000000039       0x3a build/stm32g4xx_hal_adc.o
 .comment       0x0000000000000039       0x3a build/stm32g4xx_hal_adc_ex.o
 .comment       0x0000000000000039       0x3a build/stm32g4xx_hal.o
 .comment       0x0000000000000039       0x3a build/stm32g4xx_hal_rcc.o
 .comment       0x0000000000000039       0x3a build/stm32g4xx_hal_rcc_ex.o
 .comment       0x0000000000000039       0x3a build/stm32g4xx_hal_gpio.o
 .comment       0x0000000000000039       0x3a build/stm32g4xx_hal_pwr_ex.o
 .comment       0x0000000000000039       0x3a build/stm32g4xx_hal_cortex.o
 .comment       0x0000000000000039       0x3a build/stm32g4xx_hal_comp.o
 .comment       0x0000000000000039       0x3a build/stm32g4xx_hal_dac.o
 .comment       0x0000000000000039       0x3a build/stm32g4xx_hal_fdcan.o
 .comment       0x0000000000000039       0x3a build/stm32g4xx_hal_tim.o
 .comment       0x0000000000000039       0x3a build/stm32g4xx_hal_tim_ex.o
 .comment       0x0000000000000039       0x3a build/system_stm32g4xx.o
 .comment       0x0000000000000039       0x3a c:/program files/vs_code/vscodestmtools/arm-none-eabi-gcc/12.2.1-1.2.1/.content/bin/../lib/gcc/arm-none-eabi/12.2.1/../../../../arm-none-eabi/lib/thumb/v7e-m+fp/hard\libc_nano.a(libc_a-memset.o)
 .comment       0x0000000000000039       0x3a c:/program files/vs_code/vscodestmtools/arm-none-eabi-gcc/12.2.1-1.2.1/.content/bin/../lib/gcc/arm-none-eabi/12.2.1/../../../../arm-none-eabi/lib/thumb/v7e-m+fp/hard\libc_nano.a(libc_a-init.o)

.debug_info     0x0000000000000000    0x1db33
 .debug_info    0x0000000000000000      0xfe5 build/main.o
 .debug_info    0x0000000000000fe5      0x60b build/gpio.o
 .debug_info    0x00000000000015f0     0x1256 build/adc.o
 .debug_info    0x0000000000002846      0x7c4 build/comp.o
 .debug_info    0x000000000000300a      0xdf0 build/dac.o
 .debug_info    0x0000000000003dfa      0xdbb build/fdcan.o
 .debug_info    0x0000000000004bb5     0x139a build/tim.o
 .debug_info    0x0000000000005f4f      0x9bd build/stm32g4xx_it.o
 .debug_info    0x000000000000690c      0x39a build/stm32g4xx_hal_msp.o
 .debug_info    0x0000000000006ca6     0x394f build/stm32g4xx_hal_adc.o
 .debug_info    0x000000000000a5f5     0x322f build/stm32g4xx_hal_adc_ex.o
 .debug_info    0x000000000000d824      0xd78 build/stm32g4xx_hal.o
 .debug_info    0x000000000000e59c     0x1065 build/stm32g4xx_hal_rcc.o
 .debug_info    0x000000000000f601     0x10b9 build/stm32g4xx_hal_rcc_ex.o
 .debug_info    0x00000000000106ba      0x92d build/stm32g4xx_hal_gpio.o
 .debug_info    0x0000000000010fe7      0xb1d build/stm32g4xx_hal_pwr_ex.o
 .debug_info    0x0000000000011b04     0x11b7 build/stm32g4xx_hal_cortex.o
 .debug_info    0x0000000000012cbb      0xcfc build/stm32g4xx_hal_comp.o
 .debug_info    0x00000000000139b7     0x1004 build/stm32g4xx_hal_dac.o
 .debug_info    0x00000000000149bb     0x1f06 build/stm32g4xx_hal_fdcan.o
 .debug_info    0x00000000000168c1     0x43e4 build/stm32g4xx_hal_tim.o
 .debug_info    0x000000000001aca5     0x2845 build/stm32g4xx_hal_tim_ex.o
 .debug_info    0x000000000001d4ea      0x649 build/system_stm32g4xx.o

.debug_abbrev   0x0000000000000000     0x354d
 .debug_abbrev  0x0000000000000000      0x291 build/main.o
 .debug_abbrev  0x0000000000000291      0x160 build/gpio.o
 .debug_abbrev  0x00000000000003f1      0x200 build/adc.o
 .debug_abbrev  0x00000000000005f1      0x1e7 build/comp.o
 .debug_abbrev  0x00000000000007d8      0x200 build/dac.o
 .debug_abbrev  0x00000000000009d8      0x1df build/fdcan.o
 .debug_abbrev  0x0000000000000bb7      0x21a build/tim.o
 .debug_abbrev  0x0000000000000dd1      0x19f build/stm32g4xx_it.o
 .debug_abbrev  0x0000000000000f70       0xd6 build/stm32g4xx_hal_msp.o
 .debug_abbrev  0x0000000000001046      0x33e build/stm32g4xx_hal_adc.o
 .debug_abbrev  0x0000000000001384      0x3ca build/stm32g4xx_hal_adc_ex.o
 .debug_abbrev  0x000000000000174e      0x298 build/stm32g4xx_hal.o
 .debug_abbrev  0x00000000000019e6      0x2de build/stm32g4xx_hal_rcc.o
 .debug_abbrev  0x0000000000001cc4      0x290 build/stm32g4xx_hal_rcc_ex.o
 .debug_abbrev  0x0000000000001f54      0x222 build/stm32g4xx_hal_gpio.o
 .debug_abbrev  0x0000000000002176      0x263 build/stm32g4xx_hal_pwr_ex.o
 .debug_abbrev  0x00000000000023d9      0x3ca build/stm32g4xx_hal_cortex.o
 .debug_abbrev  0x00000000000027a3      0x293 build/stm32g4xx_hal_comp.o
 .debug_abbrev  0x0000000000002a36      0x24b build/stm32g4xx_hal_dac.o
 .debug_abbrev  0x0000000000002c81      0x218 build/stm32g4xx_hal_fdcan.o
 .debug_abbrev  0x0000000000002e99      0x2c5 build/stm32g4xx_hal_tim.o
 .debug_abbrev  0x000000000000315e      0x2d4 build/stm32g4xx_hal_tim_ex.o
 .debug_abbrev  0x0000000000003432      0x11b build/system_stm32g4xx.o

.debug_loc      0x0000000000000000    0x15210
 .debug_loc     0x0000000000000000      0x12a build/main.o
 .debug_loc     0x000000000000012a       0x39 build/gpio.o
 .debug_loc     0x0000000000000163      0x10e build/adc.o
 .debug_loc     0x0000000000000271      0x108 build/comp.o
 .debug_loc     0x0000000000000379      0x12c build/dac.o
 .debug_loc     0x00000000000004a5       0xea build/fdcan.o
 .debug_loc     0x000000000000058f      0x105 build/tim.o
 .debug_loc     0x0000000000000694       0x40 build/stm32g4xx_it.o
 .debug_loc     0x00000000000006d4       0x38 build/stm32g4xx_hal_msp.o
 .debug_loc     0x000000000000070c     0x2b81 build/stm32g4xx_hal_adc.o
 .debug_loc     0x000000000000328d     0x28bb build/stm32g4xx_hal_adc_ex.o
 .debug_loc     0x0000000000005b48      0x2af build/stm32g4xx_hal.o
 .debug_loc     0x0000000000005df7      0x999 build/stm32g4xx_hal_rcc.o
 .debug_loc     0x0000000000006790     0x175f build/stm32g4xx_hal_rcc_ex.o
 .debug_loc     0x0000000000007eef      0x46f build/stm32g4xx_hal_gpio.o
 .debug_loc     0x000000000000835e      0x8ad build/stm32g4xx_hal_pwr_ex.o
 .debug_loc     0x0000000000008c0b      0x7b9 build/stm32g4xx_hal_cortex.o
 .debug_loc     0x00000000000093c4      0x7a5 build/stm32g4xx_hal_comp.o
 .debug_loc     0x0000000000009b69      0xa8e build/stm32g4xx_hal_dac.o
 .debug_loc     0x000000000000a5f7     0x174d build/stm32g4xx_hal_fdcan.o
 .debug_loc     0x000000000000bd44     0x63aa build/stm32g4xx_hal_tim.o
 .debug_loc     0x00000000000120ee     0x3085 build/stm32g4xx_hal_tim_ex.o
 .debug_loc     0x0000000000015173       0x9d build/system_stm32g4xx.o

.debug_aranges  0x0000000000000000     0x1270
 .debug_aranges
                0x0000000000000000       0x40 build/main.o
 .debug_aranges
                0x0000000000000040       0x20 build/gpio.o
 .debug_aranges
                0x0000000000000060       0x30 build/adc.o
 .debug_aranges
                0x0000000000000090       0x30 build/comp.o
 .debug_aranges
                0x00000000000000c0       0x30 build/dac.o
 .debug_aranges
                0x00000000000000f0       0x30 build/fdcan.o
 .debug_aranges
                0x0000000000000120       0x30 build/tim.o
 .debug_aranges
                0x0000000000000150       0x68 build/stm32g4xx_it.o
 .debug_aranges
                0x00000000000001b8       0x20 build/stm32g4xx_hal_msp.o
 .debug_aranges
                0x00000000000001d8      0x120 build/stm32g4xx_hal_adc.o
 .debug_aranges
                0x00000000000002f8      0x100 build/stm32g4xx_hal_adc_ex.o
 .debug_aranges
                0x00000000000003f8      0x130 build/stm32g4xx_hal.o
 .debug_aranges
                0x0000000000000528       0x98 build/stm32g4xx_hal_rcc.o
 .debug_aranges
                0x00000000000005c0       0xb0 build/stm32g4xx_hal_rcc_ex.o
 .debug_aranges
                0x0000000000000670       0x58 build/stm32g4xx_hal_gpio.o
 .debug_aranges
                0x00000000000006c8      0x140 build/stm32g4xx_hal_pwr_ex.o
 .debug_aranges
                0x0000000000000808       0xe0 build/stm32g4xx_hal_cortex.o
 .debug_aranges
                0x00000000000008e8       0x78 build/stm32g4xx_hal_comp.o
 .debug_aranges
                0x0000000000000960       0xc0 build/stm32g4xx_hal_dac.o
 .debug_aranges
                0x0000000000000a20      0x208 build/stm32g4xx_hal_fdcan.o
 .debug_aranges
                0x0000000000000c28      0x3e0 build/stm32g4xx_hal_tim.o
 .debug_aranges
                0x0000000000001008      0x240 build/stm32g4xx_hal_tim_ex.o
 .debug_aranges
                0x0000000000001248       0x28 build/system_stm32g4xx.o

.debug_ranges   0x0000000000000000     0x13b8
 .debug_ranges  0x0000000000000000       0x30 build/main.o
 .debug_ranges  0x0000000000000030       0x10 build/gpio.o
 .debug_ranges  0x0000000000000040       0x20 build/adc.o
 .debug_ranges  0x0000000000000060       0x20 build/comp.o
 .debug_ranges  0x0000000000000080       0x20 build/dac.o
 .debug_ranges  0x00000000000000a0       0x20 build/fdcan.o
 .debug_ranges  0x00000000000000c0       0x20 build/tim.o
 .debug_ranges  0x00000000000000e0       0x58 build/stm32g4xx_it.o
 .debug_ranges  0x0000000000000138       0x10 build/stm32g4xx_hal_msp.o
 .debug_ranges  0x0000000000000148      0x260 build/stm32g4xx_hal_adc.o
 .debug_ranges  0x00000000000003a8      0x210 build/stm32g4xx_hal_adc_ex.o
 .debug_ranges  0x00000000000005b8      0x120 build/stm32g4xx_hal.o
 .debug_ranges  0x00000000000006d8       0xa0 build/stm32g4xx_hal_rcc.o
 .debug_ranges  0x0000000000000778       0xb8 build/stm32g4xx_hal_rcc_ex.o
 .debug_ranges  0x0000000000000830       0x48 build/stm32g4xx_hal_gpio.o
 .debug_ranges  0x0000000000000878      0x130 build/stm32g4xx_hal_pwr_ex.o
 .debug_ranges  0x00000000000009a8       0xd0 build/stm32g4xx_hal_cortex.o
 .debug_ranges  0x0000000000000a78       0x80 build/stm32g4xx_hal_comp.o
 .debug_ranges  0x0000000000000af8       0xb0 build/stm32g4xx_hal_dac.o
 .debug_ranges  0x0000000000000ba8      0x1f8 build/stm32g4xx_hal_fdcan.o
 .debug_ranges  0x0000000000000da0      0x3d0 build/stm32g4xx_hal_tim.o
 .debug_ranges  0x0000000000001170      0x230 build/stm32g4xx_hal_tim_ex.o
 .debug_ranges  0x00000000000013a0       0x18 build/system_stm32g4xx.o

.debug_line     0x0000000000000000    0x150b0
 .debug_line    0x0000000000000000      0x4a5 build/main.o
 .debug_line    0x00000000000004a5      0x231 build/gpio.o
 .debug_line    0x00000000000006d6      0x40c build/adc.o
 .debug_line    0x0000000000000ae2      0x2f2 build/comp.o
 .debug_line    0x0000000000000dd4      0x32c build/dac.o
 .debug_line    0x0000000000001100      0x3a1 build/fdcan.o
 .debug_line    0x00000000000014a1      0x41c build/tim.o
 .debug_line    0x00000000000018bd      0x309 build/stm32g4xx_it.o
 .debug_line    0x0000000000001bc6      0x1d1 build/stm32g4xx_hal_msp.o
 .debug_line    0x0000000000001d97     0x273f build/stm32g4xx_hal_adc.o
 .debug_line    0x00000000000044d6     0x21cf build/stm32g4xx_hal_adc_ex.o
 .debug_line    0x00000000000066a5      0x6b8 build/stm32g4xx_hal.o
 .debug_line    0x0000000000006d5d      0xe11 build/stm32g4xx_hal_rcc.o
 .debug_line    0x0000000000007b6e     0x1281 build/stm32g4xx_hal_rcc_ex.o
 .debug_line    0x0000000000008def      0x6d0 build/stm32g4xx_hal_gpio.o
 .debug_line    0x00000000000094bf      0xa7b build/stm32g4xx_hal_pwr_ex.o
 .debug_line    0x0000000000009f3a      0x83d build/stm32g4xx_hal_cortex.o
 .debug_line    0x000000000000a777      0x96f build/stm32g4xx_hal_comp.o
 .debug_line    0x000000000000b0e6      0xaa2 build/stm32g4xx_hal_dac.o
 .debug_line    0x000000000000bb88     0x1a89 build/stm32g4xx_hal_fdcan.o
 .debug_line    0x000000000000d611     0x51b3 build/stm32g4xx_hal_tim.o
 .debug_line    0x00000000000127c4     0x2672 build/stm32g4xx_hal_tim_ex.o
 .debug_line    0x0000000000014e36      0x27a build/system_stm32g4xx.o

.debug_str      0x0000000000000000     0x6ea5
 .debug_str     0x0000000000000000      0x9fa build/main.o
                                        0xaf5 (size before relaxing)
 .debug_str     0x00000000000009fa      0x19e build/gpio.o
                                        0x38e (size before relaxing)
 .debug_str     0x0000000000000b98      0x517 build/adc.o
                                        0xc25 (size before relaxing)
 .debug_str     0x00000000000010af      0x16f build/comp.o
                                        0x565 (size before relaxing)
 .debug_str     0x000000000000121e      0x2bd build/dac.o
                                        0x973 (size before relaxing)
 .debug_str     0x00000000000014db      0x322 build/fdcan.o
                                        0x92f (size before relaxing)
 .debug_str     0x00000000000017fd      0x92e build/tim.o
                                       0x126d (size before relaxing)
 .debug_str     0x000000000000212b       0xda build/stm32g4xx_it.o
                                        0x83b (size before relaxing)
 .debug_str     0x0000000000002205       0x4a build/stm32g4xx_hal_msp.o
                                        0x2f0 (size before relaxing)
 .debug_str     0x000000000000224f      0xa45 build/stm32g4xx_hal_adc.o
                                       0x12cd (size before relaxing)
 .debug_str     0x0000000000002c94      0x5b1 build/stm32g4xx_hal_adc_ex.o
                                       0x12a7 (size before relaxing)
 .debug_str     0x0000000000003245      0x431 build/stm32g4xx_hal.o
                                        0xdda (size before relaxing)
 .debug_str     0x0000000000003676      0x31d build/stm32g4xx_hal_rcc.o
                                        0x817 (size before relaxing)
 .debug_str     0x0000000000003993      0x3b9 build/stm32g4xx_hal_rcc_ex.o
                                        0xa27 (size before relaxing)
 .debug_str     0x0000000000003d4c       0x9f build/stm32g4xx_hal_gpio.o
                                        0x502 (size before relaxing)
 .debug_str     0x0000000000003deb      0x4c3 build/stm32g4xx_hal_pwr_ex.o
                                        0x7a4 (size before relaxing)
 .debug_str     0x00000000000042ae      0x41f build/stm32g4xx_hal_cortex.o
                                        0xd1f (size before relaxing)
 .debug_str     0x00000000000046cd      0x356 build/stm32g4xx_hal_comp.o
                                        0x6f5 (size before relaxing)
 .debug_str     0x0000000000004a23      0x20e build/stm32g4xx_hal_dac.o
                                        0x9cd (size before relaxing)
 .debug_str     0x0000000000004c31      0xbda build/stm32g4xx_hal_fdcan.o
                                       0x11d9 (size before relaxing)
 .debug_str     0x000000000000580b      0xe7d build/stm32g4xx_hal_tim.o
                                       0x1857 (size before relaxing)
 .debug_str     0x0000000000006688      0x7e0 build/stm32g4xx_hal_tim_ex.o
                                       0x14da (size before relaxing)
 .debug_str     0x0000000000006e68       0x3d build/system_stm32g4xx.o
                                        0x389 (size before relaxing)

.debug_frame    0x0000000000000000     0x2dfc
 .debug_frame   0x0000000000000000       0x88 build/main.o
 .debug_frame   0x0000000000000088       0x34 build/gpio.o
 .debug_frame   0x00000000000000bc       0x68 build/adc.o
 .debug_frame   0x0000000000000124       0x60 build/comp.o
 .debug_frame   0x0000000000000184       0x68 build/dac.o
 .debug_frame   0x00000000000001ec       0x60 build/fdcan.o
 .debug_frame   0x000000000000024c       0x68 build/tim.o
 .debug_frame   0x00000000000002b4       0xc0 build/stm32g4xx_it.o
 .debug_frame   0x0000000000000374       0x2c build/stm32g4xx_hal_msp.o
 .debug_frame   0x00000000000003a0      0x33c build/stm32g4xx_hal_adc.o
 .debug_frame   0x00000000000006dc      0x2f0 build/stm32g4xx_hal_adc_ex.o
 .debug_frame   0x00000000000009cc      0x274 build/stm32g4xx_hal.o
 .debug_frame   0x0000000000000c40      0x198 build/stm32g4xx_hal_rcc.o
 .debug_frame   0x0000000000000dd8      0x1a0 build/stm32g4xx_hal_rcc_ex.o
 .debug_frame   0x0000000000000f78       0xd0 build/stm32g4xx_hal_gpio.o
 .debug_frame   0x0000000000001048      0x268 build/stm32g4xx_hal_pwr_ex.o
 .debug_frame   0x00000000000012b0      0x1e4 build/stm32g4xx_hal_cortex.o
 .debug_frame   0x0000000000001494      0x10c build/stm32g4xx_hal_comp.o
 .debug_frame   0x00000000000015a0      0x200 build/stm32g4xx_hal_dac.o
 .debug_frame   0x00000000000017a0      0x4b8 build/stm32g4xx_hal_fdcan.o
 .debug_frame   0x0000000000001c58      0xb54 build/stm32g4xx_hal_tim.o
 .debug_frame   0x00000000000027ac      0x620 build/stm32g4xx_hal_tim_ex.o
 .debug_frame   0x0000000000002dcc       0x30 build/system_stm32g4xx.o

Cross Reference Table

Symbol                                            File
ADC1_2_IRQHandler                                 build/startup_stm32g474xx.o
ADC3_IRQHandler                                   build/startup_stm32g474xx.o
ADC4_IRQHandler                                   build/startup_stm32g474xx.o
ADC5_IRQHandler                                   build/startup_stm32g474xx.o
ADC_ConversionStop                                build/stm32g4xx_hal_adc.o
                                                  build/stm32g4xx_hal_adc_ex.o
ADC_DMAConvCplt                                   build/stm32g4xx_hal_adc.o
                                                  build/stm32g4xx_hal_adc_ex.o
ADC_DMAError                                      build/stm32g4xx_hal_adc.o
                                                  build/stm32g4xx_hal_adc_ex.o
ADC_DMAHalfConvCplt                               build/stm32g4xx_hal_adc.o
                                                  build/stm32g4xx_hal_adc_ex.o
ADC_Disable                                       build/stm32g4xx_hal_adc.o
                                                  build/stm32g4xx_hal_adc_ex.o
ADC_Enable                                        build/stm32g4xx_hal_adc.o
                                                  build/stm32g4xx_hal_adc_ex.o
AHBPrescTable                                     build/system_stm32g4xx.o
                                                  build/stm32g4xx_hal_rcc.o
APBPrescTable                                     build/system_stm32g4xx.o
                                                  build/stm32g4xx_hal_rcc.o
BusFault_Handler                                  build/stm32g4xx_it.o
                                                  build/startup_stm32g474xx.o
COMP1_2_3_IRQHandler                              build/startup_stm32g474xx.o
COMP4_5_6_IRQHandler                              build/startup_stm32g474xx.o
COMP7_IRQHandler                                  build/startup_stm32g474xx.o
CORDIC_IRQHandler                                 build/startup_stm32g474xx.o
CRS_IRQHandler                                    build/startup_stm32g474xx.o
DAC_DMAConvCpltCh1                                build/stm32g4xx_hal_dac.o
                                                  build/stm32g4xx_hal_dac_ex.o
DAC_DMAConvCpltCh2                                build/stm32g4xx_hal_dac_ex.o
                                                  build/stm32g4xx_hal_dac.o
DAC_DMAErrorCh1                                   build/stm32g4xx_hal_dac.o
                                                  build/stm32g4xx_hal_dac_ex.o
DAC_DMAErrorCh2                                   build/stm32g4xx_hal_dac_ex.o
                                                  build/stm32g4xx_hal_dac.o
DAC_DMAHalfConvCpltCh1                            build/stm32g4xx_hal_dac.o
                                                  build/stm32g4xx_hal_dac_ex.o
DAC_DMAHalfConvCpltCh2                            build/stm32g4xx_hal_dac_ex.o
                                                  build/stm32g4xx_hal_dac.o
DMA1_Channel1_IRQHandler                          build/startup_stm32g474xx.o
DMA1_Channel2_IRQHandler                          build/startup_stm32g474xx.o
DMA1_Channel3_IRQHandler                          build/startup_stm32g474xx.o
DMA1_Channel4_IRQHandler                          build/startup_stm32g474xx.o
DMA1_Channel5_IRQHandler                          build/startup_stm32g474xx.o
DMA1_Channel6_IRQHandler                          build/startup_stm32g474xx.o
DMA1_Channel7_IRQHandler                          build/startup_stm32g474xx.o
DMA1_Channel8_IRQHandler                          build/startup_stm32g474xx.o
DMA2_Channel1_IRQHandler                          build/startup_stm32g474xx.o
DMA2_Channel2_IRQHandler                          build/startup_stm32g474xx.o
DMA2_Channel3_IRQHandler                          build/startup_stm32g474xx.o
DMA2_Channel4_IRQHandler                          build/startup_stm32g474xx.o
DMA2_Channel5_IRQHandler                          build/startup_stm32g474xx.o
DMA2_Channel6_IRQHandler                          build/startup_stm32g474xx.o
DMA2_Channel7_IRQHandler                          build/startup_stm32g474xx.o
DMA2_Channel8_IRQHandler                          build/startup_stm32g474xx.o
DMAMUX_OVR_IRQHandler                             build/startup_stm32g474xx.o
DebugMon_Handler                                  build/stm32g4xx_it.o
                                                  build/startup_stm32g474xx.o
Default_Handler                                   build/startup_stm32g474xx.o
EXTI0_IRQHandler                                  build/startup_stm32g474xx.o
EXTI15_10_IRQHandler                              build/startup_stm32g474xx.o
EXTI1_IRQHandler                                  build/startup_stm32g474xx.o
EXTI2_IRQHandler                                  build/startup_stm32g474xx.o
EXTI3_IRQHandler                                  build/startup_stm32g474xx.o
EXTI4_IRQHandler                                  build/startup_stm32g474xx.o
EXTI9_5_IRQHandler                                build/startup_stm32g474xx.o
Error_Handler                                     build/main.o
                                                  build/tim.o
                                                  build/fdcan.o
                                                  build/dac.o
                                                  build/comp.o
                                                  build/adc.o
FDCAN1_IT0_IRQHandler                             build/startup_stm32g474xx.o
FDCAN1_IT1_IRQHandler                             build/startup_stm32g474xx.o
FDCAN2_IT0_IRQHandler                             build/startup_stm32g474xx.o
FDCAN2_IT1_IRQHandler                             build/startup_stm32g474xx.o
FDCAN3_IT0_IRQHandler                             build/startup_stm32g474xx.o
FDCAN3_IT1_IRQHandler                             build/startup_stm32g474xx.o
FLASH_FlushCaches                                 build/stm32g4xx_hal_flash_ex.o
                                                  build/stm32g4xx_hal_flash.o
FLASH_IRQHandler                                  build/startup_stm32g474xx.o
FLASH_PageErase                                   build/stm32g4xx_hal_flash_ex.o
                                                  build/stm32g4xx_hal_flash.o
FLASH_WaitForLastOperation                        build/stm32g4xx_hal_flash.o
                                                  build/stm32g4xx_hal_flash_ex.o
FMAC_IRQHandler                                   build/startup_stm32g474xx.o
FMC_IRQHandler                                    build/startup_stm32g474xx.o
FPU_IRQHandler                                    build/startup_stm32g474xx.o
HAL_ADCEx_Calibration_GetValue                    build/stm32g4xx_hal_adc_ex.o
HAL_ADCEx_Calibration_SetValue                    build/stm32g4xx_hal_adc_ex.o
HAL_ADCEx_Calibration_Start                       build/stm32g4xx_hal_adc_ex.o
HAL_ADCEx_DisableInjectedQueue                    build/stm32g4xx_hal_adc_ex.o
HAL_ADCEx_DisableVoltageRegulator                 build/stm32g4xx_hal_adc_ex.o
HAL_ADCEx_EnableInjectedQueue                     build/stm32g4xx_hal_adc_ex.o
HAL_ADCEx_EndOfSamplingCallback                   build/stm32g4xx_hal_adc_ex.o
                                                  build/stm32g4xx_hal_adc.o
HAL_ADCEx_EnterADCDeepPowerDownMode               build/stm32g4xx_hal_adc_ex.o
HAL_ADCEx_InjectedConfigChannel                   build/stm32g4xx_hal_adc_ex.o
HAL_ADCEx_InjectedConvCpltCallback                build/stm32g4xx_hal_adc_ex.o
                                                  build/stm32g4xx_hal_adc.o
HAL_ADCEx_InjectedGetValue                        build/stm32g4xx_hal_adc_ex.o
HAL_ADCEx_InjectedPollForConversion               build/stm32g4xx_hal_adc_ex.o
HAL_ADCEx_InjectedQueueOverflowCallback           build/stm32g4xx_hal_adc_ex.o
                                                  build/stm32g4xx_hal_adc.o
HAL_ADCEx_InjectedStart                           build/stm32g4xx_hal_adc_ex.o
HAL_ADCEx_InjectedStart_IT                        build/stm32g4xx_hal_adc_ex.o
HAL_ADCEx_InjectedStop                            build/stm32g4xx_hal_adc_ex.o
HAL_ADCEx_InjectedStop_IT                         build/stm32g4xx_hal_adc_ex.o
HAL_ADCEx_LevelOutOfWindow2Callback               build/stm32g4xx_hal_adc_ex.o
                                                  build/stm32g4xx_hal_adc.o
HAL_ADCEx_LevelOutOfWindow3Callback               build/stm32g4xx_hal_adc_ex.o
                                                  build/stm32g4xx_hal_adc.o
HAL_ADCEx_MultiModeConfigChannel                  build/stm32g4xx_hal_adc_ex.o
                                                  build/adc.o
HAL_ADCEx_MultiModeGetValue                       build/stm32g4xx_hal_adc_ex.o
HAL_ADCEx_MultiModeStart_DMA                      build/stm32g4xx_hal_adc_ex.o
HAL_ADCEx_MultiModeStop_DMA                       build/stm32g4xx_hal_adc_ex.o
HAL_ADCEx_RegularMultiModeStop_DMA                build/stm32g4xx_hal_adc_ex.o
HAL_ADCEx_RegularStop                             build/stm32g4xx_hal_adc_ex.o
HAL_ADCEx_RegularStop_DMA                         build/stm32g4xx_hal_adc_ex.o
HAL_ADCEx_RegularStop_IT                          build/stm32g4xx_hal_adc_ex.o
HAL_ADC_AnalogWDGConfig                           build/stm32g4xx_hal_adc.o
HAL_ADC_ConfigChannel                             build/stm32g4xx_hal_adc.o
                                                  build/adc.o
HAL_ADC_ConvCpltCallback                          build/stm32g4xx_hal_adc.o
HAL_ADC_ConvHalfCpltCallback                      build/stm32g4xx_hal_adc.o
HAL_ADC_DeInit                                    build/stm32g4xx_hal_adc.o
HAL_ADC_ErrorCallback                             build/stm32g4xx_hal_adc.o
HAL_ADC_GetError                                  build/stm32g4xx_hal_adc.o
HAL_ADC_GetState                                  build/stm32g4xx_hal_adc.o
HAL_ADC_GetValue                                  build/stm32g4xx_hal_adc.o
HAL_ADC_IRQHandler                                build/stm32g4xx_hal_adc.o
HAL_ADC_Init                                      build/stm32g4xx_hal_adc.o
                                                  build/adc.o
HAL_ADC_LevelOutOfWindowCallback                  build/stm32g4xx_hal_adc.o
HAL_ADC_MspDeInit                                 build/adc.o
HAL_ADC_MspInit                                   build/adc.o
HAL_ADC_PollForConversion                         build/stm32g4xx_hal_adc.o
HAL_ADC_PollForEvent                              build/stm32g4xx_hal_adc.o
HAL_ADC_Start                                     build/stm32g4xx_hal_adc.o
HAL_ADC_StartSampling                             build/stm32g4xx_hal_adc.o
HAL_ADC_Start_DMA                                 build/stm32g4xx_hal_adc.o
HAL_ADC_Start_IT                                  build/stm32g4xx_hal_adc.o
HAL_ADC_Stop                                      build/stm32g4xx_hal_adc.o
HAL_ADC_StopSampling                              build/stm32g4xx_hal_adc.o
HAL_ADC_Stop_DMA                                  build/stm32g4xx_hal_adc.o
HAL_ADC_Stop_IT                                   build/stm32g4xx_hal_adc.o
HAL_COMP_DeInit                                   build/stm32g4xx_hal_comp.o
HAL_COMP_GetError                                 build/stm32g4xx_hal_comp.o
HAL_COMP_GetOutputLevel                           build/stm32g4xx_hal_comp.o
HAL_COMP_GetState                                 build/stm32g4xx_hal_comp.o
HAL_COMP_IRQHandler                               build/stm32g4xx_hal_comp.o
HAL_COMP_Init                                     build/stm32g4xx_hal_comp.o
                                                  build/comp.o
HAL_COMP_Lock                                     build/stm32g4xx_hal_comp.o
HAL_COMP_MspDeInit                                build/comp.o
HAL_COMP_MspInit                                  build/comp.o
HAL_COMP_Start                                    build/stm32g4xx_hal_comp.o
HAL_COMP_Stop                                     build/stm32g4xx_hal_comp.o
HAL_COMP_TriggerCallback                          build/stm32g4xx_hal_comp.o
HAL_DACEx_ConvCpltCallbackCh2                     build/stm32g4xx_hal_dac_ex.o
HAL_DACEx_ConvHalfCpltCallbackCh2                 build/stm32g4xx_hal_dac_ex.o
HAL_DACEx_DMAUnderrunCallbackCh2                  build/stm32g4xx_hal_dac_ex.o
                                                  build/stm32g4xx_hal_dac.o
HAL_DACEx_DualGetValue                            build/stm32g4xx_hal_dac_ex.o
HAL_DACEx_DualSetValue                            build/stm32g4xx_hal_dac_ex.o
HAL_DACEx_DualStart                               build/stm32g4xx_hal_dac_ex.o
HAL_DACEx_DualStart_DMA                           build/stm32g4xx_hal_dac_ex.o
HAL_DACEx_DualStop                                build/stm32g4xx_hal_dac_ex.o
HAL_DACEx_DualStop_DMA                            build/stm32g4xx_hal_dac_ex.o
HAL_DACEx_ErrorCallbackCh2                        build/stm32g4xx_hal_dac_ex.o
HAL_DACEx_GetTrimOffset                           build/stm32g4xx_hal_dac_ex.o
HAL_DACEx_NoiseWaveGenerate                       build/stm32g4xx_hal_dac_ex.o
HAL_DACEx_SawtoothWaveDataReset                   build/stm32g4xx_hal_dac_ex.o
HAL_DACEx_SawtoothWaveDataStep                    build/stm32g4xx_hal_dac_ex.o
HAL_DACEx_SawtoothWaveGenerate                    build/stm32g4xx_hal_dac_ex.o
HAL_DACEx_SelfCalibrate                           build/stm32g4xx_hal_dac_ex.o
HAL_DACEx_SetUserTrimming                         build/stm32g4xx_hal_dac_ex.o
HAL_DACEx_TriangleWaveGenerate                    build/stm32g4xx_hal_dac_ex.o
HAL_DAC_ConfigChannel                             build/stm32g4xx_hal_dac.o
                                                  build/dac.o
HAL_DAC_ConvCpltCallbackCh1                       build/stm32g4xx_hal_dac.o
HAL_DAC_ConvHalfCpltCallbackCh1                   build/stm32g4xx_hal_dac.o
HAL_DAC_DMAUnderrunCallbackCh1                    build/stm32g4xx_hal_dac.o
HAL_DAC_DeInit                                    build/stm32g4xx_hal_dac.o
HAL_DAC_ErrorCallbackCh1                          build/stm32g4xx_hal_dac.o
HAL_DAC_GetError                                  build/stm32g4xx_hal_dac.o
HAL_DAC_GetState                                  build/stm32g4xx_hal_dac.o
HAL_DAC_GetValue                                  build/stm32g4xx_hal_dac.o
HAL_DAC_IRQHandler                                build/stm32g4xx_hal_dac.o
HAL_DAC_Init                                      build/stm32g4xx_hal_dac.o
                                                  build/dac.o
HAL_DAC_MspDeInit                                 build/dac.o
HAL_DAC_MspInit                                   build/dac.o
HAL_DAC_SetValue                                  build/stm32g4xx_hal_dac.o
HAL_DAC_Start                                     build/stm32g4xx_hal_dac.o
HAL_DAC_Start_DMA                                 build/stm32g4xx_hal_dac.o
HAL_DAC_Stop                                      build/stm32g4xx_hal_dac.o
HAL_DAC_Stop_DMA                                  build/stm32g4xx_hal_dac.o
HAL_DBGMCU_DisableDBGSleepMode                    build/stm32g4xx_hal.o
HAL_DBGMCU_DisableDBGStandbyMode                  build/stm32g4xx_hal.o
HAL_DBGMCU_DisableDBGStopMode                     build/stm32g4xx_hal.o
HAL_DBGMCU_EnableDBGSleepMode                     build/stm32g4xx_hal.o
HAL_DBGMCU_EnableDBGStandbyMode                   build/stm32g4xx_hal.o
HAL_DBGMCU_EnableDBGStopMode                      build/stm32g4xx_hal.o
HAL_DMAEx_ConfigMuxRequestGenerator               build/stm32g4xx_hal_dma_ex.o
HAL_DMAEx_ConfigMuxSync                           build/stm32g4xx_hal_dma_ex.o
HAL_DMAEx_DisableMuxRequestGenerator              build/stm32g4xx_hal_dma_ex.o
HAL_DMAEx_EnableMuxRequestGenerator               build/stm32g4xx_hal_dma_ex.o
HAL_DMAEx_MUX_IRQHandler                          build/stm32g4xx_hal_dma_ex.o
HAL_DMA_Abort                                     build/stm32g4xx_hal_dma.o
                                                  build/stm32g4xx_hal_dac_ex.o
                                                  build/stm32g4xx_hal_dac.o
                                                  build/stm32g4xx_hal_adc_ex.o
                                                  build/stm32g4xx_hal_adc.o
HAL_DMA_Abort_IT                                  build/stm32g4xx_hal_dma.o
                                                  build/stm32g4xx_hal_tim_ex.o
                                                  build/stm32g4xx_hal_tim.o
HAL_DMA_DeInit                                    build/stm32g4xx_hal_dma.o
HAL_DMA_GetError                                  build/stm32g4xx_hal_dma.o
HAL_DMA_GetState                                  build/stm32g4xx_hal_dma.o
HAL_DMA_IRQHandler                                build/stm32g4xx_hal_dma.o
HAL_DMA_Init                                      build/stm32g4xx_hal_dma.o
HAL_DMA_PollForTransfer                           build/stm32g4xx_hal_dma.o
HAL_DMA_RegisterCallback                          build/stm32g4xx_hal_dma.o
HAL_DMA_Start                                     build/stm32g4xx_hal_dma.o
HAL_DMA_Start_IT                                  build/stm32g4xx_hal_dma.o
                                                  build/stm32g4xx_hal_tim_ex.o
                                                  build/stm32g4xx_hal_tim.o
                                                  build/stm32g4xx_hal_dac_ex.o
                                                  build/stm32g4xx_hal_dac.o
                                                  build/stm32g4xx_hal_adc_ex.o
                                                  build/stm32g4xx_hal_adc.o
HAL_DMA_UnRegisterCallback                        build/stm32g4xx_hal_dma.o
HAL_DeInit                                        build/stm32g4xx_hal.o
HAL_Delay                                         build/stm32g4xx_hal.o
                                                  build/stm32g4xx_hal_dac_ex.o
                                                  build/stm32g4xx_hal_dac.o
                                                  build/main.o
HAL_EXTI_ClearConfigLine                          build/stm32g4xx_hal_exti.o
HAL_EXTI_ClearPending                             build/stm32g4xx_hal_exti.o
HAL_EXTI_GenerateSWI                              build/stm32g4xx_hal_exti.o
HAL_EXTI_GetConfigLine                            build/stm32g4xx_hal_exti.o
HAL_EXTI_GetHandle                                build/stm32g4xx_hal_exti.o
HAL_EXTI_GetPending                               build/stm32g4xx_hal_exti.o
HAL_EXTI_IRQHandler                               build/stm32g4xx_hal_exti.o
HAL_EXTI_RegisterCallback                         build/stm32g4xx_hal_exti.o
HAL_EXTI_SetConfigLine                            build/stm32g4xx_hal_exti.o
HAL_FDCAN_AbortTxRequest                          build/stm32g4xx_hal_fdcan.o
HAL_FDCAN_ActivateNotification                    build/stm32g4xx_hal_fdcan.o
HAL_FDCAN_AddMessageToTxFifoQ                     build/stm32g4xx_hal_fdcan.o
HAL_FDCAN_ConfigExtendedIdMask                    build/stm32g4xx_hal_fdcan.o
HAL_FDCAN_ConfigFilter                            build/stm32g4xx_hal_fdcan.o
HAL_FDCAN_ConfigGlobalFilter                      build/stm32g4xx_hal_fdcan.o
HAL_FDCAN_ConfigInterruptLines                    build/stm32g4xx_hal_fdcan.o
HAL_FDCAN_ConfigRamWatchdog                       build/stm32g4xx_hal_fdcan.o
HAL_FDCAN_ConfigRxFifoOverwrite                   build/stm32g4xx_hal_fdcan.o
HAL_FDCAN_ConfigTimeoutCounter                    build/stm32g4xx_hal_fdcan.o
HAL_FDCAN_ConfigTimestampCounter                  build/stm32g4xx_hal_fdcan.o
HAL_FDCAN_ConfigTxDelayCompensation               build/stm32g4xx_hal_fdcan.o
HAL_FDCAN_DeInit                                  build/stm32g4xx_hal_fdcan.o
HAL_FDCAN_DeactivateNotification                  build/stm32g4xx_hal_fdcan.o
HAL_FDCAN_DisableEdgeFiltering                    build/stm32g4xx_hal_fdcan.o
HAL_FDCAN_DisableISOMode                          build/stm32g4xx_hal_fdcan.o
HAL_FDCAN_DisableTimeoutCounter                   build/stm32g4xx_hal_fdcan.o
HAL_FDCAN_DisableTimestampCounter                 build/stm32g4xx_hal_fdcan.o
HAL_FDCAN_DisableTxDelayCompensation              build/stm32g4xx_hal_fdcan.o
HAL_FDCAN_EnableEdgeFiltering                     build/stm32g4xx_hal_fdcan.o
HAL_FDCAN_EnableISOMode                           build/stm32g4xx_hal_fdcan.o
HAL_FDCAN_EnableTimeoutCounter                    build/stm32g4xx_hal_fdcan.o
HAL_FDCAN_EnableTimestampCounter                  build/stm32g4xx_hal_fdcan.o
HAL_FDCAN_EnableTxDelayCompensation               build/stm32g4xx_hal_fdcan.o
HAL_FDCAN_EnterPowerDownMode                      build/stm32g4xx_hal_fdcan.o
HAL_FDCAN_ErrorCallback                           build/stm32g4xx_hal_fdcan.o
HAL_FDCAN_ErrorStatusCallback                     build/stm32g4xx_hal_fdcan.o
HAL_FDCAN_ExitPowerDownMode                       build/stm32g4xx_hal_fdcan.o
HAL_FDCAN_ExitRestrictedOperationMode             build/stm32g4xx_hal_fdcan.o
HAL_FDCAN_GetError                                build/stm32g4xx_hal_fdcan.o
HAL_FDCAN_GetErrorCounters                        build/stm32g4xx_hal_fdcan.o
HAL_FDCAN_GetHighPriorityMessageStatus            build/stm32g4xx_hal_fdcan.o
HAL_FDCAN_GetLatestTxFifoQRequestBuffer           build/stm32g4xx_hal_fdcan.o
HAL_FDCAN_GetProtocolStatus                       build/stm32g4xx_hal_fdcan.o
HAL_FDCAN_GetRxFifoFillLevel                      build/stm32g4xx_hal_fdcan.o
HAL_FDCAN_GetRxMessage                            build/stm32g4xx_hal_fdcan.o
HAL_FDCAN_GetState                                build/stm32g4xx_hal_fdcan.o
HAL_FDCAN_GetTimeoutCounter                       build/stm32g4xx_hal_fdcan.o
HAL_FDCAN_GetTimestampCounter                     build/stm32g4xx_hal_fdcan.o
HAL_FDCAN_GetTxEvent                              build/stm32g4xx_hal_fdcan.o
HAL_FDCAN_GetTxFifoFreeLevel                      build/stm32g4xx_hal_fdcan.o
HAL_FDCAN_HighPriorityMessageCallback             build/stm32g4xx_hal_fdcan.o
HAL_FDCAN_IRQHandler                              build/stm32g4xx_hal_fdcan.o
HAL_FDCAN_Init                                    build/stm32g4xx_hal_fdcan.o
                                                  build/fdcan.o
HAL_FDCAN_IsRestrictedOperationMode               build/stm32g4xx_hal_fdcan.o
HAL_FDCAN_IsTxBufferMessagePending                build/stm32g4xx_hal_fdcan.o
HAL_FDCAN_MspDeInit                               build/fdcan.o
HAL_FDCAN_MspInit                                 build/fdcan.o
HAL_FDCAN_ResetTimeoutCounter                     build/stm32g4xx_hal_fdcan.o
HAL_FDCAN_ResetTimestampCounter                   build/stm32g4xx_hal_fdcan.o
HAL_FDCAN_RxFifo0Callback                         build/stm32g4xx_hal_fdcan.o
HAL_FDCAN_RxFifo1Callback                         build/stm32g4xx_hal_fdcan.o
HAL_FDCAN_Start                                   build/stm32g4xx_hal_fdcan.o
HAL_FDCAN_Stop                                    build/stm32g4xx_hal_fdcan.o
HAL_FDCAN_TimeoutOccurredCallback                 build/stm32g4xx_hal_fdcan.o
HAL_FDCAN_TimestampWraparoundCallback             build/stm32g4xx_hal_fdcan.o
HAL_FDCAN_TxBufferAbortCallback                   build/stm32g4xx_hal_fdcan.o
HAL_FDCAN_TxBufferCompleteCallback                build/stm32g4xx_hal_fdcan.o
HAL_FDCAN_TxEventFifoCallback                     build/stm32g4xx_hal_fdcan.o
HAL_FDCAN_TxFifoEmptyCallback                     build/stm32g4xx_hal_fdcan.o
HAL_FLASHEx_DisableDebugger                       build/stm32g4xx_hal_flash_ex.o
HAL_FLASHEx_DisableRunPowerDown                   build/stm32g4xx_hal_flash_ramfunc.o
HAL_FLASHEx_EnableDebugger                        build/stm32g4xx_hal_flash_ex.o
HAL_FLASHEx_EnableRunPowerDown                    build/stm32g4xx_hal_flash_ramfunc.o
HAL_FLASHEx_EnableSecMemProtection                build/stm32g4xx_hal_flash_ex.o
HAL_FLASHEx_Erase                                 build/stm32g4xx_hal_flash_ex.o
HAL_FLASHEx_Erase_IT                              build/stm32g4xx_hal_flash_ex.o
HAL_FLASHEx_OBGetConfig                           build/stm32g4xx_hal_flash_ex.o
HAL_FLASHEx_OBProgram                             build/stm32g4xx_hal_flash_ex.o
HAL_FLASHEx_OB_DBankConfig                        build/stm32g4xx_hal_flash_ramfunc.o
HAL_FLASH_EndOfOperationCallback                  build/stm32g4xx_hal_flash.o
HAL_FLASH_GetError                                build/stm32g4xx_hal_flash.o
HAL_FLASH_IRQHandler                              build/stm32g4xx_hal_flash.o
HAL_FLASH_Lock                                    build/stm32g4xx_hal_flash.o
HAL_FLASH_OB_Launch                               build/stm32g4xx_hal_flash.o
HAL_FLASH_OB_Lock                                 build/stm32g4xx_hal_flash.o
HAL_FLASH_OB_Unlock                               build/stm32g4xx_hal_flash.o
HAL_FLASH_OperationErrorCallback                  build/stm32g4xx_hal_flash.o
HAL_FLASH_Program                                 build/stm32g4xx_hal_flash.o
HAL_FLASH_Program_IT                              build/stm32g4xx_hal_flash.o
HAL_FLASH_Unlock                                  build/stm32g4xx_hal_flash.o
HAL_GPIO_DeInit                                   build/stm32g4xx_hal_gpio.o
                                                  build/fdcan.o
                                                  build/dac.o
                                                  build/comp.o
                                                  build/adc.o
HAL_GPIO_EXTI_Callback                            build/stm32g4xx_hal_gpio.o
HAL_GPIO_EXTI_IRQHandler                          build/stm32g4xx_hal_gpio.o
HAL_GPIO_Init                                     build/stm32g4xx_hal_gpio.o
                                                  build/stm32g4xx_hal_rcc_ex.o
                                                  build/stm32g4xx_hal_rcc.o
                                                  build/fdcan.o
                                                  build/dac.o
                                                  build/comp.o
                                                  build/adc.o
                                                  build/gpio.o
HAL_GPIO_LockPin                                  build/stm32g4xx_hal_gpio.o
HAL_GPIO_ReadPin                                  build/stm32g4xx_hal_gpio.o
                                                  build/main.o
HAL_GPIO_TogglePin                                build/stm32g4xx_hal_gpio.o
                                                  build/main.o
HAL_GPIO_WritePin                                 build/stm32g4xx_hal_gpio.o
                                                  build/gpio.o
                                                  build/main.o
HAL_GetDEVID                                      build/stm32g4xx_hal.o
HAL_GetHalVersion                                 build/stm32g4xx_hal.o
HAL_GetREVID                                      build/stm32g4xx_hal.o
HAL_GetTick                                       build/stm32g4xx_hal.o
                                                  build/stm32g4xx_hal_tim_ex.o
                                                  build/stm32g4xx_hal_fdcan.o
                                                  build/stm32g4xx_hal_dac.o
                                                  build/stm32g4xx_hal_dma.o
                                                  build/stm32g4xx_hal_flash.o
                                                  build/stm32g4xx_hal_rcc_ex.o
                                                  build/stm32g4xx_hal_rcc.o
                                                  build/stm32g4xx_hal_adc_ex.o
                                                  build/stm32g4xx_hal_adc.o
HAL_GetTickFreq                                   build/stm32g4xx_hal.o
HAL_GetTickPrio                                   build/stm32g4xx_hal.o
HAL_IncTick                                       build/stm32g4xx_hal.o
                                                  build/stm32g4xx_it.o
HAL_Init                                          build/stm32g4xx_hal.o
                                                  build/main.o
HAL_InitTick                                      build/stm32g4xx_hal.o
                                                  build/stm32g4xx_hal_rcc.o
HAL_MPU_ConfigRegion                              build/stm32g4xx_hal_cortex.o
HAL_MPU_Disable                                   build/stm32g4xx_hal_cortex.o
HAL_MPU_Enable                                    build/stm32g4xx_hal_cortex.o
HAL_MspDeInit                                     build/stm32g4xx_hal.o
HAL_MspInit                                       build/stm32g4xx_hal_msp.o
HAL_NVIC_ClearPendingIRQ                          build/stm32g4xx_hal_cortex.o
HAL_NVIC_DisableIRQ                               build/stm32g4xx_hal_cortex.o
                                                  build/tim.o
HAL_NVIC_EnableIRQ                                build/stm32g4xx_hal_cortex.o
                                                  build/tim.o
HAL_NVIC_GetActive                                build/stm32g4xx_hal_cortex.o
HAL_NVIC_GetPendingIRQ                            build/stm32g4xx_hal_cortex.o
HAL_NVIC_GetPriority                              build/stm32g4xx_hal_cortex.o
HAL_NVIC_GetPriorityGrouping                      build/stm32g4xx_hal_cortex.o
HAL_NVIC_SetPendingIRQ                            build/stm32g4xx_hal_cortex.o
HAL_NVIC_SetPriority                              build/stm32g4xx_hal_cortex.o
                                                  build/stm32g4xx_hal.o
                                                  build/tim.o
HAL_NVIC_SetPriorityGrouping                      build/stm32g4xx_hal_cortex.o
                                                  build/stm32g4xx_hal.o
HAL_NVIC_SystemReset                              build/stm32g4xx_hal_cortex.o
HAL_PWREx_ConfigPVM                               build/stm32g4xx_hal_pwr_ex.o
HAL_PWREx_ControlVoltageScaling                   build/stm32g4xx_hal_pwr_ex.o
                                                  build/main.o
HAL_PWREx_DisableBatteryCharging                  build/stm32g4xx_hal_pwr_ex.o
HAL_PWREx_DisableGPIOPullDown                     build/stm32g4xx_hal_pwr_ex.o
HAL_PWREx_DisableGPIOPullUp                       build/stm32g4xx_hal_pwr_ex.o
HAL_PWREx_DisableInternalWakeUpLine               build/stm32g4xx_hal_pwr_ex.o
HAL_PWREx_DisableLowPowerRunMode                  build/stm32g4xx_hal_pwr_ex.o
                                                  build/stm32g4xx_hal_pwr.o
HAL_PWREx_DisablePVM1                             build/stm32g4xx_hal_pwr_ex.o
HAL_PWREx_DisablePVM2                             build/stm32g4xx_hal_pwr_ex.o
HAL_PWREx_DisablePVM3                             build/stm32g4xx_hal_pwr_ex.o
HAL_PWREx_DisablePVM4                             build/stm32g4xx_hal_pwr_ex.o
HAL_PWREx_DisablePullUpPullDownConfig             build/stm32g4xx_hal_pwr_ex.o
HAL_PWREx_DisableSRAM2ContentRetention            build/stm32g4xx_hal_pwr_ex.o
HAL_PWREx_DisableUCPDDeadBattery                  build/stm32g4xx_hal_pwr_ex.o
                                                  build/stm32g4xx_hal_msp.o
HAL_PWREx_DisableUCPDStandbyMode                  build/stm32g4xx_hal_pwr_ex.o
HAL_PWREx_EnableBatteryCharging                   build/stm32g4xx_hal_pwr_ex.o
HAL_PWREx_EnableGPIOPullDown                      build/stm32g4xx_hal_pwr_ex.o
HAL_PWREx_EnableGPIOPullUp                        build/stm32g4xx_hal_pwr_ex.o
HAL_PWREx_EnableInternalWakeUpLine                build/stm32g4xx_hal_pwr_ex.o
HAL_PWREx_EnableLowPowerRunMode                   build/stm32g4xx_hal_pwr_ex.o
                                                  build/stm32g4xx_hal_pwr.o
HAL_PWREx_EnablePVM1                              build/stm32g4xx_hal_pwr_ex.o
HAL_PWREx_EnablePVM2                              build/stm32g4xx_hal_pwr_ex.o
HAL_PWREx_EnablePVM3                              build/stm32g4xx_hal_pwr_ex.o
HAL_PWREx_EnablePVM4                              build/stm32g4xx_hal_pwr_ex.o
HAL_PWREx_EnablePullUpPullDownConfig              build/stm32g4xx_hal_pwr_ex.o
HAL_PWREx_EnableSRAM2ContentRetention             build/stm32g4xx_hal_pwr_ex.o
HAL_PWREx_EnableUCPDDeadBattery                   build/stm32g4xx_hal_pwr_ex.o
HAL_PWREx_EnableUCPDStandbyMode                   build/stm32g4xx_hal_pwr_ex.o
HAL_PWREx_EnterSHUTDOWNMode                       build/stm32g4xx_hal_pwr_ex.o
HAL_PWREx_EnterSTOP0Mode                          build/stm32g4xx_hal_pwr_ex.o
                                                  build/stm32g4xx_hal_pwr.o
HAL_PWREx_EnterSTOP1Mode                          build/stm32g4xx_hal_pwr_ex.o
                                                  build/stm32g4xx_hal_pwr.o
HAL_PWREx_GetVoltageRange                         build/stm32g4xx_hal_pwr_ex.o
HAL_PWREx_PVD_PVM_IRQHandler                      build/stm32g4xx_hal_pwr_ex.o
HAL_PWREx_PVM1Callback                            build/stm32g4xx_hal_pwr_ex.o
HAL_PWREx_PVM2Callback                            build/stm32g4xx_hal_pwr_ex.o
HAL_PWREx_PVM3Callback                            build/stm32g4xx_hal_pwr_ex.o
HAL_PWREx_PVM4Callback                            build/stm32g4xx_hal_pwr_ex.o
HAL_PWR_ConfigPVD                                 build/stm32g4xx_hal_pwr.o
HAL_PWR_DeInit                                    build/stm32g4xx_hal_pwr.o
HAL_PWR_DisableBkUpAccess                         build/stm32g4xx_hal_pwr.o
                                                  build/stm32g4xx_hal_rcc_ex.o
HAL_PWR_DisablePVD                                build/stm32g4xx_hal_pwr.o
HAL_PWR_DisableSEVOnPend                          build/stm32g4xx_hal_pwr.o
HAL_PWR_DisableSleepOnExit                        build/stm32g4xx_hal_pwr.o
HAL_PWR_DisableWakeUpPin                          build/stm32g4xx_hal_pwr.o
HAL_PWR_EnableBkUpAccess                          build/stm32g4xx_hal_pwr.o
                                                  build/stm32g4xx_hal_rcc_ex.o
HAL_PWR_EnablePVD                                 build/stm32g4xx_hal_pwr.o
HAL_PWR_EnableSEVOnPend                           build/stm32g4xx_hal_pwr.o
HAL_PWR_EnableSleepOnExit                         build/stm32g4xx_hal_pwr.o
HAL_PWR_EnableWakeUpPin                           build/stm32g4xx_hal_pwr.o
HAL_PWR_EnterSLEEPMode                            build/stm32g4xx_hal_pwr.o
HAL_PWR_EnterSTANDBYMode                          build/stm32g4xx_hal_pwr.o
HAL_PWR_EnterSTOPMode                             build/stm32g4xx_hal_pwr.o
HAL_PWR_PVDCallback                               build/stm32g4xx_hal_pwr.o
                                                  build/stm32g4xx_hal_pwr_ex.o
HAL_RCCEx_CRSConfig                               build/stm32g4xx_hal_rcc_ex.o
HAL_RCCEx_CRSGetSynchronizationInfo               build/stm32g4xx_hal_rcc_ex.o
HAL_RCCEx_CRSSoftwareSynchronizationGenerate      build/stm32g4xx_hal_rcc_ex.o
HAL_RCCEx_CRSWaitSynchronization                  build/stm32g4xx_hal_rcc_ex.o
HAL_RCCEx_CRS_ErrorCallback                       build/stm32g4xx_hal_rcc_ex.o
HAL_RCCEx_CRS_ExpectedSyncCallback                build/stm32g4xx_hal_rcc_ex.o
HAL_RCCEx_CRS_IRQHandler                          build/stm32g4xx_hal_rcc_ex.o
HAL_RCCEx_CRS_SyncOkCallback                      build/stm32g4xx_hal_rcc_ex.o
HAL_RCCEx_CRS_SyncWarnCallback                    build/stm32g4xx_hal_rcc_ex.o
HAL_RCCEx_DisableLSCO                             build/stm32g4xx_hal_rcc_ex.o
HAL_RCCEx_DisableLSECSS                           build/stm32g4xx_hal_rcc_ex.o
HAL_RCCEx_EnableLSCO                              build/stm32g4xx_hal_rcc_ex.o
HAL_RCCEx_EnableLSECSS                            build/stm32g4xx_hal_rcc_ex.o
HAL_RCCEx_EnableLSECSS_IT                         build/stm32g4xx_hal_rcc_ex.o
HAL_RCCEx_GetPeriphCLKConfig                      build/stm32g4xx_hal_rcc_ex.o
HAL_RCCEx_GetPeriphCLKFreq                        build/stm32g4xx_hal_rcc_ex.o
HAL_RCCEx_LSECSS_Callback                         build/stm32g4xx_hal_rcc_ex.o
HAL_RCCEx_LSECSS_IRQHandler                       build/stm32g4xx_hal_rcc_ex.o
HAL_RCCEx_PeriphCLKConfig                         build/stm32g4xx_hal_rcc_ex.o
                                                  build/fdcan.o
                                                  build/adc.o
HAL_RCC_CSSCallback                               build/stm32g4xx_hal_rcc.o
HAL_RCC_ClockConfig                               build/stm32g4xx_hal_rcc.o
                                                  build/main.o
HAL_RCC_DeInit                                    build/stm32g4xx_hal_rcc.o
HAL_RCC_DisableLSECSS                             build/stm32g4xx_hal_rcc.o
HAL_RCC_EnableCSS                                 build/stm32g4xx_hal_rcc.o
HAL_RCC_EnableLSECSS                              build/stm32g4xx_hal_rcc.o
HAL_RCC_GetClockConfig                            build/stm32g4xx_hal_rcc.o
HAL_RCC_GetHCLKFreq                               build/stm32g4xx_hal_rcc.o
                                                  build/stm32g4xx_hal_dac.o
HAL_RCC_GetOscConfig                              build/stm32g4xx_hal_rcc.o
HAL_RCC_GetPCLK1Freq                              build/stm32g4xx_hal_rcc.o
                                                  build/stm32g4xx_hal_rcc_ex.o
HAL_RCC_GetPCLK2Freq                              build/stm32g4xx_hal_rcc.o
                                                  build/stm32g4xx_hal_rcc_ex.o
HAL_RCC_GetSysClockFreq                           build/stm32g4xx_hal_rcc.o
                                                  build/stm32g4xx_hal_rcc_ex.o
HAL_RCC_MCOConfig                                 build/stm32g4xx_hal_rcc.o
HAL_RCC_NMI_IRQHandler                            build/stm32g4xx_hal_rcc.o
HAL_RCC_OscConfig                                 build/stm32g4xx_hal_rcc.o
                                                  build/main.o
HAL_ResumeTick                                    build/stm32g4xx_hal.o
HAL_SYSCFG_CCMSRAMErase                           build/stm32g4xx_hal.o
HAL_SYSCFG_CCMSRAM_WriteProtectionEnable          build/stm32g4xx_hal.o
HAL_SYSCFG_DisableIOSwitchBooster                 build/stm32g4xx_hal.o
HAL_SYSCFG_DisableIOSwitchVDD                     build/stm32g4xx_hal.o
HAL_SYSCFG_DisableMemorySwappingBank              build/stm32g4xx_hal.o