ARM GAS  C:\Users\sr1\AppData\Local\Temp\cctGXf2U.s 			page 1


   1              		.cpu cortex-m4
   2              		.arch armv7e-m
   3              		.fpu fpv4-sp-d16
   4              		.eabi_attribute 27, 1
   5              		.eabi_attribute 28, 1
   6              		.eabi_attribute 20, 1
   7              		.eabi_attribute 21, 1
   8              		.eabi_attribute 23, 3
   9              		.eabi_attribute 24, 1
  10              		.eabi_attribute 25, 1
  11              		.eabi_attribute 26, 1
  12              		.eabi_attribute 30, 1
  13              		.eabi_attribute 34, 1
  14              		.eabi_attribute 18, 4
  15              		.file	"tim.c"
  16              		.text
  17              	.Ltext0:
  18              		.cfi_sections	.debug_frame
  19              		.file 1 "Core/Src/tim.c"
  20              		.section	.text.MX_TIM7_Init,"ax",%progbits
  21              		.align	1
  22              		.global	MX_TIM7_Init
  23              		.syntax unified
  24              		.thumb
  25              		.thumb_func
  27              	MX_TIM7_Init:
  28              	.LFB330:
   1:Core/Src/tim.c **** /* USER CODE BEGIN Header */
   2:Core/Src/tim.c **** /**
   3:Core/Src/tim.c ****   ******************************************************************************
   4:Core/Src/tim.c ****   * @file    tim.c
   5:Core/Src/tim.c ****   * @brief   This file provides code for the configuration
   6:Core/Src/tim.c ****   *          of the TIM instances.
   7:Core/Src/tim.c ****   ******************************************************************************
   8:Core/Src/tim.c ****   * @attention
   9:Core/Src/tim.c ****   *
  10:Core/Src/tim.c ****   * Copyright (c) 2025 STMicroelectronics.
  11:Core/Src/tim.c ****   * All rights reserved.
  12:Core/Src/tim.c ****   *
  13:Core/Src/tim.c ****   * This software is licensed under terms that can be found in the LICENSE file
  14:Core/Src/tim.c ****   * in the root directory of this software component.
  15:Core/Src/tim.c ****   * If no LICENSE file comes with this software, it is provided AS-IS.
  16:Core/Src/tim.c ****   *
  17:Core/Src/tim.c ****   ******************************************************************************
  18:Core/Src/tim.c ****   */
  19:Core/Src/tim.c **** /* USER CODE END Header */
  20:Core/Src/tim.c **** /* Includes ------------------------------------------------------------------*/
  21:Core/Src/tim.c **** #include "tim.h"
  22:Core/Src/tim.c **** 
  23:Core/Src/tim.c **** /* USER CODE BEGIN 0 */
  24:Core/Src/tim.c **** 
  25:Core/Src/tim.c **** /* USER CODE END 0 */
  26:Core/Src/tim.c **** 
  27:Core/Src/tim.c **** TIM_HandleTypeDef htim1;
  28:Core/Src/tim.c **** TIM_HandleTypeDef htim7;
  29:Core/Src/tim.c **** 
  30:Core/Src/tim.c **** /* TIM1 init function */
ARM GAS  C:\Users\sr1\AppData\Local\Temp\cctGXf2U.s 			page 2


  31:Core/Src/tim.c **** void MX_TIM1_Init(void)
  32:Core/Src/tim.c **** {
  33:Core/Src/tim.c **** 
  34:Core/Src/tim.c ****   /* USER CODE BEGIN TIM1_Init 0 */
  35:Core/Src/tim.c **** 
  36:Core/Src/tim.c ****   /* USER CODE END TIM1_Init 0 */
  37:Core/Src/tim.c **** 
  38:Core/Src/tim.c ****   TIM_ClockConfigTypeDef sClockSourceConfig = {0};
  39:Core/Src/tim.c ****   TIM_MasterConfigTypeDef sMasterConfig = {0};
  40:Core/Src/tim.c ****   TIM_OC_InitTypeDef sConfigOC = {0};
  41:Core/Src/tim.c ****   TIM_BreakDeadTimeConfigTypeDef sBreakDeadTimeConfig = {0};
  42:Core/Src/tim.c **** 
  43:Core/Src/tim.c ****   /* USER CODE BEGIN TIM1_Init 1 */
  44:Core/Src/tim.c **** 
  45:Core/Src/tim.c ****   /* USER CODE END TIM1_Init 1 */
  46:Core/Src/tim.c ****   htim1.Instance = TIM1;
  47:Core/Src/tim.c ****   htim1.Init.Prescaler = TIM1_Presc;
  48:Core/Src/tim.c ****   htim1.Init.CounterMode = TIM_COUNTERMODE_UP;
  49:Core/Src/tim.c ****   htim1.Init.Period = 90;
  50:Core/Src/tim.c ****   htim1.Init.ClockDivision = TIM_CLOCKDIVISION_DIV1;
  51:Core/Src/tim.c ****   htim1.Init.RepetitionCounter = 0;
  52:Core/Src/tim.c ****   htim1.Init.AutoReloadPreload = TIM_AUTORELOAD_PRELOAD_DISABLE;
  53:Core/Src/tim.c ****   if (HAL_TIM_Base_Init(&htim1) != HAL_OK)
  54:Core/Src/tim.c ****   {
  55:Core/Src/tim.c ****     Error_Handler();
  56:Core/Src/tim.c ****   }
  57:Core/Src/tim.c ****   sClockSourceConfig.ClockSource = TIM_CLOCKSOURCE_INTERNAL;
  58:Core/Src/tim.c ****   if (HAL_TIM_ConfigClockSource(&htim1, &sClockSourceConfig) != HAL_OK)
  59:Core/Src/tim.c ****   {
  60:Core/Src/tim.c ****     Error_Handler();
  61:Core/Src/tim.c ****   }
  62:Core/Src/tim.c ****   if (HAL_TIM_PWM_Init(&htim1) != HAL_OK)
  63:Core/Src/tim.c ****   {
  64:Core/Src/tim.c ****     Error_Handler();
  65:Core/Src/tim.c ****   }
  66:Core/Src/tim.c ****   sMasterConfig.MasterOutputTrigger = TIM_TRGO_RESET;
  67:Core/Src/tim.c ****   sMasterConfig.MasterOutputTrigger2 = TIM_TRGO2_RESET;
  68:Core/Src/tim.c ****   sMasterConfig.MasterSlaveMode = TIM_MASTERSLAVEMODE_DISABLE;
  69:Core/Src/tim.c ****   if (HAL_TIMEx_MasterConfigSynchronization(&htim1, &sMasterConfig) != HAL_OK)
  70:Core/Src/tim.c ****   {
  71:Core/Src/tim.c ****     Error_Handler();
  72:Core/Src/tim.c ****   }
  73:Core/Src/tim.c ****   sConfigOC.OCMode = TIM_OCMODE_PWM1;
  74:Core/Src/tim.c ****   sConfigOC.Pulse = 45;
  75:Core/Src/tim.c ****   sConfigOC.OCPolarity = TIM_OCPOLARITY_HIGH;
  76:Core/Src/tim.c ****   sConfigOC.OCNPolarity = TIM_OCNPOLARITY_HIGH;
  77:Core/Src/tim.c ****   sConfigOC.OCFastMode = TIM_OCFAST_DISABLE;
  78:Core/Src/tim.c ****   sConfigOC.OCIdleState = TIM_OCIDLESTATE_RESET;
  79:Core/Src/tim.c ****   sConfigOC.OCNIdleState = TIM_OCNIDLESTATE_RESET;
  80:Core/Src/tim.c ****   if (HAL_TIM_PWM_ConfigChannel(&htim1, &sConfigOC, TIM_CHANNEL_1) != HAL_OK)
  81:Core/Src/tim.c ****   {
  82:Core/Src/tim.c ****     Error_Handler();
  83:Core/Src/tim.c ****   }
  84:Core/Src/tim.c ****   sBreakDeadTimeConfig.OffStateRunMode = TIM_OSSR_DISABLE;
  85:Core/Src/tim.c ****   sBreakDeadTimeConfig.OffStateIDLEMode = TIM_OSSI_DISABLE;
  86:Core/Src/tim.c ****   sBreakDeadTimeConfig.LockLevel = TIM_LOCKLEVEL_OFF;
  87:Core/Src/tim.c ****   sBreakDeadTimeConfig.DeadTime = 0;
ARM GAS  C:\Users\sr1\AppData\Local\Temp\cctGXf2U.s 			page 3


  88:Core/Src/tim.c ****   sBreakDeadTimeConfig.BreakState = TIM_BREAK_DISABLE;
  89:Core/Src/tim.c ****   sBreakDeadTimeConfig.BreakPolarity = TIM_BREAKPOLARITY_HIGH;
  90:Core/Src/tim.c ****   sBreakDeadTimeConfig.BreakFilter = 0;
  91:Core/Src/tim.c ****   sBreakDeadTimeConfig.BreakAFMode = TIM_BREAK_AFMODE_INPUT;
  92:Core/Src/tim.c ****   sBreakDeadTimeConfig.Break2State = TIM_BREAK2_DISABLE;
  93:Core/Src/tim.c ****   sBreakDeadTimeConfig.Break2Polarity = TIM_BREAK2POLARITY_HIGH;
  94:Core/Src/tim.c ****   sBreakDeadTimeConfig.Break2Filter = 0;
  95:Core/Src/tim.c ****   sBreakDeadTimeConfig.Break2AFMode = TIM_BREAK_AFMODE_INPUT;
  96:Core/Src/tim.c ****   sBreakDeadTimeConfig.AutomaticOutput = TIM_AUTOMATICOUTPUT_DISABLE;
  97:Core/Src/tim.c ****   if (HAL_TIMEx_ConfigBreakDeadTime(&htim1, &sBreakDeadTimeConfig) != HAL_OK)
  98:Core/Src/tim.c ****   {
  99:Core/Src/tim.c ****     Error_Handler();
 100:Core/Src/tim.c ****   }
 101:Core/Src/tim.c ****   /* USER CODE BEGIN TIM1_Init 2 */
 102:Core/Src/tim.c **** 
 103:Core/Src/tim.c ****   /* USER CODE END TIM1_Init 2 */
 104:Core/Src/tim.c ****   HAL_TIM_MspPostInit(&htim1);
 105:Core/Src/tim.c **** 
 106:Core/Src/tim.c **** }
 107:Core/Src/tim.c **** /* TIM7 init function */
 108:Core/Src/tim.c **** void MX_TIM7_Init(void)
 109:Core/Src/tim.c **** {
  29              		.loc 1 109 1 view -0
  30              		.cfi_startproc
  31              		@ args = 0, pretend = 0, frame = 16
  32              		@ frame_needed = 0, uses_anonymous_args = 0
  33 0000 00B5     		push	{lr}
  34              	.LCFI0:
  35              		.cfi_def_cfa_offset 4
  36              		.cfi_offset 14, -4
  37 0002 85B0     		sub	sp, sp, #20
  38              	.LCFI1:
  39              		.cfi_def_cfa_offset 24
 110:Core/Src/tim.c **** 
 111:Core/Src/tim.c ****   /* USER CODE BEGIN TIM7_Init 0 */
 112:Core/Src/tim.c **** 
 113:Core/Src/tim.c ****   /* USER CODE END TIM7_Init 0 */
 114:Core/Src/tim.c **** 
 115:Core/Src/tim.c ****   TIM_MasterConfigTypeDef sMasterConfig = {0};
  40              		.loc 1 115 3 view .LVU1
  41              		.loc 1 115 27 is_stmt 0 view .LVU2
  42 0004 0023     		movs	r3, #0
  43 0006 0193     		str	r3, [sp, #4]
  44 0008 0293     		str	r3, [sp, #8]
  45 000a 0393     		str	r3, [sp, #12]
 116:Core/Src/tim.c **** 
 117:Core/Src/tim.c ****   /* USER CODE BEGIN TIM7_Init 1 */
 118:Core/Src/tim.c **** 
 119:Core/Src/tim.c ****   /* USER CODE END TIM7_Init 1 */
 120:Core/Src/tim.c ****   htim7.Instance = TIM7;
  46              		.loc 1 120 3 is_stmt 1 view .LVU3
  47              		.loc 1 120 18 is_stmt 0 view .LVU4
  48 000c 0E48     		ldr	r0, .L7
  49 000e 0F4A     		ldr	r2, .L7+4
  50 0010 0260     		str	r2, [r0]
 121:Core/Src/tim.c ****   htim7.Init.Prescaler = TIM7_Presc;
  51              		.loc 1 121 3 is_stmt 1 view .LVU5
ARM GAS  C:\Users\sr1\AppData\Local\Temp\cctGXf2U.s 			page 4


  52              		.loc 1 121 24 is_stmt 0 view .LVU6
  53 0012 A722     		movs	r2, #167
  54 0014 4260     		str	r2, [r0, #4]
 122:Core/Src/tim.c ****   htim7.Init.CounterMode = TIM_COUNTERMODE_UP;
  55              		.loc 1 122 3 is_stmt 1 view .LVU7
  56              		.loc 1 122 26 is_stmt 0 view .LVU8
  57 0016 8360     		str	r3, [r0, #8]
 123:Core/Src/tim.c ****   htim7.Init.Period = 1000;
  58              		.loc 1 123 3 is_stmt 1 view .LVU9
  59              		.loc 1 123 21 is_stmt 0 view .LVU10
  60 0018 4FF47A72 		mov	r2, #1000
  61 001c C260     		str	r2, [r0, #12]
 124:Core/Src/tim.c ****   htim7.Init.AutoReloadPreload = TIM_AUTORELOAD_PRELOAD_DISABLE;
  62              		.loc 1 124 3 is_stmt 1 view .LVU11
  63              		.loc 1 124 32 is_stmt 0 view .LVU12
  64 001e 8361     		str	r3, [r0, #24]
 125:Core/Src/tim.c ****   if (HAL_TIM_Base_Init(&htim7) != HAL_OK)
  65              		.loc 1 125 3 is_stmt 1 view .LVU13
  66              		.loc 1 125 7 is_stmt 0 view .LVU14
  67 0020 FFF7FEFF 		bl	HAL_TIM_Base_Init
  68              	.LVL0:
  69              		.loc 1 125 6 view .LVU15
  70 0024 50B9     		cbnz	r0, .L5
  71              	.L2:
 126:Core/Src/tim.c ****   {
 127:Core/Src/tim.c ****     Error_Handler();
 128:Core/Src/tim.c ****   }
 129:Core/Src/tim.c ****   sMasterConfig.MasterOutputTrigger = TIM_TRGO_RESET;
  72              		.loc 1 129 3 is_stmt 1 view .LVU16
  73              		.loc 1 129 37 is_stmt 0 view .LVU17
  74 0026 0023     		movs	r3, #0
  75 0028 0193     		str	r3, [sp, #4]
 130:Core/Src/tim.c ****   sMasterConfig.MasterSlaveMode = TIM_MASTERSLAVEMODE_DISABLE;
  76              		.loc 1 130 3 is_stmt 1 view .LVU18
  77              		.loc 1 130 33 is_stmt 0 view .LVU19
  78 002a 0393     		str	r3, [sp, #12]
 131:Core/Src/tim.c ****   if (HAL_TIMEx_MasterConfigSynchronization(&htim7, &sMasterConfig) != HAL_OK)
  79              		.loc 1 131 3 is_stmt 1 view .LVU20
  80              		.loc 1 131 7 is_stmt 0 view .LVU21
  81 002c 01A9     		add	r1, sp, #4
  82 002e 0648     		ldr	r0, .L7
  83 0030 FFF7FEFF 		bl	HAL_TIMEx_MasterConfigSynchronization
  84              	.LVL1:
  85              		.loc 1 131 6 view .LVU22
  86 0034 28B9     		cbnz	r0, .L6
  87              	.L1:
 132:Core/Src/tim.c ****   {
 133:Core/Src/tim.c ****     Error_Handler();
 134:Core/Src/tim.c ****   }
 135:Core/Src/tim.c ****   /* USER CODE BEGIN TIM7_Init 2 */
 136:Core/Src/tim.c **** 
 137:Core/Src/tim.c ****   /* USER CODE END TIM7_Init 2 */
 138:Core/Src/tim.c **** 
 139:Core/Src/tim.c **** }
  88              		.loc 1 139 1 view .LVU23
  89 0036 05B0     		add	sp, sp, #20
  90              	.LCFI2:
ARM GAS  C:\Users\sr1\AppData\Local\Temp\cctGXf2U.s 			page 5


  91              		.cfi_remember_state
  92              		.cfi_def_cfa_offset 4
  93              		@ sp needed
  94 0038 5DF804FB 		ldr	pc, [sp], #4
  95              	.L5:
  96              	.LCFI3:
  97              		.cfi_restore_state
 127:Core/Src/tim.c ****   }
  98              		.loc 1 127 5 is_stmt 1 view .LVU24
  99 003c FFF7FEFF 		bl	Error_Handler
 100              	.LVL2:
 101 0040 F1E7     		b	.L2
 102              	.L6:
 133:Core/Src/tim.c ****   }
 103              		.loc 1 133 5 view .LVU25
 104 0042 FFF7FEFF 		bl	Error_Handler
 105              	.LVL3:
 106              		.loc 1 139 1 is_stmt 0 view .LVU26
 107 0046 F6E7     		b	.L1
 108              	.L8:
 109              		.align	2
 110              	.L7:
 111 0048 00000000 		.word	htim7
 112 004c 00140040 		.word	1073746944
 113              		.cfi_endproc
 114              	.LFE330:
 116              		.section	.text.HAL_TIM_Base_MspInit,"ax",%progbits
 117              		.align	1
 118              		.global	HAL_TIM_Base_MspInit
 119              		.syntax unified
 120              		.thumb
 121              		.thumb_func
 123              	HAL_TIM_Base_MspInit:
 124              	.LVL4:
 125              	.LFB331:
 140:Core/Src/tim.c **** 
 141:Core/Src/tim.c **** void HAL_TIM_Base_MspInit(TIM_HandleTypeDef* tim_baseHandle)
 142:Core/Src/tim.c **** {
 126              		.loc 1 142 1 is_stmt 1 view -0
 127              		.cfi_startproc
 128              		@ args = 0, pretend = 0, frame = 8
 129              		@ frame_needed = 0, uses_anonymous_args = 0
 130              		.loc 1 142 1 is_stmt 0 view .LVU28
 131 0000 00B5     		push	{lr}
 132              	.LCFI4:
 133              		.cfi_def_cfa_offset 4
 134              		.cfi_offset 14, -4
 135 0002 83B0     		sub	sp, sp, #12
 136              	.LCFI5:
 137              		.cfi_def_cfa_offset 16
 143:Core/Src/tim.c **** 
 144:Core/Src/tim.c ****   if(tim_baseHandle->Instance==TIM1)
 138              		.loc 1 144 3 is_stmt 1 view .LVU29
 139              		.loc 1 144 20 is_stmt 0 view .LVU30
 140 0004 0368     		ldr	r3, [r0]
 141              		.loc 1 144 5 view .LVU31
 142 0006 174A     		ldr	r2, .L15
ARM GAS  C:\Users\sr1\AppData\Local\Temp\cctGXf2U.s 			page 6


 143 0008 9342     		cmp	r3, r2
 144 000a 05D0     		beq	.L13
 145:Core/Src/tim.c ****   {
 146:Core/Src/tim.c ****   /* USER CODE BEGIN TIM1_MspInit 0 */
 147:Core/Src/tim.c **** 
 148:Core/Src/tim.c ****   /* USER CODE END TIM1_MspInit 0 */
 149:Core/Src/tim.c ****     /* TIM1 clock enable */
 150:Core/Src/tim.c ****     __HAL_RCC_TIM1_CLK_ENABLE();
 151:Core/Src/tim.c **** 
 152:Core/Src/tim.c ****     /* TIM1 interrupt Init */
 153:Core/Src/tim.c ****     HAL_NVIC_SetPriority(TIM1_UP_TIM16_IRQn, 0, 0);
 154:Core/Src/tim.c ****     HAL_NVIC_EnableIRQ(TIM1_UP_TIM16_IRQn);
 155:Core/Src/tim.c ****   /* USER CODE BEGIN TIM1_MspInit 1 */
 156:Core/Src/tim.c **** 
 157:Core/Src/tim.c ****   /* USER CODE END TIM1_MspInit 1 */
 158:Core/Src/tim.c ****   }
 159:Core/Src/tim.c ****   else if(tim_baseHandle->Instance==TIM7)
 145              		.loc 1 159 8 is_stmt 1 view .LVU32
 146              		.loc 1 159 10 is_stmt 0 view .LVU33
 147 000c 164A     		ldr	r2, .L15+4
 148 000e 9342     		cmp	r3, r2
 149 0010 15D0     		beq	.L14
 150              	.LVL5:
 151              	.L9:
 160:Core/Src/tim.c ****   {
 161:Core/Src/tim.c ****   /* USER CODE BEGIN TIM7_MspInit 0 */
 162:Core/Src/tim.c **** 
 163:Core/Src/tim.c ****   /* USER CODE END TIM7_MspInit 0 */
 164:Core/Src/tim.c ****     /* TIM7 clock enable */
 165:Core/Src/tim.c ****     __HAL_RCC_TIM7_CLK_ENABLE();
 166:Core/Src/tim.c **** 
 167:Core/Src/tim.c ****     /* TIM7 interrupt Init */
 168:Core/Src/tim.c ****     HAL_NVIC_SetPriority(TIM7_DAC_IRQn, 0, 0);
 169:Core/Src/tim.c ****     HAL_NVIC_EnableIRQ(TIM7_DAC_IRQn);
 170:Core/Src/tim.c ****   /* USER CODE BEGIN TIM7_MspInit 1 */
 171:Core/Src/tim.c **** 
 172:Core/Src/tim.c ****   /* USER CODE END TIM7_MspInit 1 */
 173:Core/Src/tim.c ****   }
 174:Core/Src/tim.c **** }
 152              		.loc 1 174 1 view .LVU34
 153 0012 03B0     		add	sp, sp, #12
 154              	.LCFI6:
 155              		.cfi_remember_state
 156              		.cfi_def_cfa_offset 4
 157              		@ sp needed
 158 0014 5DF804FB 		ldr	pc, [sp], #4
 159              	.LVL6:
 160              	.L13:
 161              	.LCFI7:
 162              		.cfi_restore_state
 150:Core/Src/tim.c **** 
 163              		.loc 1 150 5 is_stmt 1 view .LVU35
 164              	.LBB2:
 150:Core/Src/tim.c **** 
 165              		.loc 1 150 5 view .LVU36
 150:Core/Src/tim.c **** 
 166              		.loc 1 150 5 view .LVU37
ARM GAS  C:\Users\sr1\AppData\Local\Temp\cctGXf2U.s 			page 7


 167 0018 144B     		ldr	r3, .L15+8
 168 001a 1A6E     		ldr	r2, [r3, #96]
 169 001c 42F40062 		orr	r2, r2, #2048
 170 0020 1A66     		str	r2, [r3, #96]
 150:Core/Src/tim.c **** 
 171              		.loc 1 150 5 view .LVU38
 172 0022 1B6E     		ldr	r3, [r3, #96]
 173 0024 03F40063 		and	r3, r3, #2048
 174 0028 0093     		str	r3, [sp]
 150:Core/Src/tim.c **** 
 175              		.loc 1 150 5 view .LVU39
 176 002a 009B     		ldr	r3, [sp]
 177              	.LBE2:
 150:Core/Src/tim.c **** 
 178              		.loc 1 150 5 view .LVU40
 153:Core/Src/tim.c ****     HAL_NVIC_EnableIRQ(TIM1_UP_TIM16_IRQn);
 179              		.loc 1 153 5 view .LVU41
 180 002c 0022     		movs	r2, #0
 181 002e 1146     		mov	r1, r2
 182 0030 1920     		movs	r0, #25
 183              	.LVL7:
 153:Core/Src/tim.c ****     HAL_NVIC_EnableIRQ(TIM1_UP_TIM16_IRQn);
 184              		.loc 1 153 5 is_stmt 0 view .LVU42
 185 0032 FFF7FEFF 		bl	HAL_NVIC_SetPriority
 186              	.LVL8:
 154:Core/Src/tim.c ****   /* USER CODE BEGIN TIM1_MspInit 1 */
 187              		.loc 1 154 5 is_stmt 1 view .LVU43
 188 0036 1920     		movs	r0, #25
 189 0038 FFF7FEFF 		bl	HAL_NVIC_EnableIRQ
 190              	.LVL9:
 191 003c E9E7     		b	.L9
 192              	.LVL10:
 193              	.L14:
 165:Core/Src/tim.c **** 
 194              		.loc 1 165 5 view .LVU44
 195              	.LBB3:
 165:Core/Src/tim.c **** 
 196              		.loc 1 165 5 view .LVU45
 165:Core/Src/tim.c **** 
 197              		.loc 1 165 5 view .LVU46
 198 003e 0B4B     		ldr	r3, .L15+8
 199 0040 9A6D     		ldr	r2, [r3, #88]
 200 0042 42F02002 		orr	r2, r2, #32
 201 0046 9A65     		str	r2, [r3, #88]
 165:Core/Src/tim.c **** 
 202              		.loc 1 165 5 view .LVU47
 203 0048 9B6D     		ldr	r3, [r3, #88]
 204 004a 03F02003 		and	r3, r3, #32
 205 004e 0193     		str	r3, [sp, #4]
 165:Core/Src/tim.c **** 
 206              		.loc 1 165 5 view .LVU48
 207 0050 019B     		ldr	r3, [sp, #4]
 208              	.LBE3:
 165:Core/Src/tim.c **** 
 209              		.loc 1 165 5 view .LVU49
 168:Core/Src/tim.c ****     HAL_NVIC_EnableIRQ(TIM7_DAC_IRQn);
 210              		.loc 1 168 5 view .LVU50
ARM GAS  C:\Users\sr1\AppData\Local\Temp\cctGXf2U.s 			page 8


 211 0052 0022     		movs	r2, #0
 212 0054 1146     		mov	r1, r2
 213 0056 3720     		movs	r0, #55
 214              	.LVL11:
 168:Core/Src/tim.c ****     HAL_NVIC_EnableIRQ(TIM7_DAC_IRQn);
 215              		.loc 1 168 5 is_stmt 0 view .LVU51
 216 0058 FFF7FEFF 		bl	HAL_NVIC_SetPriority
 217              	.LVL12:
 169:Core/Src/tim.c ****   /* USER CODE BEGIN TIM7_MspInit 1 */
 218              		.loc 1 169 5 is_stmt 1 view .LVU52
 219 005c 3720     		movs	r0, #55
 220 005e FFF7FEFF 		bl	HAL_NVIC_EnableIRQ
 221              	.LVL13:
 222              		.loc 1 174 1 is_stmt 0 view .LVU53
 223 0062 D6E7     		b	.L9
 224              	.L16:
 225              		.align	2
 226              	.L15:
 227 0064 002C0140 		.word	1073818624
 228 0068 00140040 		.word	1073746944
 229 006c 00100240 		.word	1073876992
 230              		.cfi_endproc
 231              	.LFE331:
 233              		.section	.text.HAL_TIM_MspPostInit,"ax",%progbits
 234              		.align	1
 235              		.global	HAL_TIM_MspPostInit
 236              		.syntax unified
 237              		.thumb
 238              		.thumb_func
 240              	HAL_TIM_MspPostInit:
 241              	.LVL14:
 242              	.LFB332:
 175:Core/Src/tim.c **** void HAL_TIM_MspPostInit(TIM_HandleTypeDef* timHandle)
 176:Core/Src/tim.c **** {
 243              		.loc 1 176 1 is_stmt 1 view -0
 244              		.cfi_startproc
 245              		@ args = 0, pretend = 0, frame = 24
 246              		@ frame_needed = 0, uses_anonymous_args = 0
 247              		.loc 1 176 1 is_stmt 0 view .LVU55
 248 0000 00B5     		push	{lr}
 249              	.LCFI8:
 250              		.cfi_def_cfa_offset 4
 251              		.cfi_offset 14, -4
 252 0002 87B0     		sub	sp, sp, #28
 253              	.LCFI9:
 254              		.cfi_def_cfa_offset 32
 177:Core/Src/tim.c **** 
 178:Core/Src/tim.c ****   GPIO_InitTypeDef GPIO_InitStruct = {0};
 255              		.loc 1 178 3 is_stmt 1 view .LVU56
 256              		.loc 1 178 20 is_stmt 0 view .LVU57
 257 0004 0023     		movs	r3, #0
 258 0006 0193     		str	r3, [sp, #4]
 259 0008 0293     		str	r3, [sp, #8]
 260 000a 0393     		str	r3, [sp, #12]
 261 000c 0493     		str	r3, [sp, #16]
 262 000e 0593     		str	r3, [sp, #20]
 179:Core/Src/tim.c ****   if(timHandle->Instance==TIM1)
ARM GAS  C:\Users\sr1\AppData\Local\Temp\cctGXf2U.s 			page 9


 263              		.loc 1 179 3 is_stmt 1 view .LVU58
 264              		.loc 1 179 15 is_stmt 0 view .LVU59
 265 0010 0268     		ldr	r2, [r0]
 266              		.loc 1 179 5 view .LVU60
 267 0012 0F4B     		ldr	r3, .L21
 268 0014 9A42     		cmp	r2, r3
 269 0016 02D0     		beq	.L20
 270              	.LVL15:
 271              	.L17:
 180:Core/Src/tim.c ****   {
 181:Core/Src/tim.c ****   /* USER CODE BEGIN TIM1_MspPostInit 0 */
 182:Core/Src/tim.c **** 
 183:Core/Src/tim.c ****   /* USER CODE END TIM1_MspPostInit 0 */
 184:Core/Src/tim.c **** 
 185:Core/Src/tim.c ****     __HAL_RCC_GPIOA_CLK_ENABLE();
 186:Core/Src/tim.c ****     /**TIM1 GPIO Configuration
 187:Core/Src/tim.c ****     PA8     ------> TIM1_CH1
 188:Core/Src/tim.c ****     */
 189:Core/Src/tim.c ****     GPIO_InitStruct.Pin = GPIO_PIN_8;
 190:Core/Src/tim.c ****     GPIO_InitStruct.Mode = GPIO_MODE_AF_PP;
 191:Core/Src/tim.c ****     GPIO_InitStruct.Pull = GPIO_NOPULL;
 192:Core/Src/tim.c ****     GPIO_InitStruct.Speed = GPIO_SPEED_FREQ_LOW;
 193:Core/Src/tim.c ****     GPIO_InitStruct.Alternate = GPIO_AF6_TIM1;
 194:Core/Src/tim.c ****     HAL_GPIO_Init(GPIOA, &GPIO_InitStruct);
 195:Core/Src/tim.c **** 
 196:Core/Src/tim.c ****   /* USER CODE BEGIN TIM1_MspPostInit 1 */
 197:Core/Src/tim.c **** 
 198:Core/Src/tim.c ****   /* USER CODE END TIM1_MspPostInit 1 */
 199:Core/Src/tim.c ****   }
 200:Core/Src/tim.c **** 
 201:Core/Src/tim.c **** }
 272              		.loc 1 201 1 view .LVU61
 273 0018 07B0     		add	sp, sp, #28
 274              	.LCFI10:
 275              		.cfi_remember_state
 276              		.cfi_def_cfa_offset 4
 277              		@ sp needed
 278 001a 5DF804FB 		ldr	pc, [sp], #4
 279              	.LVL16:
 280              	.L20:
 281              	.LCFI11:
 282              		.cfi_restore_state
 185:Core/Src/tim.c ****     /**TIM1 GPIO Configuration
 283              		.loc 1 185 5 is_stmt 1 view .LVU62
 284              	.LBB4:
 185:Core/Src/tim.c ****     /**TIM1 GPIO Configuration
 285              		.loc 1 185 5 view .LVU63
 185:Core/Src/tim.c ****     /**TIM1 GPIO Configuration
 286              		.loc 1 185 5 view .LVU64
 287 001e 03F56443 		add	r3, r3, #58368
 288 0022 DA6C     		ldr	r2, [r3, #76]
 289 0024 42F00102 		orr	r2, r2, #1
 290 0028 DA64     		str	r2, [r3, #76]
 185:Core/Src/tim.c ****     /**TIM1 GPIO Configuration
 291              		.loc 1 185 5 view .LVU65
 292 002a DB6C     		ldr	r3, [r3, #76]
 293 002c 03F00103 		and	r3, r3, #1
ARM GAS  C:\Users\sr1\AppData\Local\Temp\cctGXf2U.s 			page 10


 294 0030 0093     		str	r3, [sp]
 185:Core/Src/tim.c ****     /**TIM1 GPIO Configuration
 295              		.loc 1 185 5 view .LVU66
 296 0032 009B     		ldr	r3, [sp]
 297              	.LBE4:
 185:Core/Src/tim.c ****     /**TIM1 GPIO Configuration
 298              		.loc 1 185 5 view .LVU67
 189:Core/Src/tim.c ****     GPIO_InitStruct.Mode = GPIO_MODE_AF_PP;
 299              		.loc 1 189 5 view .LVU68
 189:Core/Src/tim.c ****     GPIO_InitStruct.Mode = GPIO_MODE_AF_PP;
 300              		.loc 1 189 25 is_stmt 0 view .LVU69
 301 0034 4FF48073 		mov	r3, #256
 302 0038 0193     		str	r3, [sp, #4]
 190:Core/Src/tim.c ****     GPIO_InitStruct.Pull = GPIO_NOPULL;
 303              		.loc 1 190 5 is_stmt 1 view .LVU70
 190:Core/Src/tim.c ****     GPIO_InitStruct.Pull = GPIO_NOPULL;
 304              		.loc 1 190 26 is_stmt 0 view .LVU71
 305 003a 0223     		movs	r3, #2
 306 003c 0293     		str	r3, [sp, #8]
 191:Core/Src/tim.c ****     GPIO_InitStruct.Speed = GPIO_SPEED_FREQ_LOW;
 307              		.loc 1 191 5 is_stmt 1 view .LVU72
 192:Core/Src/tim.c ****     GPIO_InitStruct.Alternate = GPIO_AF6_TIM1;
 308              		.loc 1 192 5 view .LVU73
 193:Core/Src/tim.c ****     HAL_GPIO_Init(GPIOA, &GPIO_InitStruct);
 309              		.loc 1 193 5 view .LVU74
 193:Core/Src/tim.c ****     HAL_GPIO_Init(GPIOA, &GPIO_InitStruct);
 310              		.loc 1 193 31 is_stmt 0 view .LVU75
 311 003e 0623     		movs	r3, #6
 312 0040 0593     		str	r3, [sp, #20]
 194:Core/Src/tim.c **** 
 313              		.loc 1 194 5 is_stmt 1 view .LVU76
 314 0042 01A9     		add	r1, sp, #4
 315 0044 4FF09040 		mov	r0, #1207959552
 316              	.LVL17:
 194:Core/Src/tim.c **** 
 317              		.loc 1 194 5 is_stmt 0 view .LVU77
 318 0048 FFF7FEFF 		bl	HAL_GPIO_Init
 319              	.LVL18:
 320              		.loc 1 201 1 view .LVU78
 321 004c E4E7     		b	.L17
 322              	.L22:
 323 004e 00BF     		.align	2
 324              	.L21:
 325 0050 002C0140 		.word	1073818624
 326              		.cfi_endproc
 327              	.LFE332:
 329              		.section	.text.MX_TIM1_Init,"ax",%progbits
 330              		.align	1
 331              		.global	MX_TIM1_Init
 332              		.syntax unified
 333              		.thumb
 334              		.thumb_func
 336              	MX_TIM1_Init:
 337              	.LFB329:
  32:Core/Src/tim.c **** 
 338              		.loc 1 32 1 is_stmt 1 view -0
 339              		.cfi_startproc
ARM GAS  C:\Users\sr1\AppData\Local\Temp\cctGXf2U.s 			page 11


 340              		@ args = 0, pretend = 0, frame = 112
 341              		@ frame_needed = 0, uses_anonymous_args = 0
 342 0000 10B5     		push	{r4, lr}
 343              	.LCFI12:
 344              		.cfi_def_cfa_offset 8
 345              		.cfi_offset 4, -8
 346              		.cfi_offset 14, -4
 347 0002 9CB0     		sub	sp, sp, #112
 348              	.LCFI13:
 349              		.cfi_def_cfa_offset 120
  38:Core/Src/tim.c ****   TIM_MasterConfigTypeDef sMasterConfig = {0};
 350              		.loc 1 38 3 view .LVU80
  38:Core/Src/tim.c ****   TIM_MasterConfigTypeDef sMasterConfig = {0};
 351              		.loc 1 38 26 is_stmt 0 view .LVU81
 352 0004 0024     		movs	r4, #0
 353 0006 1894     		str	r4, [sp, #96]
 354 0008 1994     		str	r4, [sp, #100]
 355 000a 1A94     		str	r4, [sp, #104]
 356 000c 1B94     		str	r4, [sp, #108]
  39:Core/Src/tim.c ****   TIM_OC_InitTypeDef sConfigOC = {0};
 357              		.loc 1 39 3 is_stmt 1 view .LVU82
  39:Core/Src/tim.c ****   TIM_OC_InitTypeDef sConfigOC = {0};
 358              		.loc 1 39 27 is_stmt 0 view .LVU83
 359 000e 1594     		str	r4, [sp, #84]
 360 0010 1694     		str	r4, [sp, #88]
 361 0012 1794     		str	r4, [sp, #92]
  40:Core/Src/tim.c ****   TIM_BreakDeadTimeConfigTypeDef sBreakDeadTimeConfig = {0};
 362              		.loc 1 40 3 is_stmt 1 view .LVU84
  40:Core/Src/tim.c ****   TIM_BreakDeadTimeConfigTypeDef sBreakDeadTimeConfig = {0};
 363              		.loc 1 40 22 is_stmt 0 view .LVU85
 364 0014 0E94     		str	r4, [sp, #56]
 365 0016 0F94     		str	r4, [sp, #60]
 366 0018 1094     		str	r4, [sp, #64]
 367 001a 1194     		str	r4, [sp, #68]
 368 001c 1294     		str	r4, [sp, #72]
 369 001e 1394     		str	r4, [sp, #76]
 370 0020 1494     		str	r4, [sp, #80]
  41:Core/Src/tim.c **** 
 371              		.loc 1 41 3 is_stmt 1 view .LVU86
  41:Core/Src/tim.c **** 
 372              		.loc 1 41 34 is_stmt 0 view .LVU87
 373 0022 3422     		movs	r2, #52
 374 0024 2146     		mov	r1, r4
 375 0026 01A8     		add	r0, sp, #4
 376 0028 FFF7FEFF 		bl	memset
 377              	.LVL19:
  46:Core/Src/tim.c ****   htim1.Init.Prescaler = TIM1_Presc;
 378              		.loc 1 46 3 is_stmt 1 view .LVU88
  46:Core/Src/tim.c ****   htim1.Init.Prescaler = TIM1_Presc;
 379              		.loc 1 46 18 is_stmt 0 view .LVU89
 380 002c 3148     		ldr	r0, .L37
 381 002e 324B     		ldr	r3, .L37+4
 382 0030 0360     		str	r3, [r0]
  47:Core/Src/tim.c ****   htim1.Init.CounterMode = TIM_COUNTERMODE_UP;
 383              		.loc 1 47 3 is_stmt 1 view .LVU90
  47:Core/Src/tim.c ****   htim1.Init.CounterMode = TIM_COUNTERMODE_UP;
 384              		.loc 1 47 24 is_stmt 0 view .LVU91
ARM GAS  C:\Users\sr1\AppData\Local\Temp\cctGXf2U.s 			page 12


 385 0032 0423     		movs	r3, #4
 386 0034 4360     		str	r3, [r0, #4]
  48:Core/Src/tim.c ****   htim1.Init.Period = 90;
 387              		.loc 1 48 3 is_stmt 1 view .LVU92
  48:Core/Src/tim.c ****   htim1.Init.Period = 90;
 388              		.loc 1 48 26 is_stmt 0 view .LVU93
 389 0036 8460     		str	r4, [r0, #8]
  49:Core/Src/tim.c ****   htim1.Init.ClockDivision = TIM_CLOCKDIVISION_DIV1;
 390              		.loc 1 49 3 is_stmt 1 view .LVU94
  49:Core/Src/tim.c ****   htim1.Init.ClockDivision = TIM_CLOCKDIVISION_DIV1;
 391              		.loc 1 49 21 is_stmt 0 view .LVU95
 392 0038 5A23     		movs	r3, #90
 393 003a C360     		str	r3, [r0, #12]
  50:Core/Src/tim.c ****   htim1.Init.RepetitionCounter = 0;
 394              		.loc 1 50 3 is_stmt 1 view .LVU96
  50:Core/Src/tim.c ****   htim1.Init.RepetitionCounter = 0;
 395              		.loc 1 50 28 is_stmt 0 view .LVU97
 396 003c 0461     		str	r4, [r0, #16]
  51:Core/Src/tim.c ****   htim1.Init.AutoReloadPreload = TIM_AUTORELOAD_PRELOAD_DISABLE;
 397              		.loc 1 51 3 is_stmt 1 view .LVU98
  51:Core/Src/tim.c ****   htim1.Init.AutoReloadPreload = TIM_AUTORELOAD_PRELOAD_DISABLE;
 398              		.loc 1 51 32 is_stmt 0 view .LVU99
 399 003e 4461     		str	r4, [r0, #20]
  52:Core/Src/tim.c ****   if (HAL_TIM_Base_Init(&htim1) != HAL_OK)
 400              		.loc 1 52 3 is_stmt 1 view .LVU100
  52:Core/Src/tim.c ****   if (HAL_TIM_Base_Init(&htim1) != HAL_OK)
 401              		.loc 1 52 32 is_stmt 0 view .LVU101
 402 0040 8461     		str	r4, [r0, #24]
  53:Core/Src/tim.c ****   {
 403              		.loc 1 53 3 is_stmt 1 view .LVU102
  53:Core/Src/tim.c ****   {
 404              		.loc 1 53 7 is_stmt 0 view .LVU103
 405 0042 FFF7FEFF 		bl	HAL_TIM_Base_Init
 406              	.LVL20:
  53:Core/Src/tim.c ****   {
 407              		.loc 1 53 6 view .LVU104
 408 0046 0028     		cmp	r0, #0
 409 0048 42D1     		bne	.L31
 410              	.L24:
  57:Core/Src/tim.c ****   if (HAL_TIM_ConfigClockSource(&htim1, &sClockSourceConfig) != HAL_OK)
 411              		.loc 1 57 3 is_stmt 1 view .LVU105
  57:Core/Src/tim.c ****   if (HAL_TIM_ConfigClockSource(&htim1, &sClockSourceConfig) != HAL_OK)
 412              		.loc 1 57 34 is_stmt 0 view .LVU106
 413 004a 4FF48053 		mov	r3, #4096
 414 004e 1893     		str	r3, [sp, #96]
  58:Core/Src/tim.c ****   {
 415              		.loc 1 58 3 is_stmt 1 view .LVU107
  58:Core/Src/tim.c ****   {
 416              		.loc 1 58 7 is_stmt 0 view .LVU108
 417 0050 18A9     		add	r1, sp, #96
 418 0052 2848     		ldr	r0, .L37
 419 0054 FFF7FEFF 		bl	HAL_TIM_ConfigClockSource
 420              	.LVL21:
  58:Core/Src/tim.c ****   {
 421              		.loc 1 58 6 view .LVU109
 422 0058 0028     		cmp	r0, #0
 423 005a 3CD1     		bne	.L32
ARM GAS  C:\Users\sr1\AppData\Local\Temp\cctGXf2U.s 			page 13


 424              	.L25:
  62:Core/Src/tim.c ****   {
 425              		.loc 1 62 3 is_stmt 1 view .LVU110
  62:Core/Src/tim.c ****   {
 426              		.loc 1 62 7 is_stmt 0 view .LVU111
 427 005c 2548     		ldr	r0, .L37
 428 005e FFF7FEFF 		bl	HAL_TIM_PWM_Init
 429              	.LVL22:
  62:Core/Src/tim.c ****   {
 430              		.loc 1 62 6 view .LVU112
 431 0062 0028     		cmp	r0, #0
 432 0064 3AD1     		bne	.L33
 433              	.L26:
  66:Core/Src/tim.c ****   sMasterConfig.MasterOutputTrigger2 = TIM_TRGO2_RESET;
 434              		.loc 1 66 3 is_stmt 1 view .LVU113
  66:Core/Src/tim.c ****   sMasterConfig.MasterOutputTrigger2 = TIM_TRGO2_RESET;
 435              		.loc 1 66 37 is_stmt 0 view .LVU114
 436 0066 0023     		movs	r3, #0
 437 0068 1593     		str	r3, [sp, #84]
  67:Core/Src/tim.c ****   sMasterConfig.MasterSlaveMode = TIM_MASTERSLAVEMODE_DISABLE;
 438              		.loc 1 67 3 is_stmt 1 view .LVU115
  67:Core/Src/tim.c ****   sMasterConfig.MasterSlaveMode = TIM_MASTERSLAVEMODE_DISABLE;
 439              		.loc 1 67 38 is_stmt 0 view .LVU116
 440 006a 1693     		str	r3, [sp, #88]
  68:Core/Src/tim.c ****   if (HAL_TIMEx_MasterConfigSynchronization(&htim1, &sMasterConfig) != HAL_OK)
 441              		.loc 1 68 3 is_stmt 1 view .LVU117
  68:Core/Src/tim.c ****   if (HAL_TIMEx_MasterConfigSynchronization(&htim1, &sMasterConfig) != HAL_OK)
 442              		.loc 1 68 33 is_stmt 0 view .LVU118
 443 006c 1793     		str	r3, [sp, #92]
  69:Core/Src/tim.c ****   {
 444              		.loc 1 69 3 is_stmt 1 view .LVU119
  69:Core/Src/tim.c ****   {
 445              		.loc 1 69 7 is_stmt 0 view .LVU120
 446 006e 15A9     		add	r1, sp, #84
 447 0070 2048     		ldr	r0, .L37
 448 0072 FFF7FEFF 		bl	HAL_TIMEx_MasterConfigSynchronization
 449              	.LVL23:
  69:Core/Src/tim.c ****   {
 450              		.loc 1 69 6 view .LVU121
 451 0076 0028     		cmp	r0, #0
 452 0078 33D1     		bne	.L34
 453              	.L27:
  73:Core/Src/tim.c ****   sConfigOC.Pulse = 45;
 454              		.loc 1 73 3 is_stmt 1 view .LVU122
  73:Core/Src/tim.c ****   sConfigOC.Pulse = 45;
 455              		.loc 1 73 20 is_stmt 0 view .LVU123
 456 007a 6023     		movs	r3, #96
 457 007c 0E93     		str	r3, [sp, #56]
  74:Core/Src/tim.c ****   sConfigOC.OCPolarity = TIM_OCPOLARITY_HIGH;
 458              		.loc 1 74 3 is_stmt 1 view .LVU124
  74:Core/Src/tim.c ****   sConfigOC.OCPolarity = TIM_OCPOLARITY_HIGH;
 459              		.loc 1 74 19 is_stmt 0 view .LVU125
 460 007e 2D23     		movs	r3, #45
 461 0080 0F93     		str	r3, [sp, #60]
  75:Core/Src/tim.c ****   sConfigOC.OCNPolarity = TIM_OCNPOLARITY_HIGH;
 462              		.loc 1 75 3 is_stmt 1 view .LVU126
  75:Core/Src/tim.c ****   sConfigOC.OCNPolarity = TIM_OCNPOLARITY_HIGH;
ARM GAS  C:\Users\sr1\AppData\Local\Temp\cctGXf2U.s 			page 14


 463              		.loc 1 75 24 is_stmt 0 view .LVU127
 464 0082 0022     		movs	r2, #0
 465 0084 1092     		str	r2, [sp, #64]
  76:Core/Src/tim.c ****   sConfigOC.OCFastMode = TIM_OCFAST_DISABLE;
 466              		.loc 1 76 3 is_stmt 1 view .LVU128
  76:Core/Src/tim.c ****   sConfigOC.OCFastMode = TIM_OCFAST_DISABLE;
 467              		.loc 1 76 25 is_stmt 0 view .LVU129
 468 0086 1192     		str	r2, [sp, #68]
  77:Core/Src/tim.c ****   sConfigOC.OCIdleState = TIM_OCIDLESTATE_RESET;
 469              		.loc 1 77 3 is_stmt 1 view .LVU130
  77:Core/Src/tim.c ****   sConfigOC.OCIdleState = TIM_OCIDLESTATE_RESET;
 470              		.loc 1 77 24 is_stmt 0 view .LVU131
 471 0088 1292     		str	r2, [sp, #72]
  78:Core/Src/tim.c ****   sConfigOC.OCNIdleState = TIM_OCNIDLESTATE_RESET;
 472              		.loc 1 78 3 is_stmt 1 view .LVU132
  78:Core/Src/tim.c ****   sConfigOC.OCNIdleState = TIM_OCNIDLESTATE_RESET;
 473              		.loc 1 78 25 is_stmt 0 view .LVU133
 474 008a 1392     		str	r2, [sp, #76]
  79:Core/Src/tim.c ****   if (HAL_TIM_PWM_ConfigChannel(&htim1, &sConfigOC, TIM_CHANNEL_1) != HAL_OK)
 475              		.loc 1 79 3 is_stmt 1 view .LVU134
  79:Core/Src/tim.c ****   if (HAL_TIM_PWM_ConfigChannel(&htim1, &sConfigOC, TIM_CHANNEL_1) != HAL_OK)
 476              		.loc 1 79 26 is_stmt 0 view .LVU135
 477 008c 1492     		str	r2, [sp, #80]
  80:Core/Src/tim.c ****   {
 478              		.loc 1 80 3 is_stmt 1 view .LVU136
  80:Core/Src/tim.c ****   {
 479              		.loc 1 80 7 is_stmt 0 view .LVU137
 480 008e 0EA9     		add	r1, sp, #56
 481 0090 1848     		ldr	r0, .L37
 482 0092 FFF7FEFF 		bl	HAL_TIM_PWM_ConfigChannel
 483              	.LVL24:
  80:Core/Src/tim.c ****   {
 484              		.loc 1 80 6 view .LVU138
 485 0096 38BB     		cbnz	r0, .L35
 486              	.L28:
  84:Core/Src/tim.c ****   sBreakDeadTimeConfig.OffStateIDLEMode = TIM_OSSI_DISABLE;
 487              		.loc 1 84 3 is_stmt 1 view .LVU139
  84:Core/Src/tim.c ****   sBreakDeadTimeConfig.OffStateIDLEMode = TIM_OSSI_DISABLE;
 488              		.loc 1 84 40 is_stmt 0 view .LVU140
 489 0098 0023     		movs	r3, #0
 490 009a 0193     		str	r3, [sp, #4]
  85:Core/Src/tim.c ****   sBreakDeadTimeConfig.LockLevel = TIM_LOCKLEVEL_OFF;
 491              		.loc 1 85 3 is_stmt 1 view .LVU141
  85:Core/Src/tim.c ****   sBreakDeadTimeConfig.LockLevel = TIM_LOCKLEVEL_OFF;
 492              		.loc 1 85 41 is_stmt 0 view .LVU142
 493 009c 0293     		str	r3, [sp, #8]
  86:Core/Src/tim.c ****   sBreakDeadTimeConfig.DeadTime = 0;
 494              		.loc 1 86 3 is_stmt 1 view .LVU143
  86:Core/Src/tim.c ****   sBreakDeadTimeConfig.DeadTime = 0;
 495              		.loc 1 86 34 is_stmt 0 view .LVU144
 496 009e 0393     		str	r3, [sp, #12]
  87:Core/Src/tim.c ****   sBreakDeadTimeConfig.BreakState = TIM_BREAK_DISABLE;
 497              		.loc 1 87 3 is_stmt 1 view .LVU145
  87:Core/Src/tim.c ****   sBreakDeadTimeConfig.BreakState = TIM_BREAK_DISABLE;
 498              		.loc 1 87 33 is_stmt 0 view .LVU146
 499 00a0 0493     		str	r3, [sp, #16]
  88:Core/Src/tim.c ****   sBreakDeadTimeConfig.BreakPolarity = TIM_BREAKPOLARITY_HIGH;
ARM GAS  C:\Users\sr1\AppData\Local\Temp\cctGXf2U.s 			page 15


 500              		.loc 1 88 3 is_stmt 1 view .LVU147
  88:Core/Src/tim.c ****   sBreakDeadTimeConfig.BreakPolarity = TIM_BREAKPOLARITY_HIGH;
 501              		.loc 1 88 35 is_stmt 0 view .LVU148
 502 00a2 0593     		str	r3, [sp, #20]
  89:Core/Src/tim.c ****   sBreakDeadTimeConfig.BreakFilter = 0;
 503              		.loc 1 89 3 is_stmt 1 view .LVU149
  89:Core/Src/tim.c ****   sBreakDeadTimeConfig.BreakFilter = 0;
 504              		.loc 1 89 38 is_stmt 0 view .LVU150
 505 00a4 4FF40052 		mov	r2, #8192
 506 00a8 0692     		str	r2, [sp, #24]
  90:Core/Src/tim.c ****   sBreakDeadTimeConfig.BreakAFMode = TIM_BREAK_AFMODE_INPUT;
 507              		.loc 1 90 3 is_stmt 1 view .LVU151
  90:Core/Src/tim.c ****   sBreakDeadTimeConfig.BreakAFMode = TIM_BREAK_AFMODE_INPUT;
 508              		.loc 1 90 36 is_stmt 0 view .LVU152
 509 00aa 0793     		str	r3, [sp, #28]
  91:Core/Src/tim.c ****   sBreakDeadTimeConfig.Break2State = TIM_BREAK2_DISABLE;
 510              		.loc 1 91 3 is_stmt 1 view .LVU153
  91:Core/Src/tim.c ****   sBreakDeadTimeConfig.Break2State = TIM_BREAK2_DISABLE;
 511              		.loc 1 91 36 is_stmt 0 view .LVU154
 512 00ac 0893     		str	r3, [sp, #32]
  92:Core/Src/tim.c ****   sBreakDeadTimeConfig.Break2Polarity = TIM_BREAK2POLARITY_HIGH;
 513              		.loc 1 92 3 is_stmt 1 view .LVU155
  92:Core/Src/tim.c ****   sBreakDeadTimeConfig.Break2Polarity = TIM_BREAK2POLARITY_HIGH;
 514              		.loc 1 92 36 is_stmt 0 view .LVU156
 515 00ae 0993     		str	r3, [sp, #36]
  93:Core/Src/tim.c ****   sBreakDeadTimeConfig.Break2Filter = 0;
 516              		.loc 1 93 3 is_stmt 1 view .LVU157
  93:Core/Src/tim.c ****   sBreakDeadTimeConfig.Break2Filter = 0;
 517              		.loc 1 93 39 is_stmt 0 view .LVU158
 518 00b0 4FF00072 		mov	r2, #33554432
 519 00b4 0A92     		str	r2, [sp, #40]
  94:Core/Src/tim.c ****   sBreakDeadTimeConfig.Break2AFMode = TIM_BREAK_AFMODE_INPUT;
 520              		.loc 1 94 3 is_stmt 1 view .LVU159
  94:Core/Src/tim.c ****   sBreakDeadTimeConfig.Break2AFMode = TIM_BREAK_AFMODE_INPUT;
 521              		.loc 1 94 37 is_stmt 0 view .LVU160
 522 00b6 0B93     		str	r3, [sp, #44]
  95:Core/Src/tim.c ****   sBreakDeadTimeConfig.AutomaticOutput = TIM_AUTOMATICOUTPUT_DISABLE;
 523              		.loc 1 95 3 is_stmt 1 view .LVU161
  95:Core/Src/tim.c ****   sBreakDeadTimeConfig.AutomaticOutput = TIM_AUTOMATICOUTPUT_DISABLE;
 524              		.loc 1 95 37 is_stmt 0 view .LVU162
 525 00b8 0C93     		str	r3, [sp, #48]
  96:Core/Src/tim.c ****   if (HAL_TIMEx_ConfigBreakDeadTime(&htim1, &sBreakDeadTimeConfig) != HAL_OK)
 526              		.loc 1 96 3 is_stmt 1 view .LVU163
  96:Core/Src/tim.c ****   if (HAL_TIMEx_ConfigBreakDeadTime(&htim1, &sBreakDeadTimeConfig) != HAL_OK)
 527              		.loc 1 96 40 is_stmt 0 view .LVU164
 528 00ba 0D93     		str	r3, [sp, #52]
  97:Core/Src/tim.c ****   {
 529              		.loc 1 97 3 is_stmt 1 view .LVU165
  97:Core/Src/tim.c ****   {
 530              		.loc 1 97 7 is_stmt 0 view .LVU166
 531 00bc 01A9     		add	r1, sp, #4
 532 00be 0D48     		ldr	r0, .L37
 533 00c0 FFF7FEFF 		bl	HAL_TIMEx_ConfigBreakDeadTime
 534              	.LVL25:
  97:Core/Src/tim.c ****   {
 535              		.loc 1 97 6 view .LVU167
 536 00c4 98B9     		cbnz	r0, .L36
ARM GAS  C:\Users\sr1\AppData\Local\Temp\cctGXf2U.s 			page 16


 537              	.L29:
 104:Core/Src/tim.c **** 
 538              		.loc 1 104 3 is_stmt 1 view .LVU168
 539 00c6 0B48     		ldr	r0, .L37
 540 00c8 FFF7FEFF 		bl	HAL_TIM_MspPostInit
 541              	.LVL26:
 106:Core/Src/tim.c **** /* TIM7 init function */
 542              		.loc 1 106 1 is_stmt 0 view .LVU169
 543 00cc 1CB0     		add	sp, sp, #112
 544              	.LCFI14:
 545              		.cfi_remember_state
 546              		.cfi_def_cfa_offset 8
 547              		@ sp needed
 548 00ce 10BD     		pop	{r4, pc}
 549              	.L31:
 550              	.LCFI15:
 551              		.cfi_restore_state
  55:Core/Src/tim.c ****   }
 552              		.loc 1 55 5 is_stmt 1 view .LVU170
 553 00d0 FFF7FEFF 		bl	Error_Handler
 554              	.LVL27:
 555 00d4 B9E7     		b	.L24
 556              	.L32:
  60:Core/Src/tim.c ****   }
 557              		.loc 1 60 5 view .LVU171
 558 00d6 FFF7FEFF 		bl	Error_Handler
 559              	.LVL28:
 560 00da BFE7     		b	.L25
 561              	.L33:
  64:Core/Src/tim.c ****   }
 562              		.loc 1 64 5 view .LVU172
 563 00dc FFF7FEFF 		bl	Error_Handler
 564              	.LVL29:
 565 00e0 C1E7     		b	.L26
 566              	.L34:
  71:Core/Src/tim.c ****   }
 567              		.loc 1 71 5 view .LVU173
 568 00e2 FFF7FEFF 		bl	Error_Handler
 569              	.LVL30:
 570 00e6 C8E7     		b	.L27
 571              	.L35:
  82:Core/Src/tim.c ****   }
 572              		.loc 1 82 5 view .LVU174
 573 00e8 FFF7FEFF 		bl	Error_Handler
 574              	.LVL31:
 575 00ec D4E7     		b	.L28
 576              	.L36:
  99:Core/Src/tim.c ****   }
 577              		.loc 1 99 5 view .LVU175
 578 00ee FFF7FEFF 		bl	Error_Handler
 579              	.LVL32:
 580 00f2 E8E7     		b	.L29
 581              	.L38:
 582              		.align	2
 583              	.L37:
 584 00f4 00000000 		.word	htim1
 585 00f8 002C0140 		.word	1073818624
ARM GAS  C:\Users\sr1\AppData\Local\Temp\cctGXf2U.s 			page 17


 586              		.cfi_endproc
 587              	.LFE329:
 589              		.section	.text.HAL_TIM_Base_MspDeInit,"ax",%progbits
 590              		.align	1
 591              		.global	HAL_TIM_Base_MspDeInit
 592              		.syntax unified
 593              		.thumb
 594              		.thumb_func
 596              	HAL_TIM_Base_MspDeInit:
 597              	.LVL33:
 598              	.LFB333:
 202:Core/Src/tim.c **** 
 203:Core/Src/tim.c **** void HAL_TIM_Base_MspDeInit(TIM_HandleTypeDef* tim_baseHandle)
 204:Core/Src/tim.c **** {
 599              		.loc 1 204 1 view -0
 600              		.cfi_startproc
 601              		@ args = 0, pretend = 0, frame = 0
 602              		@ frame_needed = 0, uses_anonymous_args = 0
 603              		.loc 1 204 1 is_stmt 0 view .LVU177
 604 0000 08B5     		push	{r3, lr}
 605              	.LCFI16:
 606              		.cfi_def_cfa_offset 8
 607              		.cfi_offset 3, -8
 608              		.cfi_offset 14, -4
 205:Core/Src/tim.c **** 
 206:Core/Src/tim.c ****   if(tim_baseHandle->Instance==TIM1)
 609              		.loc 1 206 3 is_stmt 1 view .LVU178
 610              		.loc 1 206 20 is_stmt 0 view .LVU179
 611 0002 0368     		ldr	r3, [r0]
 612              		.loc 1 206 5 view .LVU180
 613 0004 0D4A     		ldr	r2, .L45
 614 0006 9342     		cmp	r3, r2
 615 0008 03D0     		beq	.L43
 207:Core/Src/tim.c ****   {
 208:Core/Src/tim.c ****   /* USER CODE BEGIN TIM1_MspDeInit 0 */
 209:Core/Src/tim.c **** 
 210:Core/Src/tim.c ****   /* USER CODE END TIM1_MspDeInit 0 */
 211:Core/Src/tim.c ****     /* Peripheral clock disable */
 212:Core/Src/tim.c ****     __HAL_RCC_TIM1_CLK_DISABLE();
 213:Core/Src/tim.c **** 
 214:Core/Src/tim.c ****     /* TIM1 interrupt Deinit */
 215:Core/Src/tim.c ****     HAL_NVIC_DisableIRQ(TIM1_UP_TIM16_IRQn);
 216:Core/Src/tim.c ****   /* USER CODE BEGIN TIM1_MspDeInit 1 */
 217:Core/Src/tim.c **** 
 218:Core/Src/tim.c ****   /* USER CODE END TIM1_MspDeInit 1 */
 219:Core/Src/tim.c ****   }
 220:Core/Src/tim.c ****   else if(tim_baseHandle->Instance==TIM7)
 616              		.loc 1 220 8 is_stmt 1 view .LVU181
 617              		.loc 1 220 10 is_stmt 0 view .LVU182
 618 000a 0D4A     		ldr	r2, .L45+4
 619 000c 9342     		cmp	r3, r2
 620 000e 0AD0     		beq	.L44
 621              	.LVL34:
 622              	.L39:
 221:Core/Src/tim.c ****   {
 222:Core/Src/tim.c ****   /* USER CODE BEGIN TIM7_MspDeInit 0 */
 223:Core/Src/tim.c **** 
ARM GAS  C:\Users\sr1\AppData\Local\Temp\cctGXf2U.s 			page 18


 224:Core/Src/tim.c ****   /* USER CODE END TIM7_MspDeInit 0 */
 225:Core/Src/tim.c ****     /* Peripheral clock disable */
 226:Core/Src/tim.c ****     __HAL_RCC_TIM7_CLK_DISABLE();
 227:Core/Src/tim.c **** 
 228:Core/Src/tim.c ****     /* TIM7 interrupt Deinit */
 229:Core/Src/tim.c ****     HAL_NVIC_DisableIRQ(TIM7_DAC_IRQn);
 230:Core/Src/tim.c ****   /* USER CODE BEGIN TIM7_MspDeInit 1 */
 231:Core/Src/tim.c **** 
 232:Core/Src/tim.c ****   /* USER CODE END TIM7_MspDeInit 1 */
 233:Core/Src/tim.c ****   }
 234:Core/Src/tim.c **** }
 623              		.loc 1 234 1 view .LVU183
 624 0010 08BD     		pop	{r3, pc}
 625              	.LVL35:
 626              	.L43:
 212:Core/Src/tim.c **** 
 627              		.loc 1 212 5 is_stmt 1 view .LVU184
 628 0012 02F56442 		add	r2, r2, #58368
 629 0016 136E     		ldr	r3, [r2, #96]
 630 0018 23F40063 		bic	r3, r3, #2048
 631 001c 1366     		str	r3, [r2, #96]
 215:Core/Src/tim.c ****   /* USER CODE BEGIN TIM1_MspDeInit 1 */
 632              		.loc 1 215 5 view .LVU185
 633 001e 1920     		movs	r0, #25
 634              	.LVL36:
 215:Core/Src/tim.c ****   /* USER CODE BEGIN TIM1_MspDeInit 1 */
 635              		.loc 1 215 5 is_stmt 0 view .LVU186
 636 0020 FFF7FEFF 		bl	HAL_NVIC_DisableIRQ
 637              	.LVL37:
 638 0024 F4E7     		b	.L39
 639              	.LVL38:
 640              	.L44:
 226:Core/Src/tim.c **** 
 641              		.loc 1 226 5 is_stmt 1 view .LVU187
 642 0026 02F5FE32 		add	r2, r2, #130048
 643 002a 936D     		ldr	r3, [r2, #88]
 644 002c 23F02003 		bic	r3, r3, #32
 645 0030 9365     		str	r3, [r2, #88]
 229:Core/Src/tim.c ****   /* USER CODE BEGIN TIM7_MspDeInit 1 */
 646              		.loc 1 229 5 view .LVU188
 647 0032 3720     		movs	r0, #55
 648              	.LVL39:
 229:Core/Src/tim.c ****   /* USER CODE BEGIN TIM7_MspDeInit 1 */
 649              		.loc 1 229 5 is_stmt 0 view .LVU189
 650 0034 FFF7FEFF 		bl	HAL_NVIC_DisableIRQ
 651              	.LVL40:
 652              		.loc 1 234 1 view .LVU190
 653 0038 EAE7     		b	.L39
 654              	.L46:
 655 003a 00BF     		.align	2
 656              	.L45:
 657 003c 002C0140 		.word	1073818624
 658 0040 00140040 		.word	1073746944
 659              		.cfi_endproc
 660              	.LFE333:
 662              		.global	htim7
 663              		.section	.bss.htim7,"aw",%nobits
ARM GAS  C:\Users\sr1\AppData\Local\Temp\cctGXf2U.s 			page 19


 664              		.align	2
 667              	htim7:
 668 0000 00000000 		.space	76
 668      00000000 
 668      00000000 
 668      00000000 
 668      00000000 
 669              		.global	htim1
 670              		.section	.bss.htim1,"aw",%nobits
 671              		.align	2
 674              	htim1:
 675 0000 00000000 		.space	76
 675      00000000 
 675      00000000 
 675      00000000 
 675      00000000 
 676              		.text
 677              	.Letext0:
 678              		.file 2 "Drivers/CMSIS/Device/ST/STM32G4xx/Include/stm32g474xx.h"
 679              		.file 3 "c:\\program files\\vscodestmtools\\arm-none-eabi-gcc\\12.2.1-1.2.1\\.content\\arm-none-ea
 680              		.file 4 "c:\\program files\\vscodestmtools\\arm-none-eabi-gcc\\12.2.1-1.2.1\\.content\\arm-none-ea
 681              		.file 5 "Drivers/STM32G4xx_HAL_Driver/Inc/stm32g4xx_hal_def.h"
 682              		.file 6 "Drivers/STM32G4xx_HAL_Driver/Inc/stm32g4xx_hal_gpio.h"
 683              		.file 7 "Drivers/STM32G4xx_HAL_Driver/Inc/stm32g4xx_hal_dma.h"
 684              		.file 8 "Drivers/STM32G4xx_HAL_Driver/Inc/stm32g4xx_hal_tim.h"
 685              		.file 9 "Core/Inc/tim.h"
 686              		.file 10 "Drivers/STM32G4xx_HAL_Driver/Inc/stm32g4xx_hal_cortex.h"
 687              		.file 11 "Drivers/STM32G4xx_HAL_Driver/Inc/stm32g4xx_hal_tim_ex.h"
 688              		.file 12 "Core/Inc/main.h"
 689              		.file 13 "<built-in>"
ARM GAS  C:\Users\sr1\AppData\Local\Temp\cctGXf2U.s 			page 20


DEFINED SYMBOLS
                            *ABS*:0000000000000000 tim.c
C:\Users\sr1\AppData\Local\Temp\cctGXf2U.s:21     .text.MX_TIM7_Init:0000000000000000 $t
C:\Users\sr1\AppData\Local\Temp\cctGXf2U.s:27     .text.MX_TIM7_Init:0000000000000000 MX_TIM7_Init
C:\Users\sr1\AppData\Local\Temp\cctGXf2U.s:111    .text.MX_TIM7_Init:0000000000000048 $d
C:\Users\sr1\AppData\Local\Temp\cctGXf2U.s:667    .bss.htim7:0000000000000000 htim7
C:\Users\sr1\AppData\Local\Temp\cctGXf2U.s:117    .text.HAL_TIM_Base_MspInit:0000000000000000 $t
C:\Users\sr1\AppData\Local\Temp\cctGXf2U.s:123    .text.HAL_TIM_Base_MspInit:0000000000000000 HAL_TIM_Base_MspInit
C:\Users\sr1\AppData\Local\Temp\cctGXf2U.s:227    .text.HAL_TIM_Base_MspInit:0000000000000064 $d
C:\Users\sr1\AppData\Local\Temp\cctGXf2U.s:234    .text.HAL_TIM_MspPostInit:0000000000000000 $t
C:\Users\sr1\AppData\Local\Temp\cctGXf2U.s:240    .text.HAL_TIM_MspPostInit:0000000000000000 HAL_TIM_MspPostInit
C:\Users\sr1\AppData\Local\Temp\cctGXf2U.s:325    .text.HAL_TIM_MspPostInit:0000000000000050 $d
C:\Users\sr1\AppData\Local\Temp\cctGXf2U.s:330    .text.MX_TIM1_Init:0000000000000000 $t
C:\Users\sr1\AppData\Local\Temp\cctGXf2U.s:336    .text.MX_TIM1_Init:0000000000000000 MX_TIM1_Init
C:\Users\sr1\AppData\Local\Temp\cctGXf2U.s:584    .text.MX_TIM1_Init:00000000000000f4 $d
C:\Users\sr1\AppData\Local\Temp\cctGXf2U.s:674    .bss.htim1:0000000000000000 htim1
C:\Users\sr1\AppData\Local\Temp\cctGXf2U.s:590    .text.HAL_TIM_Base_MspDeInit:0000000000000000 $t
C:\Users\sr1\AppData\Local\Temp\cctGXf2U.s:596    .text.HAL_TIM_Base_MspDeInit:0000000000000000 HAL_TIM_Base_MspDeInit
C:\Users\sr1\AppData\Local\Temp\cctGXf2U.s:657    .text.HAL_TIM_Base_MspDeInit:000000000000003c $d
C:\Users\sr1\AppData\Local\Temp\cctGXf2U.s:664    .bss.htim7:0000000000000000 $d
C:\Users\sr1\AppData\Local\Temp\cctGXf2U.s:671    .bss.htim1:0000000000000000 $d

UNDEFINED SYMBOLS
HAL_TIM_Base_Init
HAL_TIMEx_MasterConfigSynchronization
Error_Handler
HAL_NVIC_SetPriority
HAL_NVIC_EnableIRQ
HAL_GPIO_Init
memset
HAL_TIM_ConfigClockSource
HAL_TIM_PWM_Init
HAL_TIM_PWM_ConfigChannel
HAL_TIMEx_ConfigBreakDeadTime
HAL_NVIC_DisableIRQ
